#! /usr/bin/vvp
:ivl_version "10.3 (stable)";
:ivl_delay_selection "TYPICAL";
:vpi_time_precision - 12;
:vpi_module "system";
:vpi_module "vhdl_sys";
:vpi_module "v2005_math";
:vpi_module "va_math";
S_0x55555585cdb0 .scope module, "tb_booth8" "tb_booth8" 2 3;
 .timescale -9 -12;
v0x555555876580_0 .var "clk", 0 0;
v0x555555876640_0 .net "done", 0 0, v0x555555875ee0_0;  1 drivers
v0x555555876710_0 .var/s "multiplicand", 7 0;
v0x555555876810_0 .var/s "multiplier", 7 0;
v0x5555558768e0_0 .net/s "product", 15 0, v0x555555876160_0;  1 drivers
v0x555555876980_0 .var "rst", 0 0;
v0x555555876a50_0 .var "start", 0 0;
E_0x55555581fc90 .event edge, v0x555555875ee0_0;
S_0x55555585cf50 .scope module, "uut" "booth8" 2 14, 3 1 0, S_0x55555585cdb0;
 .timescale 0 0;
    .port_info 0 /INPUT 1 "clk"
    .port_info 1 /INPUT 1 "rst"
    .port_info 2 /INPUT 1 "start"
    .port_info 3 /INPUT 8 "multiplicand"
    .port_info 4 /INPUT 8 "multiplier"
    .port_info 5 /OUTPUT 16 "product"
    .port_info 6 /OUTPUT 1 "done"
v0x555555847bb0_0 .var/s "A", 15 0;
v0x5555558759d0_0 .var/s "M", 7 0;
v0x555555875ab0_0 .var/s "Q", 7 0;
v0x555555875b70_0 .var "Q_1", 0 0;
v0x555555875c30_0 .var "busy", 0 0;
v0x555555875d40_0 .net "clk", 0 0, v0x555555876580_0;  1 drivers
v0x555555875e00_0 .var "count", 3 0;
v0x555555875ee0_0 .var "done", 0 0;
v0x555555875fa0_0 .net/s "multiplicand", 7 0, v0x555555876710_0;  1 drivers
v0x555555876080_0 .net/s "multiplier", 7 0, v0x555555876810_0;  1 drivers
v0x555555876160_0 .var/s "product", 15 0;
v0x555555876240_0 .net "rst", 0 0, v0x555555876980_0;  1 drivers
v0x555555876300_0 .net "start", 0 0, v0x555555876a50_0;  1 drivers
v0x5555558763c0_0 .var/s "temp", 24 0;
E_0x555555856720 .event posedge, v0x555555876240_0, v0x555555875d40_0;
    .scope S_0x55555585cf50;
T_0 ;
    %wait E_0x555555856720;
    %load/vec4 v0x555555876240_0;
    %flag_set/vec4 8;
    %jmp/0xz  T_0.0, 8;
    %pushi/vec4 0, 0, 16;
    %assign/vec4 v0x555555847bb0_0, 0;
    %pushi/vec4 0, 0, 8;
    %assign/vec4 v0x555555875ab0_0, 0;
    %pushi/vec4 0, 0, 8;
    %assign/vec4 v0x5555558759d0_0, 0;
    %pushi/vec4 0, 0, 1;
    %assign/vec4 v0x555555875b70_0, 0;
    %pushi/vec4 0, 0, 4;
    %assign/vec4 v0x555555875e00_0, 0;
    %pushi/vec4 0, 0, 1;
    %assign/vec4 v0x555555875c30_0, 0;
    %pushi/vec4 0, 0, 1;
    %assign/vec4 v0x555555875ee0_0, 0;
    %pushi/vec4 0, 0, 16;
    %assign/vec4 v0x555555876160_0, 0;
    %jmp T_0.1;
T_0.0 ;
    %load/vec4 v0x555555876300_0;
    %load/vec4 v0x555555875c30_0;
    %nor/r;
    %and;
    %flag_set/vec4 8;
    %jmp/0xz  T_0.2, 8;
    %pushi/vec4 0, 0, 16;
    %assign/vec4 v0x555555847bb0_0, 0;
    %load/vec4 v0x555555876080_0;
    %assign/vec4 v0x555555875ab0_0, 0;
    %load/vec4 v0x555555875fa0_0;
    %assign/vec4 v0x5555558759d0_0, 0;
    %pushi/vec4 0, 0, 1;
    %assign/vec4 v0x555555875b70_0, 0;
    %pushi/vec4 8, 0, 4;
    %assign/vec4 v0x555555875e00_0, 0;
    %pushi/vec4 1, 0, 1;
    %assign/vec4 v0x555555875c30_0, 0;
    %pushi/vec4 0, 0, 1;
    %assign/vec4 v0x555555875ee0_0, 0;
    %jmp T_0.3;
T_0.2 ;
    %load/vec4 v0x555555875c30_0;
    %flag_set/vec4 8;
    %jmp/0xz  T_0.4, 8;
    %load/vec4 v0x555555875ab0_0;
    %parti/s 1, 0, 2;
    %load/vec4 v0x555555875b70_0;
    %concat/vec4; draw_concat_vec4
    %dup/vec4;
    %pushi/vec4 1, 0, 2;
    %cmp/u;
    %jmp/1 T_0.6, 6;
    %dup/vec4;
    %pushi/vec4 2, 0, 2;
    %cmp/u;
    %jmp/1 T_0.7, 6;
    %load/vec4 v0x555555847bb0_0;
    %load/vec4 v0x555555875ab0_0;
    %concat/vec4; draw_concat_vec4
    %load/vec4 v0x555555875b70_0;
    %concat/vec4; draw_concat_vec4
    %store/vec4 v0x5555558763c0_0, 0, 25;
    %jmp T_0.9;
T_0.6 ;
    %load/vec4 v0x555555847bb0_0;
    %load/vec4 v0x5555558759d0_0;
    %parti/s 1, 7, 4;
    %replicate 8;
    %load/vec4 v0x5555558759d0_0;
    %concat/vec4; draw_concat_vec4
    %add;
    %load/vec4 v0x555555875ab0_0;
    %concat/vec4; draw_concat_vec4
    %load/vec4 v0x555555875b70_0;
    %concat/vec4; draw_concat_vec4
    %store/vec4 v0x5555558763c0_0, 0, 25;
    %jmp T_0.9;
T_0.7 ;
    %load/vec4 v0x555555847bb0_0;
    %load/vec4 v0x5555558759d0_0;
    %parti/s 1, 7, 4;
    %replicate 8;
    %load/vec4 v0x5555558759d0_0;
    %concat/vec4; draw_concat_vec4
    %sub;
    %load/vec4 v0x555555875ab0_0;
    %concat/vec4; draw_concat_vec4
    %load/vec4 v0x555555875b70_0;
    %concat/vec4; draw_concat_vec4
    %store/vec4 v0x5555558763c0_0, 0, 25;
    %jmp T_0.9;
T_0.9 ;
    %pop/vec4 1;
    %load/vec4 v0x5555558763c0_0;
    %ix/load 4, 1, 0;
    %flag_set/imm 4, 0;
    %shiftr/s 4;
    %store/vec4 v0x5555558763c0_0, 0, 25;
    %load/vec4 v0x5555558763c0_0;
    %parti/s 16, 9, 5;
    %assign/vec4 v0x555555847bb0_0, 0;
    %load/vec4 v0x5555558763c0_0;
    %parti/s 8, 1, 2;
    %assign/vec4 v0x555555875ab0_0, 0;
    %load/vec4 v0x5555558763c0_0;
    %parti/s 1, 0, 2;
    %assign/vec4 v0x555555875b70_0, 0;
    %load/vec4 v0x555555875e00_0;
    %subi 1, 0, 4;
    %assign/vec4 v0x555555875e00_0, 0;
    %load/vec4 v0x555555875e00_0;
    %pad/u 32;
    %cmpi/e 1, 0, 32;
    %jmp/0xz  T_0.10, 4;
    %load/vec4 v0x5555558763c0_0;
    %parti/s 16, 9, 5;
    %load/vec4 v0x5555558763c0_0;
    %parti/s 8, 1, 2;
    %concat/vec4; draw_concat_vec4
    %pad/u 16;
    %assign/vec4 v0x555555876160_0, 0;
    %pushi/vec4 0, 0, 1;
    %assign/vec4 v0x555555875c30_0, 0;
    %pushi/vec4 1, 0, 1;
    %assign/vec4 v0x555555875ee0_0, 0;
T_0.10 ;
    %jmp T_0.5;
T_0.4 ;
    %pushi/vec4 0, 0, 1;
    %assign/vec4 v0x555555875ee0_0, 0;
T_0.5 ;
T_0.3 ;
T_0.1 ;
    %jmp T_0;
    .thread T_0;
    .scope S_0x55555585cdb0;
T_1 ;
    %delay 5000, 0;
    %load/vec4 v0x555555876580_0;
    %inv;
    %store/vec4 v0x555555876580_0, 0, 1;
    %jmp T_1;
    .thread T_1;
    .scope S_0x55555585cdb0;
T_2 ;
    %vpi_call 2 28 "$dumpfile", "booth8.vcd" {0 0 0};
    %vpi_call 2 29 "$dumpvars", 32'sb00000000000000000000000000000000, S_0x55555585cdb0 {0 0 0};
    %pushi/vec4 0, 0, 1;
    %store/vec4 v0x555555876580_0, 0, 1;
    %pushi/vec4 1, 0, 1;
    %store/vec4 v0x555555876980_0, 0, 1;
    %pushi/vec4 0, 0, 1;
    %store/vec4 v0x555555876a50_0, 0, 1;
    %delay 10000, 0;
    %pushi/vec4 0, 0, 1;
    %store/vec4 v0x555555876980_0, 0, 1;
    %pushi/vec4 7, 0, 8;
    %store/vec4 v0x555555876710_0, 0, 8;
    %pushi/vec4 253, 0, 8;
    %store/vec4 v0x555555876810_0, 0, 8;
    %pushi/vec4 1, 0, 1;
    %store/vec4 v0x555555876a50_0, 0, 1;
    %delay 10000, 0;
    %pushi/vec4 0, 0, 1;
    %store/vec4 v0x555555876a50_0, 0, 1;
T_2.0 ;
    %load/vec4 v0x555555876640_0;
    %cmpi/ne 1, 0, 1;
    %jmp/0xz T_2.1, 6;
    %wait E_0x55555581fc90;
    %jmp T_2.0;
T_2.1 ;
    %vpi_call 2 42 "$display", "7 * -3 = %d", v0x5555558768e0_0 {0 0 0};
    %delay 20000, 0;
    %pushi/vec4 248, 0, 8;
    %store/vec4 v0x555555876710_0, 0, 8;
    %pushi/vec4 252, 0, 8;
    %store/vec4 v0x555555876810_0, 0, 8;
    %pushi/vec4 1, 0, 1;
    %store/vec4 v0x555555876a50_0, 0, 1;
    %delay 10000, 0;
    %pushi/vec4 0, 0, 1;
    %store/vec4 v0x555555876a50_0, 0, 1;
T_2.2 ;
    %load/vec4 v0x555555876640_0;
    %cmpi/ne 1, 0, 1;
    %jmp/0xz T_2.3, 6;
    %wait E_0x55555581fc90;
    %jmp T_2.2;
T_2.3 ;
    %vpi_call 2 52 "$display", "-8 * -4 = %d", v0x5555558768e0_0 {0 0 0};
    %delay 20000, 0;
    %vpi_call 2 54 "$finish" {0 0 0};
    %end;
    .thread T_2;
# The file index is used to find the file name in the following table.
:file_names 4;
    "N/A";
    "<interactive>";
    "tb_booth8.v";
    "booth8.v";
