Instance name,  X location,  Y location,  Voltage 
FILLER_0_36_193, 94.875, 111.52, 1.79947
output23, 94.875, 106.08, 1.79946
FILLER_0_34_189, 94.875, 106.08, 1.79946
FILLER_0_36_197, 94.875, 106.08, 1.79946
_656_, 94.875, 100.64, 1.79946
hold4, 94.875, 100.64, 1.79946
FILLER_0_32_182, 94.875, 100.64, 1.79946
FILLER_0_32_188, 94.875, 100.64, 1.79946
_622_, 94.875, 95.2, 1.79943
FILLER_0_30_181, 94.875, 95.2, 1.79943
_642_, 94.875, 89.76, 1.79944
_700_, 94.875, 89.76, 1.79944
hold1, 94.875, 89.76, 1.79944
FILLER_0_29_191, 94.875, 89.76, 1.79944
FILLER_0_29_203, 94.875, 89.76, 1.79944
_555_, 94.875, 84.32, 1.79946
_556_, 94.875, 84.32, 1.79946
_673_, 94.875, 84.32, 1.79946
_732_, 94.875, 84.32, 1.79946
wire36, 94.875, 84.32, 1.79946
max_cap1, 94.875, 84.32, 1.79946
FILLER_0_26_183, 94.875, 84.32, 1.79946
FILLER_0_27_187, 94.875, 84.32, 1.79946
FILLER_0_28_201, 94.875, 84.32, 1.79946
_625_, 94.875, 78.88, 1.79948
_626_, 94.875, 78.88, 1.79948
_677_, 94.875, 78.88, 1.79948
_697_, 94.875, 78.88, 1.79948
hold2, 94.875, 78.88, 1.79948
FILLER_0_26_197, 94.875, 78.88, 1.79948
FILLER_0_26_205, 94.875, 78.88, 1.79948
_589_, 94.875, 73.44, 1.79949
_624_, 94.875, 73.44, 1.79949
_629_, 94.875, 73.44, 1.79949
_696_, 94.875, 73.44, 1.79949
FILLER_0_22_184, 94.875, 73.44, 1.79949
FILLER_0_23_181, 94.875, 73.44, 1.79949
FILLER_0_24_202, 94.875, 73.44, 1.79949
_592_, 94.875, 68, 1.79947
_628_, 94.875, 68, 1.79947
FILLER_0_21_205, 94.875, 68, 1.79947
_627_, 94.875, 62.56, 1.79938
_630_, 94.875, 62.56, 1.79938
_631_, 94.875, 62.56, 1.79938
_637_, 94.875, 62.56, 1.79938
hold33, 94.875, 62.56, 1.79938
FILLER_0_19_181, 94.875, 62.56, 1.79938
FILLER_0_20_202, 94.875, 62.56, 1.79938
_557_, 94.875, 57.12, 1.79933
_632_, 94.875, 57.12, 1.79933
_636_, 94.875, 57.12, 1.79933
_695_, 94.875, 57.12, 1.79933
hold9, 94.875, 57.12, 1.79933
FILLER_0_16_188, 94.875, 57.12, 1.79933
FILLER_0_17_202, 94.875, 57.12, 1.79933
_558_, 94.875, 51.68, 1.79931
_623_, 94.875, 51.68, 1.79931
_731_, 94.875, 51.68, 1.79931
FILLER_0_14_189, 94.875, 51.68, 1.79931
FILLER_0_15_193, 94.875, 51.68, 1.79931
FILLER_0_16_197, 94.875, 51.68, 1.79931
FILLER_0_16_208, 94.875, 51.68, 1.79931
_676_, 94.875, 46.24, 1.79924
_699_, 94.875, 46.24, 1.79924
FILLER_0_12_185, 94.875, 46.24, 1.79924
FILLER_0_12_193, 94.875, 46.24, 1.79924
FILLER_0_14_197, 94.875, 46.24, 1.79924
FILLER_0_14_205, 94.875, 46.24, 1.79924
_641_, 94.875, 40.8, 1.79922
_683_, 94.875, 40.8, 1.79922
FILLER_0_10_186, 94.875, 40.8, 1.79922
_616_, 94.875, 35.36, 1.79924
_617_, 94.875, 35.36, 1.79924
_645_, 94.875, 29.92, 1.79922
_649_, 94.875, 29.92, 1.79922
_703_, 94.875, 29.92, 1.79922
hold27, 94.875, 29.92, 1.79922
FILLER_0_7_183, 94.875, 29.92, 1.79922
FILLER_0_7_189, 94.875, 29.92, 1.79922
FILLER_0_4_189, 94.875, 24.48, 1.79921
FILLER_0_2_190, 94.875, 19.04, 1.79922
output22, 94.875, 13.6, 1.79917
hold18, 94.875, 13.6, 1.79917
FILLER_0_0_189, 94.875, 13.6, 1.79917
FILLER_0_36_137, 69.345, 111.52, 1.79947
_746_, 69.345, 106.08, 1.79943
input16, 69.345, 106.08, 1.79943
hold29, 69.345, 106.08, 1.79943
FILLER_0_34_132, 69.345, 106.08, 1.79943
FILLER_0_36_141, 69.345, 106.08, 1.79943
_451_, 69.345, 100.64, 1.79943
_461_, 69.345, 100.64, 1.79943
_693_, 69.345, 100.64, 1.79943
FILLER_0_32_128, 69.345, 100.64, 1.79943
_364_, 69.345, 95.2, 1.79942
_747_, 69.345, 95.2, 1.79942
FILLER_0_31_149, 69.345, 95.2, 1.79942
_453_, 69.345, 89.76, 1.7994
_459_, 69.345, 89.76, 1.7994
_462_, 69.345, 89.76, 1.7994
_463_, 69.345, 89.76, 1.7994
_465_, 69.345, 89.76, 1.7994
_466_, 69.345, 89.76, 1.7994
FILLER_0_28_127, 69.345, 89.76, 1.7994
FILLER_0_28_137, 69.345, 89.76, 1.7994
FILLER_0_30_150, 69.345, 89.76, 1.7994
_659_, 69.345, 84.32, 1.79948
FILLER_0_26_129, 69.345, 84.32, 1.79948
FILLER_0_26_137, 69.345, 84.32, 1.79948
FILLER_0_27_149, 69.345, 84.32, 1.79948
_595_, 69.345, 78.88, 1.79946
_715_, 69.345, 78.88, 1.79946
FILLER_0_24_134, 69.345, 78.88, 1.79946
FILLER_0_25_141, 69.345, 78.88, 1.79946
_405_, 69.345, 73.44, 1.79948
_521_, 69.345, 73.44, 1.79948
_522_, 69.345, 73.44, 1.79948
FILLER_0_24_148, 69.345, 73.44, 1.79948
_368_, 69.345, 68, 1.79946
_369_, 69.345, 68, 1.79946
_377_, 69.345, 68, 1.79946
_398_, 69.345, 68, 1.79946
_573_, 69.345, 68, 1.79946
FILLER_0_22_148, 69.345, 68, 1.79946
_394_, 69.345, 62.56, 1.79935
_395_, 69.345, 62.56, 1.79935
_396_, 69.345, 62.56, 1.79935
_402_, 69.345, 62.56, 1.79935
_404_, 69.345, 62.56, 1.79935
FILLER_0_19_128, 69.345, 62.56, 1.79935
FILLER_0_20_141, 69.345, 62.56, 1.79935
_375_, 69.345, 57.12, 1.79932
_376_, 69.345, 57.12, 1.79932
_438_, 69.345, 57.12, 1.79932
FILLER_0_17_125, 69.345, 57.12, 1.79932
_367_, 69.345, 51.68, 1.79929
_371_, 69.345, 51.68, 1.79929
FILLER_0_14_134, 69.345, 51.68, 1.79929
_433_, 69.345, 46.24, 1.79921
_434_, 69.345, 46.24, 1.79921
_534_, 69.345, 46.24, 1.79921
FILLER_0_12_132, 69.345, 46.24, 1.79921
FILLER_0_13_133, 69.345, 46.24, 1.79921
FILLER_0_13_149, 69.345, 46.24, 1.79921
FILLER_0_14_141, 69.345, 46.24, 1.79921
_378_, 69.345, 40.8, 1.79915
_379_, 69.345, 40.8, 1.79915
_381_, 69.345, 40.8, 1.79915
_388_, 69.345, 40.8, 1.79915
_430_, 69.345, 40.8, 1.79915
_431_, 69.345, 40.8, 1.79915
_432_, 69.345, 40.8, 1.79915
_535_, 69.345, 40.8, 1.79915
FILLER_0_11_147, 69.345, 40.8, 1.79915
_380_, 69.345, 35.36, 1.79918
_382_, 69.345, 35.36, 1.79918
_383_, 69.345, 35.36, 1.79918
_385_, 69.345, 35.36, 1.79918
_391_, 69.345, 35.36, 1.79918
_536_, 69.345, 35.36, 1.79918
FILLER_0_8_133, 69.345, 35.36, 1.79918
FILLER_0_9_151, 69.345, 35.36, 1.79918
_667_, 69.345, 24.48, 1.79918
_682_, 69.345, 24.48, 1.79918
_736_, 69.345, 24.48, 1.79918
FILLER_0_4_132, 69.345, 24.48, 1.79918
FILLER_0_6_145, 69.345, 24.48, 1.79918
_537_, 69.345, 19.04, 1.79916
_597_, 69.345, 19.04, 1.79916
_663_, 69.345, 19.04, 1.79916
hold16, 69.345, 19.04, 1.79916
hold20, 69.345, 19.04, 1.79916
FILLER_0_2_131, 69.345, 19.04, 1.79916
FILLER_0_3_140, 69.345, 19.04, 1.79916
_604_, 69.345, 13.6, 1.79915
_605_, 69.345, 13.6, 1.79915
_652_, 69.345, 13.6, 1.79915
_709_, 69.345, 13.6, 1.79915
_714_, 69.345, 13.6, 1.79915
input2, 69.345, 13.6, 1.79915
FILLER_0_0_125, 69.345, 13.6, 1.79915
FILLER_0_0_132, 69.345, 13.6, 1.79915
FILLER_0_1_150, 69.345, 13.6, 1.79915
_606_, 43.815, 106.08, 1.79935
_708_, 43.815, 106.08, 1.79935
output33, 43.815, 106.08, 1.79935
hold26, 43.815, 106.08, 1.79935
FILLER_0_34_70, 43.815, 106.08, 1.79935
FILLER_0_36_85, 43.815, 106.08, 1.79935
_441_, 43.815, 100.64, 1.79937
_744_, 43.815, 100.64, 1.79937
FILLER_0_33_81, 43.815, 100.64, 1.79937
FILLER_0_34_97, 43.815, 100.64, 1.79937
_487_, 43.815, 95.2, 1.79936
_488_, 43.815, 95.2, 1.79936
_494_, 43.815, 95.2, 1.79936
_496_, 43.815, 95.2, 1.79936
FILLER_0_31_83, 43.815, 95.2, 1.79936
FILLER_0_32_85, 43.815, 95.2, 1.79936
_365_, 43.815, 89.76, 1.79935
_489_, 43.815, 89.76, 1.79935
FILLER_0_28_80, 43.815, 89.76, 1.79935
_443_, 43.815, 84.32, 1.79935
_471_, 43.815, 84.32, 1.79935
_485_, 43.815, 84.32, 1.79935
_486_, 43.815, 84.32, 1.79935
_492_, 43.815, 84.32, 1.79935
FILLER_0_26_72, 43.815, 84.32, 1.79935
FILLER_0_26_80, 43.815, 84.32, 1.79935
FILLER_0_27_89, 43.815, 84.32, 1.79935
FILLER_0_28_85, 43.815, 84.32, 1.79935
_444_, 43.815, 78.88, 1.7993
_483_, 43.815, 78.88, 1.7993
_484_, 43.815, 78.88, 1.7993
_504_, 43.815, 78.88, 1.7993
clkbuf_2_2__f_clk, 43.815, 78.88, 1.7993
FILLER_0_25_70, 43.815, 78.88, 1.7993
FILLER_0_25_93, 43.815, 78.88, 1.7993
FILLER_0_26_85, 43.815, 78.88, 1.7993
_361_, 43.815, 73.44, 1.79933
_363_, 43.815, 73.44, 1.79933
_491_, 43.815, 73.44, 1.79933
_585_, 43.815, 73.44, 1.79933
FILLER_0_22_80, 43.815, 73.44, 1.79933
FILLER_0_23_71, 43.815, 73.44, 1.79933
FILLER_0_23_81, 43.815, 73.44, 1.79933
FILLER_0_23_89, 43.815, 73.44, 1.79933
FILLER_0_24_93, 43.815, 73.44, 1.79933
_574_, 43.815, 68, 1.79934
_587_, 43.815, 68, 1.79934
_724_, 43.815, 68, 1.79934
FILLER_0_20_81, 43.815, 68, 1.79934
FILLER_0_21_70, 43.815, 68, 1.79934
FILLER_0_21_95, 43.815, 68, 1.79934
FILLER_0_22_85, 43.815, 68, 1.79934
_455_, 43.815, 62.56, 1.79927
_669_, 43.815, 62.56, 1.79927
_717_, 43.815, 62.56, 1.79927
FILLER_0_18_77, 43.815, 62.56, 1.79927
FILLER_0_19_87, 43.815, 62.56, 1.79927
FILLER_0_20_88, 43.815, 62.56, 1.79927
FILLER_0_20_96, 43.815, 62.56, 1.79927
_426_, 43.815, 57.12, 1.79927
_538_, 43.815, 57.12, 1.79927
_543_, 43.815, 57.12, 1.79927
FILLER_0_18_97, 43.815, 57.12, 1.79927
_408_, 43.815, 51.68, 1.79918
_414_, 43.815, 51.68, 1.79918
_423_, 43.815, 51.68, 1.79918
_429_, 43.815, 51.68, 1.79918
_539_, 43.815, 51.68, 1.79918
_540_, 43.815, 51.68, 1.79918
FILLER_0_14_80, 43.815, 51.68, 1.79918
FILLER_0_15_80, 43.815, 51.68, 1.79918
_407_, 43.815, 46.24, 1.79917
_412_, 43.815, 46.24, 1.79917
_413_, 43.815, 46.24, 1.79917
_422_, 43.815, 46.24, 1.79917
FILLER_0_12_78, 43.815, 46.24, 1.79917
FILLER_0_13_87, 43.815, 46.24, 1.79917
FILLER_0_14_91, 43.815, 46.24, 1.79917
_353_, 43.815, 40.8, 1.79913
_419_, 43.815, 40.8, 1.79913
_464_, 43.815, 40.8, 1.79913
_549_, 43.815, 40.8, 1.79913
FILLER_0_11_89, 43.815, 40.8, 1.79913
_415_, 43.815, 35.36, 1.79915
_416_, 43.815, 35.36, 1.79915
_417_, 43.815, 35.36, 1.79915
_418_, 43.815, 35.36, 1.79915
_421_, 43.815, 35.36, 1.79915
FILLER_0_9_90, 43.815, 35.36, 1.79915
FILLER_0_10_85, 43.815, 35.36, 1.79915
_565_, 43.815, 29.92, 1.7991
_568_, 43.815, 29.92, 1.7991
_672_, 43.815, 29.92, 1.7991
clkbuf_2_0__f_clk, 43.815, 29.92, 1.7991
_566_, 43.815, 24.48, 1.79914
_579_, 43.815, 24.48, 1.79914
_726_, 43.815, 24.48, 1.79914
_727_, 43.815, 24.48, 1.79914
FILLER_0_4_79, 43.815, 24.48, 1.79914
FILLER_0_5_74, 43.815, 24.48, 1.79914
FILLER_0_5_82, 43.815, 24.48, 1.79914
_580_, 43.815, 19.04, 1.79913
_721_, 43.815, 19.04, 1.79913
FILLER_0_3_70, 43.815, 19.04, 1.79913
FILLER_0_3_93, 43.815, 19.04, 1.79913
_614_, 43.815, 13.6, 1.79914
_615_, 43.815, 13.6, 1.79914
_665_, 43.815, 13.6, 1.79914
_704_, 43.815, 13.6, 1.79914
input3, 43.815, 13.6, 1.79914
FILLER_0_0_76, 43.815, 13.6, 1.79914
FILLER_0_1_85, 43.815, 13.6, 1.79914
input1, 18.285, 106.08, 1.79934
FILLER_0_35_38, 18.285, 106.08, 1.79934
FILLER_0_36_29, 18.285, 106.08, 1.79934
_646_, 18.285, 100.64, 1.79937
FILLER_0_33_15, 18.285, 100.64, 1.79937
_635_, 18.285, 95.2, 1.79933
_743_, 18.285, 95.2, 1.79933
FILLER_0_32_29, 18.285, 95.2, 1.79933
_612_, 18.285, 89.76, 1.79932
_648_, 18.285, 89.76, 1.79932
_679_, 18.285, 89.76, 1.79932
_742_, 18.285, 89.76, 1.79932
FILLER_0_28_25, 18.285, 89.76, 1.79932
FILLER_0_30_29, 18.285, 89.76, 1.79932
_657_, 18.285, 84.32, 1.79933
_668_, 18.285, 84.32, 1.79933
_688_, 18.285, 84.32, 1.79933
hold21, 18.285, 84.32, 1.79933
hold25, 18.285, 84.32, 1.79933
FILLER_0_26_17, 18.285, 84.32, 1.79933
FILLER_0_27_15, 18.285, 84.32, 1.79933
FILLER_0_28_37, 18.285, 84.32, 1.79933
_510_, 18.285, 78.88, 1.79929
_620_, 18.285, 78.88, 1.79929
_643_, 18.285, 78.88, 1.79929
_687_, 18.285, 78.88, 1.79929
_741_, 18.285, 78.88, 1.79929
FILLER_0_24_22, 18.285, 78.88, 1.79929
FILLER_0_25_33, 18.285, 78.88, 1.79929
_718_, 18.285, 73.44, 1.79935
FILLER_0_23_15, 18.285, 73.44, 1.79935
FILLER_0_24_41, 18.285, 73.44, 1.79935
_601_, 18.285, 68, 1.79931
_654_, 18.285, 68, 1.79931
_662_, 18.285, 68, 1.79931
hold5, 18.285, 68, 1.79931
FILLER_0_22_29, 18.285, 68, 1.79931
_514_, 18.285, 62.56, 1.79925
_593_, 18.285, 62.56, 1.79925
_594_, 18.285, 62.56, 1.79925
_740_, 18.285, 62.56, 1.79925
FILLER_0_18_23, 18.285, 62.56, 1.79925
FILLER_0_19_27, 18.285, 62.56, 1.79925
FILLER_0_20_29, 18.285, 62.56, 1.79925
_675_, 18.285, 57.12, 1.79925
_716_, 18.285, 57.12, 1.79925
FILLER_0_16_21, 18.285, 57.12, 1.79925
_653_, 18.285, 51.68, 1.79918
_735_, 18.285, 51.68, 1.79918
_544_, 18.285, 46.24, 1.79917
_602_, 18.285, 46.24, 1.79917
hold22, 18.285, 46.24, 1.79917
FILLER_0_13_14, 18.285, 46.24, 1.79917
_569_, 18.285, 40.8, 1.79917
_570_, 18.285, 40.8, 1.79917
_674_, 18.285, 40.8, 1.79917
_725_, 18.285, 40.8, 1.79917
FILLER_0_11_22, 18.285, 40.8, 1.79917
_670_, 18.285, 35.36, 1.79914
_734_, 18.285, 35.36, 1.79914
FILLER_0_9_27, 18.285, 35.36, 1.79914
FILLER_0_10_29, 18.285, 35.36, 1.79914
_619_, 18.285, 29.92, 1.79914
_702_, 18.285, 29.92, 1.79914
hold24, 18.285, 29.92, 1.79914
FILLER_0_6_25, 18.285, 29.92, 1.79914
_618_, 18.285, 24.48, 1.79916
FILLER_0_6_38, 18.285, 24.48, 1.79916
_591_, 18.285, 19.04, 1.79912
_722_, 18.285, 19.04, 1.79912
FILLER_0_3_27, 18.285, 19.04, 1.79912
output25, 18.285, 13.6, 1.79915
FILLER_0_0_21, 18.285, 13.6, 1.79915
FILLER_0_2_41, 18.285, 13.6, 1.79915
PHY_72, 5.52, 111.52, 1.79939
PHY_73, 107.64, 111.52, 1.79944
input8, 107.64, 111.52, 1.79944
output31, 107.64, 111.52, 1.79944
FILLER_0_36_53, 31.05, 111.52, 1.79941
FILLER_0_36_165, 82.11, 111.52, 1.79947
_634_, 5.52, 106.08, 1.7993
PHY_68, 5.52, 106.08, 1.7993
PHY_70, 5.52, 106.08, 1.7993
input10, 5.52, 106.08, 1.7993
input17, 5.52, 106.08, 1.7993
output21, 5.52, 106.08, 1.7993
FILLER_0_35_3, 5.52, 106.08, 1.7993
PHY_69, 107.64, 106.08, 1.79946
PHY_71, 107.64, 106.08, 1.79946
FILLER_0_34_209, 107.64, 106.08, 1.79946
_607_, 31.05, 106.08, 1.79931
_608_, 31.05, 106.08, 1.79931
_609_, 31.05, 106.08, 1.79931
_707_, 31.05, 106.08, 1.79931
output32, 31.05, 106.08, 1.79931
FILLER_0_35_46, 31.05, 106.08, 1.79931
FILLER_0_35_52, 31.05, 106.08, 1.79931
FILLER_0_35_66, 31.05, 106.08, 1.79931
FILLER_0_36_57, 31.05, 106.08, 1.79931
_651_, 56.58, 106.08, 1.79938
_691_, 56.58, 106.08, 1.79938
_745_, 56.58, 106.08, 1.79938
input9, 56.58, 106.08, 1.79938
FILLER_0_35_103, 56.58, 106.08, 1.79938
FILLER_0_35_116, 56.58, 106.08, 1.79938
FILLER_0_36_113, 56.58, 106.08, 1.79938
_692_, 82.11, 106.08, 1.79944
input4, 82.11, 106.08, 1.79944
FILLER_0_36_169, 82.11, 106.08, 1.79944
PHY_64, 5.52, 100.64, 1.79937
PHY_66, 5.52, 100.64, 1.79937
PHY_65, 107.64, 100.64, 1.79946
PHY_67, 107.64, 100.64, 1.79946
FILLER_0_32_209, 107.64, 100.64, 1.79946
FILLER_0_33_216, 107.64, 100.64, 1.79946
_497_, 31.05, 100.64, 1.79936
_650_, 31.05, 100.64, 1.79936
hold19, 31.05, 100.64, 1.79936
FILLER_0_33_45, 31.05, 100.64, 1.79936
FILLER_0_33_57, 31.05, 100.64, 1.79936
_445_, 56.58, 100.64, 1.79937
_469_, 56.58, 100.64, 1.79937
_478_, 56.58, 100.64, 1.79937
_479_, 56.58, 100.64, 1.79937
_690_, 56.58, 100.64, 1.79937
hold23, 56.58, 100.64, 1.79937
_713_, 82.11, 100.64, 1.79944
FILLER_0_33_161, 82.11, 100.64, 1.79944
FILLER_0_33_169, 82.11, 100.64, 1.79944
PHY_60, 5.52, 95.2, 1.7993
PHY_62, 5.52, 95.2, 1.7993
output30, 5.52, 95.2, 1.7993
PHY_61, 107.64, 95.2, 1.7994
PHY_63, 107.64, 95.2, 1.7994
output19, 107.64, 95.2, 1.7994
FILLER_0_31_210, 107.64, 95.2, 1.7994
_493_, 31.05, 95.2, 1.79932
_495_, 31.05, 95.2, 1.79932
_498_, 31.05, 95.2, 1.79932
_499_, 31.05, 95.2, 1.79932
_689_, 31.05, 95.2, 1.79932
hold14, 31.05, 95.2, 1.79932
FILLER_0_30_48, 31.05, 95.2, 1.79932
FILLER_0_31_48, 31.05, 95.2, 1.79932
FILLER_0_31_57, 31.05, 95.2, 1.79932
FILLER_0_32_57, 31.05, 95.2, 1.79932
_446_, 56.58, 95.2, 1.79938
_468_, 56.58, 95.2, 1.79938
_477_, 56.58, 95.2, 1.79938
FILLER_0_32_118, 56.58, 95.2, 1.79938
_460_, 82.11, 95.2, 1.79938
_598_, 82.11, 95.2, 1.79938
_633_, 82.11, 95.2, 1.79938
_640_, 82.11, 95.2, 1.79938
_698_, 82.11, 95.2, 1.79938
FILLER_0_31_165, 82.11, 95.2, 1.79938
_705_, 5.52, 89.76, 1.79929
PHY_56, 5.52, 89.76, 1.79929
PHY_58, 5.52, 89.76, 1.79929
FILLER_0_29_3, 5.52, 89.76, 1.79929
PHY_57, 107.64, 89.76, 1.79944
PHY_59, 107.64, 89.76, 1.79944
FILLER_0_29_214, 107.64, 89.76, 1.79944
_501_, 31.05, 89.76, 1.79931
_502_, 31.05, 89.76, 1.79931
_503_, 31.05, 89.76, 1.79931
FILLER_0_28_55, 31.05, 89.76, 1.79931
FILLER_0_29_53, 31.05, 89.76, 1.79931
_449_, 56.58, 89.76, 1.79934
_450_, 56.58, 89.76, 1.79934
_472_, 56.58, 89.76, 1.79934
_474_, 56.58, 89.76, 1.79934
_475_, 56.58, 89.76, 1.79934
FILLER_0_28_111, 56.58, 89.76, 1.79934
FILLER_0_29_105, 56.58, 89.76, 1.79934
FILLER_0_29_119, 56.58, 89.76, 1.79934
_362_, 82.11, 89.76, 1.79938
_456_, 82.11, 89.76, 1.79938
_590_, 82.11, 89.76, 1.79938
_613_, 5.52, 84.32, 1.79933
PHY_52, 5.52, 84.32, 1.79933
PHY_54, 5.52, 84.32, 1.79933
FILLER_0_28_3, 5.52, 84.32, 1.79933
PHY_53, 107.64, 84.32, 1.79945
PHY_55, 107.64, 84.32, 1.79945
input13, 107.64, 84.32, 1.79945
FILLER_0_26_211, 107.64, 84.32, 1.79945
_442_, 31.05, 84.32, 1.79931
_490_, 31.05, 84.32, 1.79931
_500_, 31.05, 84.32, 1.79931
FILLER_0_27_57, 31.05, 84.32, 1.79931
_447_, 56.58, 84.32, 1.79939
_448_, 56.58, 84.32, 1.79939
_470_, 56.58, 84.32, 1.79939
_476_, 56.58, 84.32, 1.79939
_563_, 82.11, 84.32, 1.79944
_564_, 82.11, 84.32, 1.79944
_728_, 82.11, 84.32, 1.79944
hold13, 82.11, 84.32, 1.79944
FILLER_0_27_169, 82.11, 84.32, 1.79944
_701_, 5.52, 78.88, 1.79924
PHY_48, 5.52, 78.88, 1.79924
PHY_50, 5.52, 78.88, 1.79924
output20, 5.52, 78.88, 1.79924
FILLER_0_26_9, 5.52, 78.88, 1.79924
_638_, 107.64, 78.88, 1.79948
_639_, 107.64, 78.88, 1.79948
PHY_49, 107.64, 78.88, 1.79948
PHY_51, 107.64, 78.88, 1.79948
FILLER_0_24_213, 107.64, 78.88, 1.79948
_440_, 31.05, 78.88, 1.79928
_508_, 31.05, 78.88, 1.79928
FILLER_0_25_48, 31.05, 78.88, 1.79928
FILLER_0_25_62, 31.05, 78.88, 1.79928
FILLER_0_26_64, 31.05, 78.88, 1.79928
_359_, 56.58, 78.88, 1.7993
_452_, 56.58, 78.88, 1.7993
_473_, 56.58, 78.88, 1.7993
clkbuf_2_3__f_clk, 56.58, 78.88, 1.7993
FILLER_0_25_113, 56.58, 78.88, 1.7993
_685_, 82.11, 78.88, 1.79945
_739_, 82.11, 78.88, 1.79945
FILLER_0_25_159, 82.11, 78.88, 1.79945
_621_, 5.52, 73.44, 1.79934
PHY_44, 5.52, 73.44, 1.79934
PHY_46, 5.52, 73.44, 1.79934
FILLER_0_24_3, 5.52, 73.44, 1.79934
FILLER_0_24_13, 5.52, 73.44, 1.79934
PHY_45, 107.64, 73.44, 1.79948
PHY_47, 107.64, 73.44, 1.79948
hold6, 107.64, 73.44, 1.79948
_505_, 31.05, 73.44, 1.79932
_506_, 31.05, 73.44, 1.79932
_507_, 31.05, 73.44, 1.79932
_586_, 31.05, 73.44, 1.79932
FILLER_0_22_51, 31.05, 73.44, 1.79932
FILLER_0_23_50, 31.05, 73.44, 1.79932
FILLER_0_23_60, 31.05, 73.44, 1.79932
_358_, 56.58, 73.44, 1.79933
_360_, 56.58, 73.44, 1.79933
_482_, 56.58, 73.44, 1.79933
_509_, 56.58, 73.44, 1.79933
_588_, 56.58, 73.44, 1.79933
FILLER_0_23_104, 56.58, 73.44, 1.79933
FILLER_0_23_113, 56.58, 73.44, 1.79933
_458_, 82.11, 73.44, 1.79946
_519_, 82.11, 73.44, 1.79946
_520_, 82.11, 73.44, 1.79946
hold12, 82.11, 73.44, 1.79946
FILLER_0_22_156, 82.11, 73.44, 1.79946
FILLER_0_23_165, 82.11, 73.44, 1.79946
FILLER_0_24_180, 82.11, 73.44, 1.79946
_711_, 5.52, 68, 1.79928
PHY_40, 5.52, 68, 1.79928
PHY_42, 5.52, 68, 1.79928
PHY_41, 107.64, 68, 1.79946
PHY_43, 107.64, 68, 1.79946
input7, 107.64, 68, 1.79946
hold32, 107.64, 68, 1.79946
FILLER_0_21_213, 107.64, 68, 1.79946
_439_, 31.05, 68, 1.79929
_511_, 31.05, 68, 1.79929
_512_, 31.05, 68, 1.79929
_686_, 31.05, 68, 1.79929
FILLER_0_21_48, 31.05, 68, 1.79929
FILLER_0_22_65, 31.05, 68, 1.79929
_397_, 56.58, 68, 1.79935
_400_, 56.58, 68, 1.79935
_480_, 56.58, 68, 1.79935
_481_, 56.58, 68, 1.79935
_523_, 56.58, 68, 1.79935
_661_, 56.58, 68, 1.79935
FILLER_0_20_108, 56.58, 68, 1.79935
FILLER_0_21_108, 56.58, 68, 1.79935
FILLER_0_21_113, 56.58, 68, 1.79935
FILLER_0_22_124, 56.58, 68, 1.79935
_406_, 82.11, 68, 1.79944
_457_, 82.11, 68, 1.79944
_518_, 82.11, 68, 1.79944
FILLER_0_21_164, 82.11, 68, 1.79944
FILLER_0_22_169, 82.11, 68, 1.79944
PHY_36, 5.52, 62.56, 1.79925
PHY_38, 5.52, 62.56, 1.79925
input6, 5.52, 62.56, 1.79925
FILLER_0_20_6, 5.52, 62.56, 1.79925
PHY_37, 107.64, 62.56, 1.79937
PHY_39, 107.64, 62.56, 1.79937
hold7, 107.64, 62.56, 1.79937
_513_, 31.05, 62.56, 1.79923
hold3, 31.05, 62.56, 1.79923
hold30, 31.05, 62.56, 1.79923
FILLER_0_19_65, 31.05, 62.56, 1.79923
FILLER_0_20_57, 31.05, 62.56, 1.79923
_399_, 56.58, 62.56, 1.79924
_401_, 56.58, 62.56, 1.79924
clkbuf_0_clk, 56.58, 62.56, 1.79924
FILLER_0_19_113, 56.58, 62.56, 1.79924
_403_, 82.11, 62.56, 1.79933
_516_, 82.11, 62.56, 1.79933
_517_, 82.11, 62.56, 1.79933
_554_, 82.11, 62.56, 1.79933
FILLER_0_18_153, 82.11, 62.56, 1.79933
FILLER_0_18_166, 82.11, 62.56, 1.79933
FILLER_0_20_176, 82.11, 62.56, 1.79933
_560_, 5.52, 57.12, 1.79921
_730_, 5.52, 57.12, 1.79921
PHY_32, 5.52, 57.12, 1.79921
PHY_34, 5.52, 57.12, 1.79921
FILLER_0_18_3, 5.52, 57.12, 1.79921
PHY_33, 107.64, 57.12, 1.79932
PHY_35, 107.64, 57.12, 1.79932
input18, 107.64, 57.12, 1.79932
_542_, 31.05, 57.12, 1.79925
_660_, 31.05, 57.12, 1.79925
FILLER_0_17_51, 31.05, 57.12, 1.79925
FILLER_0_17_57, 31.05, 57.12, 1.79925
_350_, 56.58, 57.12, 1.79924
_372_, 56.58, 57.12, 1.79924
_373_, 56.58, 57.12, 1.79924
_467_, 56.58, 57.12, 1.79924
_515_, 82.11, 57.12, 1.79927
_524_, 82.11, 57.12, 1.79927
_525_, 82.11, 57.12, 1.79927
_526_, 82.11, 57.12, 1.79927
_694_, 82.11, 57.12, 1.79927
FILLER_0_17_176, 82.11, 57.12, 1.79927
_559_, 5.52, 51.68, 1.79915
PHY_28, 5.52, 51.68, 1.79915
PHY_30, 5.52, 51.68, 1.79915
output35, 5.52, 51.68, 1.79915
PHY_29, 107.64, 51.68, 1.79931
PHY_31, 107.64, 51.68, 1.79931
FILLER_0_14_211, 107.64, 51.68, 1.79931
_409_, 31.05, 51.68, 1.79912
_428_, 31.05, 51.68, 1.79912
_541_, 31.05, 51.68, 1.79912
_681_, 31.05, 51.68, 1.79912
hold8, 31.05, 51.68, 1.79912
FILLER_0_15_49, 31.05, 51.68, 1.79912
_352_, 56.58, 51.68, 1.79919
_355_, 56.58, 51.68, 1.79919
_357_, 56.58, 51.68, 1.79919
_374_, 56.58, 51.68, 1.79919
_410_, 56.58, 51.68, 1.79919
_425_, 56.58, 51.68, 1.79919
FILLER_0_15_107, 56.58, 51.68, 1.79919
FILLER_0_15_113, 56.58, 51.68, 1.79919
FILLER_0_16_116, 56.58, 51.68, 1.79919
_528_, 82.11, 51.68, 1.79929
FILLER_0_15_164, 82.11, 51.68, 1.79929
_603_, 5.52, 46.24, 1.79914
_710_, 5.52, 46.24, 1.79914
PHY_24, 5.52, 46.24, 1.79914
PHY_26, 5.52, 46.24, 1.79914
FILLER_0_13_3, 5.52, 46.24, 1.79914
PHY_25, 107.64, 46.24, 1.79924
PHY_27, 107.64, 46.24, 1.79924
FILLER_0_12_213, 107.64, 46.24, 1.79924
FILLER_0_13_209, 107.64, 46.24, 1.79924
_427_, 31.05, 46.24, 1.79913
_545_, 31.05, 46.24, 1.79913
_547_, 31.05, 46.24, 1.79913
_572_, 31.05, 46.24, 1.79913
FILLER_0_13_50, 31.05, 46.24, 1.79913
FILLER_0_13_57, 31.05, 46.24, 1.79913
FILLER_0_14_56, 31.05, 46.24, 1.79913
FILLER_0_14_67, 31.05, 46.24, 1.79913
_349_, 56.58, 46.24, 1.79914
_351_, 56.58, 46.24, 1.79914
_354_, 56.58, 46.24, 1.79914
_356_, 56.58, 46.24, 1.79914
_411_, 56.58, 46.24, 1.79914
FILLER_0_12_100, 56.58, 46.24, 1.79914
FILLER_0_13_102, 56.58, 46.24, 1.79914
FILLER_0_13_113, 56.58, 46.24, 1.79914
_437_, 82.11, 46.24, 1.79916
_529_, 82.11, 46.24, 1.79916
_530_, 82.11, 46.24, 1.79916
_531_, 82.11, 46.24, 1.79916
hold11, 82.11, 46.24, 1.79916
FILLER_0_12_156, 82.11, 46.24, 1.79916
FILLER_0_14_178, 82.11, 46.24, 1.79916
_561_, 5.52, 40.8, 1.79915
_562_, 5.52, 40.8, 1.79915
PHY_20, 5.52, 40.8, 1.79915
PHY_22, 5.52, 40.8, 1.79915
input5, 5.52, 40.8, 1.79915
PHY_21, 107.64, 40.8, 1.79919
PHY_23, 107.64, 40.8, 1.79919
output28, 107.64, 40.8, 1.79919
FILLER_0_10_209, 107.64, 40.8, 1.79919
FILLER_0_11_210, 107.64, 40.8, 1.79919
_546_, 31.05, 40.8, 1.79914
_571_, 31.05, 40.8, 1.79914
FILLER_0_10_50, 31.05, 40.8, 1.79914
FILLER_0_11_48, 31.05, 40.8, 1.79914
FILLER_0_11_57, 31.05, 40.8, 1.79914
_347_, 56.58, 40.8, 1.79909
_366_, 56.58, 40.8, 1.79909
_370_, 56.58, 40.8, 1.79909
_424_, 56.58, 40.8, 1.79909
_454_, 56.58, 40.8, 1.79909
FILLER_0_11_105, 56.58, 40.8, 1.79909
_384_, 82.11, 40.8, 1.79912
_393_, 82.11, 40.8, 1.79912
_436_, 82.11, 40.8, 1.79912
_532_, 82.11, 40.8, 1.79912
_533_, 82.11, 40.8, 1.79912
_737_, 82.11, 40.8, 1.79912
FILLER_0_11_169, 82.11, 40.8, 1.79912
FILLER_0_12_169, 82.11, 40.8, 1.79912
_729_, 5.52, 35.36, 1.7991
PHY_16, 5.52, 35.36, 1.7991
PHY_18, 5.52, 35.36, 1.7991
PHY_17, 107.64, 35.36, 1.79924
PHY_19, 107.64, 35.36, 1.79924
_420_, 31.05, 35.36, 1.79911
_550_, 31.05, 35.36, 1.79911
_551_, 31.05, 35.36, 1.79911
_552_, 31.05, 35.36, 1.79911
_680_, 31.05, 35.36, 1.79911
FILLER_0_8_46, 31.05, 35.36, 1.79911
FILLER_0_10_58, 31.05, 35.36, 1.79911
_348_, 56.58, 35.36, 1.79914
_389_, 56.58, 35.36, 1.79914
_390_, 56.58, 35.36, 1.79914
FILLER_0_9_101, 56.58, 35.36, 1.79914
FILLER_0_9_113, 56.58, 35.36, 1.79914
FILLER_0_10_118, 56.58, 35.36, 1.79914
_386_, 82.11, 35.36, 1.79918
_387_, 82.11, 35.36, 1.79918
_392_, 82.11, 35.36, 1.79918
_435_, 82.11, 35.36, 1.79918
FILLER_0_8_153, 82.11, 35.36, 1.79918
PHY_12, 5.52, 29.92, 1.79914
PHY_14, 5.52, 29.92, 1.79914
PHY_13, 107.64, 29.92, 1.79922
PHY_15, 107.64, 29.92, 1.79922
input15, 107.64, 29.92, 1.79922
FILLER_0_6_209, 107.64, 29.92, 1.79922
FILLER_0_7_210, 107.64, 29.92, 1.79922
_548_, 31.05, 29.92, 1.79909
_644_, 31.05, 29.92, 1.79909
_733_, 31.05, 29.92, 1.79909
hold10, 31.05, 29.92, 1.79909
FILLER_0_7_47, 31.05, 29.92, 1.79909
FILLER_0_7_69, 31.05, 29.92, 1.79909
_671_, 56.58, 29.92, 1.79909
clkbuf_2_1__f_clk, 56.58, 29.92, 1.79909
FILLER_0_7_105, 56.58, 29.92, 1.79909
_527_, 82.11, 29.92, 1.79919
_611_, 82.11, 29.92, 1.79919
FILLER_0_6_162, 82.11, 29.92, 1.79919
FILLER_0_7_161, 82.11, 29.92, 1.79919
FILLER_0_7_169, 82.11, 29.92, 1.79919
FILLER_0_7_177, 82.11, 29.92, 1.79919
FILLER_0_8_179, 82.11, 29.92, 1.79919
PHY_8, 5.52, 24.48, 1.79913
PHY_10, 5.52, 24.48, 1.79913
output27, 5.52, 24.48, 1.79913
PHY_9, 107.64, 24.48, 1.79921
PHY_11, 107.64, 24.48, 1.79921
FILLER_0_4_209, 107.64, 24.48, 1.79921
FILLER_0_5_213, 107.64, 24.48, 1.79921
_553_, 31.05, 24.48, 1.79913
_678_, 31.05, 24.48, 1.79913
hold15, 31.05, 24.48, 1.79913
FILLER_0_4_53, 31.05, 24.48, 1.79913
FILLER_0_5_51, 31.05, 24.48, 1.79913
FILLER_0_5_60, 31.05, 24.48, 1.79913
_567_, 56.58, 24.48, 1.79915
_575_, 56.58, 24.48, 1.79915
FILLER_0_4_109, 56.58, 24.48, 1.79915
_610_, 82.11, 24.48, 1.79916
_684_, 82.11, 24.48, 1.79916
_706_, 82.11, 24.48, 1.79916
_738_, 82.11, 24.48, 1.79916
hold28, 82.11, 24.48, 1.79916
FILLER_0_5_165, 82.11, 24.48, 1.79916
FILLER_0_5_177, 82.11, 24.48, 1.79916
FILLER_0_6_171, 82.11, 24.48, 1.79916
PHY_4, 5.52, 19.04, 1.79912
PHY_6, 5.52, 19.04, 1.79912
PHY_5, 107.64, 19.04, 1.79922
PHY_7, 107.64, 19.04, 1.79922
FILLER_0_2_209, 107.64, 19.04, 1.79922
FILLER_0_3_216, 107.64, 19.04, 1.79922
_577_, 31.05, 19.04, 1.7991
_578_, 31.05, 19.04, 1.7991
_582_, 31.05, 19.04, 1.7991
_664_, 31.05, 19.04, 1.7991
_666_, 31.05, 19.04, 1.7991
_720_, 31.05, 19.04, 1.7991
FILLER_0_2_51, 31.05, 19.04, 1.7991
FILLER_0_4_65, 31.05, 19.04, 1.7991
_576_, 56.58, 19.04, 1.7991
_584_, 56.58, 19.04, 1.7991
_647_, 56.58, 19.04, 1.7991
_719_, 56.58, 19.04, 1.7991
_723_, 56.58, 19.04, 1.7991
hold17, 56.58, 19.04, 1.7991
FILLER_0_2_104, 56.58, 19.04, 1.7991
_596_, 82.11, 19.04, 1.79918
_655_, 82.11, 19.04, 1.79918
hold31, 82.11, 19.04, 1.79918
PHY_0, 5.52, 13.6, 1.79915
PHY_2, 5.52, 13.6, 1.79915
input12, 5.52, 13.6, 1.79915
input14, 5.52, 13.6, 1.79915
ANTENNA_1, 5.52, 13.6, 1.79915
FILLER_0_0_6, 5.52, 13.6, 1.79915
PHY_1, 107.64, 13.6, 1.79914
PHY_3, 107.64, 13.6, 1.79914
input11, 107.64, 13.6, 1.79914
output24, 107.64, 13.6, 1.79914
FILLER_0_0_209, 107.64, 13.6, 1.79914
_581_, 31.05, 13.6, 1.79913
output26, 31.05, 13.6, 1.79913
FILLER_0_0_49, 31.05, 13.6, 1.79913
FILLER_0_0_69, 31.05, 13.6, 1.79913
FILLER_0_1_57, 31.05, 13.6, 1.79913
_583_, 56.58, 13.6, 1.79913
output29, 56.58, 13.6, 1.79913
FILLER_0_0_105, 56.58, 13.6, 1.79913
FILLER_0_1_121, 56.58, 13.6, 1.79913
_599_, 82.11, 13.6, 1.79912
_600_, 82.11, 13.6, 1.79912
_658_, 82.11, 13.6, 1.79912
_712_, 82.11, 13.6, 1.79912
output34, 82.11, 13.6, 1.79912
FILLER_0_0_163, 82.11, 13.6, 1.79912
FILLER_0_1_158, 82.11, 13.6, 1.79912
FILLER_0_1_178, 82.11, 13.6, 1.79912

