Instance name,  X location,  Y location,  Voltage 
output23, 98.175, 108.8, 0.000745116
FILLER_0_36_193, 98.175, 108.8, 0.000745116
FILLER_0_36_197, 98.175, 108.8, 0.000745116
hold4, 98.175, 103.36, 0.000723516
FILLER_0_34_189, 98.175, 103.36, 0.000723516
FILLER_0_34_209, 98.175, 103.36, 0.000723516
FILLER_0_32_188, 98.175, 97.92, 0.000746359
FILLER_0_32_209, 98.175, 97.92, 0.000746359
_622_, 98.175, 92.48, 0.000774174
_642_, 98.175, 92.48, 0.000774174
_700_, 98.175, 92.48, 0.000774174
FILLER_0_29_191, 98.175, 92.48, 0.000774174
FILLER_0_31_210, 98.175, 92.48, 0.000774174
_555_, 98.175, 87.04, 0.000772938
_556_, 98.175, 87.04, 0.000772938
_732_, 98.175, 87.04, 0.000772938
wire36, 98.175, 87.04, 0.000772938
hold1, 98.175, 87.04, 0.000772938
FILLER_0_28_201, 98.175, 87.04, 0.000772938
FILLER_0_29_203, 98.175, 87.04, 0.000772938
_677_, 98.175, 81.6, 0.000696131
max_cap1, 98.175, 81.6, 0.000696131
FILLER_0_26_197, 98.175, 81.6, 0.000696131
FILLER_0_26_205, 98.175, 81.6, 0.000696131
FILLER_0_26_211, 98.175, 81.6, 0.000696131
_589_, 98.175, 76.16, 0.000736614
_625_, 98.175, 76.16, 0.000736614
_626_, 98.175, 76.16, 0.000736614
_629_, 98.175, 76.16, 0.000736614
_638_, 98.175, 76.16, 0.000736614
_696_, 98.175, 76.16, 0.000736614
hold2, 98.175, 76.16, 0.000736614
FILLER_0_24_202, 98.175, 76.16, 0.000736614
_592_, 98.175, 70.72, 0.000697081
_624_, 98.175, 70.72, 0.000697081
_628_, 98.175, 70.72, 0.000697081
hold6, 98.175, 70.72, 0.000697081
_627_, 98.175, 65.28, 0.000672426
_630_, 98.175, 65.28, 0.000672426
_637_, 98.175, 65.28, 0.000672426
hold32, 98.175, 65.28, 0.000672426
hold33, 98.175, 65.28, 0.000672426
FILLER_0_20_202, 98.175, 65.28, 0.000672426
FILLER_0_21_205, 98.175, 65.28, 0.000672426
_631_, 98.175, 59.84, 0.000676032
_636_, 98.175, 59.84, 0.000676032
_695_, 98.175, 59.84, 0.000676032
hold7, 98.175, 59.84, 0.000676032
hold9, 98.175, 59.84, 0.000676032
_557_, 98.175, 54.4, 0.000615485
_558_, 98.175, 54.4, 0.000615485
_731_, 98.175, 54.4, 0.000615485
FILLER_0_15_193, 98.175, 54.4, 0.000615485
FILLER_0_16_188, 98.175, 54.4, 0.000615485
FILLER_0_16_197, 98.175, 54.4, 0.000615485
FILLER_0_16_208, 98.175, 54.4, 0.000615485
FILLER_0_17_202, 98.175, 54.4, 0.000615485
_676_, 98.175, 48.96, 0.000598471
FILLER_0_14_189, 98.175, 48.96, 0.000598471
FILLER_0_14_197, 98.175, 48.96, 0.000598471
FILLER_0_14_205, 98.175, 48.96, 0.000598471
FILLER_0_14_211, 98.175, 48.96, 0.000598471
_641_, 98.175, 43.52, 0.00064736
FILLER_0_12_193, 98.175, 43.52, 0.00064736
FILLER_0_13_209, 98.175, 43.52, 0.00064736
FILLER_0_10_209, 98.175, 38.08, 0.000628465
FILLER_0_11_210, 98.175, 38.08, 0.000628465
_617_, 98.175, 32.64, 0.00062249
_645_, 98.175, 32.64, 0.00062249
_703_, 98.175, 32.64, 0.00062249
FILLER_0_7_189, 98.175, 32.64, 0.00062249
hold27, 98.175, 27.2, 0.000634774
FILLER_0_6_209, 98.175, 27.2, 0.000634774
FILLER_0_7_210, 98.175, 27.2, 0.000634774
FILLER_0_4_189, 98.175, 21.76, 0.000625388
FILLER_0_4_209, 98.175, 21.76, 0.000625388
FILLER_0_2_190, 98.175, 16.32, 0.000646265
FILLER_0_2_209, 98.175, 16.32, 0.000646265
FILLER_0_0_189, 98.175, 10.88, 0.000627281
FILLER_0_0_209, 98.175, 10.88, 0.000627281
input16, 72.645, 108.8, 0.00073044
hold29, 72.645, 108.8, 0.00073044
FILLER_0_36_137, 72.645, 108.8, 0.00073044
FILLER_0_36_141, 72.645, 108.8, 0.00073044
_692_, 72.645, 103.36, 0.000738001
_461_, 72.645, 97.92, 0.000761885
_693_, 72.645, 97.92, 0.000761885
_747_, 72.645, 97.92, 0.000761885
_364_, 72.645, 92.48, 0.000807244
_453_, 72.645, 92.48, 0.000807244
_459_, 72.645, 92.48, 0.000807244
_460_, 72.645, 92.48, 0.000807244
_462_, 72.645, 92.48, 0.000807244
_633_, 72.645, 92.48, 0.000807244
FILLER_0_30_150, 72.645, 92.48, 0.000807244
FILLER_0_31_149, 72.645, 92.48, 0.000807244
FILLER_0_28_137, 72.645, 87.04, 0.000756248
_659_, 72.645, 81.6, 0.000718921
_715_, 72.645, 81.6, 0.000718921
FILLER_0_25_141, 72.645, 81.6, 0.000718921
FILLER_0_26_137, 72.645, 81.6, 0.000718921
FILLER_0_27_149, 72.645, 81.6, 0.000718921
_521_, 72.645, 76.16, 0.000764582
_522_, 72.645, 76.16, 0.000764582
_595_, 72.645, 76.16, 0.000764582
_739_, 72.645, 76.16, 0.000764582
FILLER_0_24_134, 72.645, 76.16, 0.000764582
FILLER_0_24_148, 72.645, 76.16, 0.000764582
FILLER_0_25_159, 72.645, 76.16, 0.000764582
_369_, 72.645, 70.72, 0.000719213
_377_, 72.645, 70.72, 0.000719213
_405_, 72.645, 70.72, 0.000719213
_519_, 72.645, 70.72, 0.000719213
_573_, 72.645, 70.72, 0.000719213
FILLER_0_22_148, 72.645, 70.72, 0.000719213
FILLER_0_22_156, 72.645, 70.72, 0.000719213
_395_, 72.645, 65.28, 0.000671682
_402_, 72.645, 65.28, 0.000671682
_404_, 72.645, 65.28, 0.000671682
_406_, 72.645, 65.28, 0.000671682
_518_, 72.645, 65.28, 0.000671682
FILLER_0_20_141, 72.645, 65.28, 0.000671682
_394_, 72.645, 59.84, 0.000654433
_403_, 72.645, 59.84, 0.000654433
FILLER_0_18_153, 72.645, 59.84, 0.000654433
_367_, 72.645, 54.4, 0.000584141
_375_, 72.645, 54.4, 0.000584141
_438_, 72.645, 54.4, 0.000584141
_515_, 72.645, 54.4, 0.000584141
_434_, 72.645, 48.96, 0.000612067
_528_, 72.645, 48.96, 0.000612067
_534_, 72.645, 48.96, 0.000612067
FILLER_0_13_133, 72.645, 48.96, 0.000612067
FILLER_0_14_134, 72.645, 48.96, 0.000612067
FILLER_0_14_141, 72.645, 48.96, 0.000612067
_430_, 72.645, 43.52, 0.000665461
_431_, 72.645, 43.52, 0.000665461
_432_, 72.645, 43.52, 0.000665461
_437_, 72.645, 43.52, 0.000665461
_529_, 72.645, 43.52, 0.000665461
_535_, 72.645, 43.52, 0.000665461
FILLER_0_12_156, 72.645, 43.52, 0.000665461
FILLER_0_13_149, 72.645, 43.52, 0.000665461
_379_, 72.645, 38.08, 0.000666529
_380_, 72.645, 38.08, 0.000666529
_382_, 72.645, 38.08, 0.000666529
_384_, 72.645, 38.08, 0.000666529
_385_, 72.645, 38.08, 0.000666529
_533_, 72.645, 38.08, 0.000666529
_536_, 72.645, 38.08, 0.000666529
FILLER_0_11_147, 72.645, 38.08, 0.000666529
_383_, 72.645, 32.64, 0.000623639
_386_, 72.645, 32.64, 0.000623639
_392_, 72.645, 32.64, 0.000623639
_435_, 72.645, 32.64, 0.000623639
FILLER_0_8_133, 72.645, 32.64, 0.000623639
FILLER_0_8_153, 72.645, 32.64, 0.000623639
FILLER_0_9_151, 72.645, 32.64, 0.000623639
_527_, 72.645, 27.2, 0.000661095
_682_, 72.645, 27.2, 0.000661095
FILLER_0_6_145, 72.645, 27.2, 0.000661095
_537_, 72.645, 21.76, 0.000664592
_597_, 72.645, 21.76, 0.000664592
_738_, 72.645, 21.76, 0.000664592
hold16, 72.645, 21.76, 0.000664592
FILLER_0_3_140, 72.645, 21.76, 0.000664592
_596_, 72.645, 16.32, 0.000664398
_604_, 72.645, 16.32, 0.000664398
_714_, 72.645, 16.32, 0.000664398
hold20, 72.645, 16.32, 0.000664398
_652_, 72.645, 10.88, 0.000638911
_658_, 72.645, 10.88, 0.000638911
output34, 72.645, 10.88, 0.000638911
FILLER_0_1_150, 72.645, 10.88, 0.000638911
FILLER_0_1_158, 72.645, 10.88, 0.000638911
output33, 47.115, 108.8, 0.000739487
FILLER_0_36_85, 47.115, 108.8, 0.000739487
_651_, 47.115, 103.36, 0.000773354
_744_, 47.115, 103.36, 0.000773354
_745_, 47.115, 103.36, 0.000773354
hold26, 47.115, 103.36, 0.000773354
FILLER_0_33_81, 47.115, 103.36, 0.000773354
FILLER_0_34_97, 47.115, 103.36, 0.000773354
FILLER_0_35_103, 47.115, 103.36, 0.000773354
_487_, 47.115, 97.92, 0.000756837
_494_, 47.115, 97.92, 0.000756837
hold23, 47.115, 97.92, 0.000756837
FILLER_0_31_83, 47.115, 97.92, 0.000756837
FILLER_0_32_85, 47.115, 97.92, 0.000756837
_488_, 47.115, 92.48, 0.00076599
_450_, 47.115, 87.04, 0.000771546
_485_, 47.115, 87.04, 0.000771546
_486_, 47.115, 87.04, 0.000771546
FILLER_0_27_89, 47.115, 87.04, 0.000771546
FILLER_0_28_80, 47.115, 87.04, 0.000771546
FILLER_0_28_85, 47.115, 87.04, 0.000771546
_447_, 47.115, 81.6, 0.000732438
_471_, 47.115, 81.6, 0.000732438
_484_, 47.115, 81.6, 0.000732438
FILLER_0_26_80, 47.115, 81.6, 0.000732438
FILLER_0_26_85, 47.115, 81.6, 0.000732438
_444_, 47.115, 76.16, 0.000793993
_483_, 47.115, 76.16, 0.000793993
_491_, 47.115, 76.16, 0.000793993
clkbuf_2_3__f_clk, 47.115, 76.16, 0.000793993
FILLER_0_23_81, 47.115, 76.16, 0.000793993
FILLER_0_23_89, 47.115, 76.16, 0.000793993
FILLER_0_24_93, 47.115, 76.16, 0.000793993
FILLER_0_25_93, 47.115, 76.16, 0.000793993
_482_, 47.115, 70.72, 0.000728952
_585_, 47.115, 70.72, 0.000728952
_587_, 47.115, 70.72, 0.000728952
_588_, 47.115, 70.72, 0.000728952
FILLER_0_22_80, 47.115, 70.72, 0.000728952
FILLER_0_22_85, 47.115, 70.72, 0.000728952
FILLER_0_23_104, 47.115, 70.72, 0.000728952
_481_, 47.115, 65.28, 0.000627045
_523_, 47.115, 65.28, 0.000627045
_669_, 47.115, 65.28, 0.000627045
FILLER_0_19_87, 47.115, 65.28, 0.000627045
FILLER_0_20_81, 47.115, 65.28, 0.000627045
FILLER_0_20_88, 47.115, 65.28, 0.000627045
FILLER_0_20_96, 47.115, 65.28, 0.000627045
FILLER_0_21_95, 47.115, 65.28, 0.000627045
_717_, 47.115, 59.84, 0.000615798
clkbuf_0_clk, 47.115, 59.84, 0.000615798
FILLER_0_18_77, 47.115, 59.84, 0.000615798
FILLER_0_18_97, 47.115, 59.84, 0.000615798
_372_, 47.115, 54.4, 0.000554106
_408_, 47.115, 54.4, 0.000554106
_429_, 47.115, 54.4, 0.000554106
_538_, 47.115, 54.4, 0.000554106
_540_, 47.115, 54.4, 0.000554106
FILLER_0_15_80, 47.115, 54.4, 0.000554106
_352_, 47.115, 48.96, 0.00053745
_412_, 47.115, 48.96, 0.00053745
_413_, 47.115, 48.96, 0.00053745
_423_, 47.115, 48.96, 0.00053745
_425_, 47.115, 48.96, 0.00053745
FILLER_0_13_87, 47.115, 48.96, 0.00053745
FILLER_0_14_80, 47.115, 48.96, 0.00053745
FILLER_0_14_91, 47.115, 48.96, 0.00053745
_353_, 47.115, 43.52, 0.000591415
_407_, 47.115, 43.52, 0.000591415
_411_, 47.115, 43.52, 0.000591415
_464_, 47.115, 43.52, 0.000591415
FILLER_0_11_89, 47.115, 43.52, 0.000591415
FILLER_0_12_78, 47.115, 43.52, 0.000591415
FILLER_0_12_100, 47.115, 43.52, 0.000591415
FILLER_0_13_102, 47.115, 43.52, 0.000591415
_347_, 47.115, 38.08, 0.000593535
_416_, 47.115, 38.08, 0.000593535
_417_, 47.115, 38.08, 0.000593535
_419_, 47.115, 38.08, 0.000593535
_424_, 47.115, 38.08, 0.000593535
FILLER_0_9_90, 47.115, 38.08, 0.000593535
FILLER_0_10_85, 47.115, 38.08, 0.000593535
_348_, 47.115, 32.64, 0.000594834
_418_, 47.115, 32.64, 0.000594834
FILLER_0_9_101, 47.115, 32.64, 0.000594834
_566_, 47.115, 27.2, 0.000670053
_568_, 47.115, 27.2, 0.000670053
_671_, 47.115, 27.2, 0.000670053
_672_, 47.115, 27.2, 0.000670053
_727_, 47.115, 27.2, 0.000670053
FILLER_0_5_82, 47.115, 27.2, 0.000670053
_726_, 47.115, 21.76, 0.000632956
FILLER_0_4_79, 47.115, 21.76, 0.000632956
_614_, 47.115, 16.32, 0.000644239
_615_, 47.115, 16.32, 0.000644239
_647_, 47.115, 16.32, 0.000644239
_665_, 47.115, 16.32, 0.000644239
_704_, 47.115, 16.32, 0.000644239
hold17, 47.115, 16.32, 0.000644239
FILLER_0_1_85, 47.115, 16.32, 0.000644239
FILLER_0_2_104, 47.115, 16.32, 0.000644239
FILLER_0_3_93, 47.115, 16.32, 0.000644239
output29, 47.115, 10.88, 0.000612415
input1, 21.585, 108.8, 0.000743814
FILLER_0_36_29, 21.585, 108.8, 0.000743814
_707_, 21.585, 103.36, 0.000752093
FILLER_0_35_38, 21.585, 103.36, 0.000752093
FILLER_0_35_46, 21.585, 103.36, 0.000752093
_743_, 21.585, 97.92, 0.000752999
FILLER_0_32_29, 21.585, 97.92, 0.000752999
FILLER_0_33_45, 21.585, 97.92, 0.000752999
_679_, 21.585, 92.48, 0.000775578
_689_, 21.585, 92.48, 0.000775578
_742_, 21.585, 92.48, 0.000775578
FILLER_0_30_29, 21.585, 92.48, 0.000775578
FILLER_0_30_48, 21.585, 92.48, 0.000775578
FILLER_0_31_48, 21.585, 92.48, 0.000775578
_657_, 21.585, 87.04, 0.000765017
_688_, 21.585, 87.04, 0.000765017
hold21, 21.585, 87.04, 0.000765017
FILLER_0_28_37, 21.585, 87.04, 0.000765017
_741_, 21.585, 81.6, 0.000742403
FILLER_0_25_33, 21.585, 81.6, 0.000742403
_510_, 21.585, 76.16, 0.00075579
_687_, 21.585, 76.16, 0.00075579
FILLER_0_24_41, 21.585, 76.16, 0.00075579
FILLER_0_25_48, 21.585, 76.16, 0.00075579
_586_, 21.585, 70.72, 0.000717235
_662_, 21.585, 70.72, 0.000717235
FILLER_0_22_29, 21.585, 70.72, 0.000717235
_594_, 21.585, 65.28, 0.000664701
_686_, 21.585, 65.28, 0.000664701
_740_, 21.585, 65.28, 0.000664701
FILLER_0_19_27, 21.585, 65.28, 0.000664701
FILLER_0_20_29, 21.585, 65.28, 0.000664701
FILLER_0_21_48, 21.585, 65.28, 0.000664701
_514_, 21.585, 59.84, 0.000599969
_593_, 21.585, 59.84, 0.000599969
_716_, 21.585, 59.84, 0.000599969
hold3, 21.585, 59.84, 0.000599969
_660_, 21.585, 54.4, 0.000601112
_735_, 21.585, 54.4, 0.000601112
_544_, 21.585, 48.96, 0.000557314
hold8, 21.585, 48.96, 0.000557314
hold22, 21.585, 48.96, 0.000557314
_569_, 21.585, 43.52, 0.000561445
_570_, 21.585, 43.52, 0.000561445
_670_, 21.585, 38.08, 0.000622932
_734_, 21.585, 38.08, 0.000622932
FILLER_0_9_27, 21.585, 38.08, 0.000622932
FILLER_0_10_29, 21.585, 38.08, 0.000622932
FILLER_0_11_48, 21.585, 38.08, 0.000622932
_680_, 21.585, 32.64, 0.000596193
FILLER_0_8_46, 21.585, 32.64, 0.000596193
_618_, 21.585, 27.2, 0.000671369
_644_, 21.585, 27.2, 0.000671369
_733_, 21.585, 27.2, 0.000671369
hold24, 21.585, 27.2, 0.000671369
FILLER_0_6_38, 21.585, 27.2, 0.000671369
FILLER_0_7_47, 21.585, 27.2, 0.000671369
_591_, 21.585, 21.76, 0.000619719
FILLER_0_3_27, 21.585, 21.76, 0.000619719
_578_, 21.585, 16.32, 0.000634666
_722_, 21.585, 16.32, 0.000634666
FILLER_0_2_41, 21.585, 16.32, 0.000634666
output26, 21.585, 10.88, 0.00062141
PHY_70, 5.52, 108.8, 0.00076203
PHY_72, 5.52, 108.8, 0.00076203
input10, 5.52, 108.8, 0.00076203
input17, 5.52, 108.8, 0.00076203
PHY_71, 107.64, 108.8, 0.000762478
PHY_73, 107.64, 108.8, 0.000762478
input8, 107.64, 108.8, 0.000762478
output31, 107.64, 108.8, 0.000762478
output21, 13.552, 108.8, 0.000761265
_608_, 34.35, 108.8, 0.000761264
_609_, 34.35, 108.8, 0.000761264
output32, 34.35, 108.8, 0.000761264
FILLER_0_35_52, 34.35, 108.8, 0.000761264
FILLER_0_36_53, 34.35, 108.8, 0.000761264
FILLER_0_36_57, 34.35, 108.8, 0.000761264
_691_, 59.88, 108.8, 0.000735538
input9, 59.88, 108.8, 0.000735538
FILLER_0_35_116, 59.88, 108.8, 0.000735538
FILLER_0_36_113, 59.88, 108.8, 0.000735538
input4, 85.41, 108.8, 0.000738035
FILLER_0_36_165, 85.41, 108.8, 0.000738035
FILLER_0_36_169, 85.41, 108.8, 0.000738035
_634_, 5.52, 103.36, 0.00075708
PHY_66, 5.52, 103.36, 0.00075708
PHY_68, 5.52, 103.36, 0.00075708
FILLER_0_35_3, 5.52, 103.36, 0.00075708
PHY_67, 107.64, 103.36, 0.000723516
PHY_69, 107.64, 103.36, 0.000723516
FILLER_0_33_216, 107.64, 103.36, 0.000723516
FILLER_0_33_15, 13.552, 103.36, 0.000754587
_606_, 34.35, 103.36, 0.00078547
_607_, 34.35, 103.36, 0.00078547
_650_, 34.35, 103.36, 0.00078547
_708_, 34.35, 103.36, 0.00078547
hold19, 34.35, 103.36, 0.00078547
FILLER_0_33_57, 34.35, 103.36, 0.00078547
FILLER_0_34_70, 34.35, 103.36, 0.00078547
FILLER_0_35_66, 34.35, 103.36, 0.00078547
_445_, 59.88, 103.36, 0.000781791
_479_, 59.88, 103.36, 0.000781791
_690_, 59.88, 103.36, 0.000781791
_746_, 59.88, 103.36, 0.000781791
FILLER_0_34_132, 59.88, 103.36, 0.000781791
FILLER_0_33_161, 85.41, 103.36, 0.000730758
FILLER_0_33_169, 85.41, 103.36, 0.000730758
PHY_62, 5.52, 97.92, 0.000756988
PHY_64, 5.52, 97.92, 0.000756988
PHY_63, 107.64, 97.92, 0.00076574
PHY_65, 107.64, 97.92, 0.00076574
output19, 107.64, 97.92, 0.00076574
_646_, 13.552, 97.92, 0.000756988
_441_, 34.35, 97.92, 0.000781033
_497_, 34.35, 97.92, 0.000781033
_498_, 34.35, 97.92, 0.000781033
_499_, 34.35, 97.92, 0.000781033
FILLER_0_31_57, 34.35, 97.92, 0.000781033
FILLER_0_32_57, 34.35, 97.92, 0.000781033
_446_, 59.88, 97.92, 0.000778799
_451_, 59.88, 97.92, 0.000778799
_468_, 59.88, 97.92, 0.000778799
_469_, 59.88, 97.92, 0.000778799
_478_, 59.88, 97.92, 0.000778799
FILLER_0_32_118, 59.88, 97.92, 0.000778799
FILLER_0_32_128, 59.88, 97.92, 0.000778799
_598_, 85.41, 97.92, 0.000770592
_640_, 85.41, 97.92, 0.000770592
_656_, 85.41, 97.92, 0.000770592
_713_, 85.41, 97.92, 0.000770592
FILLER_0_31_165, 85.41, 97.92, 0.000770592
FILLER_0_32_182, 85.41, 97.92, 0.000770592
PHY_58, 5.52, 92.48, 0.00081233
PHY_60, 5.52, 92.48, 0.00081233
output30, 5.52, 92.48, 0.00081233
PHY_59, 107.64, 92.48, 0.000774174
PHY_61, 107.64, 92.48, 0.000774174
FILLER_0_29_214, 107.64, 92.48, 0.000774174
_635_, 13.552, 92.48, 0.000795848
_493_, 34.35, 92.48, 0.000807148
_495_, 34.35, 92.48, 0.000807148
_496_, 34.35, 92.48, 0.000807148
_502_, 34.35, 92.48, 0.000807148
_503_, 34.35, 92.48, 0.000807148
hold14, 34.35, 92.48, 0.000807148
FILLER_0_29_53, 34.35, 92.48, 0.000807148
_472_, 59.88, 92.48, 0.000810397
_474_, 59.88, 92.48, 0.000810397
_475_, 59.88, 92.48, 0.000810397
_477_, 59.88, 92.48, 0.000810397
FILLER_0_29_105, 59.88, 92.48, 0.000810397
_362_, 85.41, 92.48, 0.000834334
_590_, 85.41, 92.48, 0.000834334
_698_, 85.41, 92.48, 0.000834334
FILLER_0_30_181, 85.41, 92.48, 0.000834334
_705_, 5.52, 87.04, 0.000801839
PHY_54, 5.52, 87.04, 0.000801839
PHY_56, 5.52, 87.04, 0.000801839
FILLER_0_28_3, 5.52, 87.04, 0.000801839
FILLER_0_29_3, 5.52, 87.04, 0.000801839
PHY_55, 107.64, 87.04, 0.000772938
PHY_57, 107.64, 87.04, 0.000772938
_612_, 13.552, 87.04, 0.000787484
_613_, 13.552, 87.04, 0.000787484
_648_, 13.552, 87.04, 0.000787484
FILLER_0_27_15, 13.552, 87.04, 0.000787484
FILLER_0_28_25, 13.552, 87.04, 0.000787484
_365_, 34.35, 87.04, 0.000822865
_442_, 34.35, 87.04, 0.000822865
_489_, 34.35, 87.04, 0.000822865
_490_, 34.35, 87.04, 0.000822865
_501_, 34.35, 87.04, 0.000822865
FILLER_0_27_57, 34.35, 87.04, 0.000822865
FILLER_0_28_55, 34.35, 87.04, 0.000822865
_449_, 59.88, 87.04, 0.000797101
_463_, 59.88, 87.04, 0.000797101
_465_, 59.88, 87.04, 0.000797101
_466_, 59.88, 87.04, 0.000797101
_470_, 59.88, 87.04, 0.000797101
_476_, 59.88, 87.04, 0.000797101
FILLER_0_28_111, 59.88, 87.04, 0.000797101
FILLER_0_28_127, 59.88, 87.04, 0.000797101
FILLER_0_29_119, 59.88, 87.04, 0.000797101
_456_, 85.41, 87.04, 0.000801786
_563_, 85.41, 87.04, 0.000801786
_564_, 85.41, 87.04, 0.000801786
_728_, 85.41, 87.04, 0.000801786
FILLER_0_27_169, 85.41, 87.04, 0.000801786
PHY_50, 5.52, 81.6, 0.000785133
PHY_52, 5.52, 81.6, 0.000785133
output20, 5.52, 81.6, 0.000785133
_639_, 107.64, 81.6, 0.000697548
PHY_51, 107.64, 81.6, 0.000697548
PHY_53, 107.64, 81.6, 0.000697548
input13, 107.64, 81.6, 0.000697548
_668_, 13.552, 81.6, 0.000768688
hold25, 13.552, 81.6, 0.000768688
FILLER_0_26_9, 13.552, 81.6, 0.000768688
FILLER_0_26_17, 13.552, 81.6, 0.000768688
_443_, 34.35, 81.6, 0.000765504
_492_, 34.35, 81.6, 0.000765504
_500_, 34.35, 81.6, 0.000765504
_508_, 34.35, 81.6, 0.000765504
FILLER_0_25_62, 34.35, 81.6, 0.000765504
FILLER_0_26_64, 34.35, 81.6, 0.000765504
FILLER_0_26_72, 34.35, 81.6, 0.000765504
_448_, 59.88, 81.6, 0.000750731
_452_, 59.88, 81.6, 0.000750731
_473_, 59.88, 81.6, 0.000750731
FILLER_0_25_113, 59.88, 81.6, 0.000750731
FILLER_0_26_129, 59.88, 81.6, 0.000750731
_673_, 85.41, 81.6, 0.000713117
_685_, 85.41, 81.6, 0.000713117
hold13, 85.41, 81.6, 0.000713117
FILLER_0_26_183, 85.41, 81.6, 0.000713117
FILLER_0_27_187, 85.41, 81.6, 0.000713117
_701_, 5.52, 76.16, 0.000792085
PHY_46, 5.52, 76.16, 0.000792085
PHY_48, 5.52, 76.16, 0.000792085
FILLER_0_24_3, 5.52, 76.16, 0.000792085
PHY_47, 107.64, 76.16, 0.000736614
PHY_49, 107.64, 76.16, 0.000736614
FILLER_0_24_213, 107.64, 76.16, 0.000736614
_620_, 13.552, 76.16, 0.000778113
_621_, 13.552, 76.16, 0.000778113
_643_, 13.552, 76.16, 0.000778113
FILLER_0_23_15, 13.552, 76.16, 0.000778113
FILLER_0_24_13, 13.552, 76.16, 0.000778113
FILLER_0_24_22, 13.552, 76.16, 0.000778113
_440_, 34.35, 76.16, 0.000858009
_504_, 34.35, 76.16, 0.000858009
_505_, 34.35, 76.16, 0.000858009
_507_, 34.35, 76.16, 0.000858009
clkbuf_2_2__f_clk, 34.35, 76.16, 0.000858009
FILLER_0_23_50, 34.35, 76.16, 0.000858009
FILLER_0_23_60, 34.35, 76.16, 0.000858009
FILLER_0_25_70, 34.35, 76.16, 0.000858009
_358_, 59.88, 76.16, 0.000823607
_359_, 59.88, 76.16, 0.000823607
_360_, 59.88, 76.16, 0.000823607
FILLER_0_23_113, 59.88, 76.16, 0.000823607
_697_, 85.41, 76.16, 0.000768075
hold12, 85.41, 76.16, 0.000768075
FILLER_0_23_165, 85.41, 76.16, 0.000768075
FILLER_0_24_180, 85.41, 76.16, 0.000768075
PHY_42, 5.52, 70.72, 0.000734052
PHY_44, 5.52, 70.72, 0.000734052
PHY_43, 107.64, 70.72, 0.000697426
PHY_45, 107.64, 70.72, 0.000697426
input7, 107.64, 70.72, 0.000697426
FILLER_0_21_213, 107.64, 70.72, 0.000697426
_718_, 13.552, 70.72, 0.000734052
_361_, 34.35, 70.72, 0.00082178
_363_, 34.35, 70.72, 0.00082178
_439_, 34.35, 70.72, 0.00082178
_506_, 34.35, 70.72, 0.00082178
_511_, 34.35, 70.72, 0.00082178
_512_, 34.35, 70.72, 0.00082178
FILLER_0_22_51, 34.35, 70.72, 0.00082178
FILLER_0_22_65, 34.35, 70.72, 0.00082178
FILLER_0_23_71, 34.35, 70.72, 0.00082178
_397_, 59.88, 70.72, 0.000773936
_400_, 59.88, 70.72, 0.000773936
_480_, 59.88, 70.72, 0.000773936
_509_, 59.88, 70.72, 0.000773936
FILLER_0_21_108, 59.88, 70.72, 0.000773936
FILLER_0_21_113, 59.88, 70.72, 0.000773936
FILLER_0_22_124, 59.88, 70.72, 0.000773936
_457_, 85.41, 70.72, 0.000724191
_458_, 85.41, 70.72, 0.000724191
_520_, 85.41, 70.72, 0.000724191
FILLER_0_21_164, 85.41, 70.72, 0.000724191
FILLER_0_22_169, 85.41, 70.72, 0.000724191
FILLER_0_22_184, 85.41, 70.72, 0.000724191
FILLER_0_23_181, 85.41, 70.72, 0.000724191
_711_, 5.52, 65.28, 0.000710252
PHY_38, 5.52, 65.28, 0.000710252
PHY_40, 5.52, 65.28, 0.000710252
input6, 5.52, 65.28, 0.000710252
FILLER_0_20_6, 5.52, 65.28, 0.000710252
PHY_39, 107.64, 65.28, 0.000672426
PHY_41, 107.64, 65.28, 0.000672426
_601_, 13.552, 65.28, 0.000694818
_654_, 13.552, 65.28, 0.000694818
hold5, 13.552, 65.28, 0.000694818
_513_, 34.35, 65.28, 0.000692398
_574_, 34.35, 65.28, 0.000692398
_724_, 34.35, 65.28, 0.000692398
hold30, 34.35, 65.28, 0.000692398
FILLER_0_20_57, 34.35, 65.28, 0.000692398
FILLER_0_21_70, 34.35, 65.28, 0.000692398
_368_, 59.88, 65.28, 0.000667242
_398_, 59.88, 65.28, 0.000667242
_401_, 59.88, 65.28, 0.000667242
_661_, 59.88, 65.28, 0.000667242
FILLER_0_19_113, 59.88, 65.28, 0.000667242
FILLER_0_20_108, 59.88, 65.28, 0.000667242
_516_, 85.41, 65.28, 0.000691923
_554_, 85.41, 65.28, 0.000691923
FILLER_0_20_176, 85.41, 65.28, 0.000691923
_560_, 5.52, 59.84, 0.000606098
PHY_34, 5.52, 59.84, 0.000606098
PHY_36, 5.52, 59.84, 0.000606098
FILLER_0_18_3, 5.52, 59.84, 0.000606098
PHY_35, 107.64, 59.84, 0.000676032
PHY_37, 107.64, 59.84, 0.000676032
FILLER_0_18_23, 13.552, 59.84, 0.000603034
_455_, 34.35, 59.84, 0.000622804
FILLER_0_17_51, 34.35, 59.84, 0.000622804
FILLER_0_17_57, 34.35, 59.84, 0.000622804
FILLER_0_19_65, 34.35, 59.84, 0.000622804
_350_, 59.88, 59.84, 0.000680264
_373_, 59.88, 59.84, 0.000680264
_396_, 59.88, 59.84, 0.000680264
_399_, 59.88, 59.84, 0.000680264
FILLER_0_19_128, 59.88, 59.84, 0.000680264
_517_, 85.41, 59.84, 0.000713146
_525_, 85.41, 59.84, 0.000713146
_526_, 85.41, 59.84, 0.000713146
_694_, 85.41, 59.84, 0.000713146
FILLER_0_18_166, 85.41, 59.84, 0.000713146
FILLER_0_19_181, 85.41, 59.84, 0.000713146
_730_, 5.52, 54.4, 0.000685354
PHY_30, 5.52, 54.4, 0.000685354
PHY_32, 5.52, 54.4, 0.000685354
output35, 5.52, 54.4, 0.000685354
PHY_31, 107.64, 54.4, 0.000617597
PHY_33, 107.64, 54.4, 0.000617597
input18, 107.64, 54.4, 0.000617597
_559_, 13.552, 54.4, 0.000645499
_675_, 13.552, 54.4, 0.000645499
FILLER_0_16_21, 13.552, 54.4, 0.000645499
_409_, 34.35, 54.4, 0.000655202
_426_, 34.35, 54.4, 0.000655202
_428_, 34.35, 54.4, 0.000655202
_541_, 34.35, 54.4, 0.000655202
_542_, 34.35, 54.4, 0.000655202
_543_, 34.35, 54.4, 0.000655202
FILLER_0_15_49, 34.35, 54.4, 0.000655202
_357_, 59.88, 54.4, 0.000588704
_374_, 59.88, 54.4, 0.000588704
_376_, 59.88, 54.4, 0.000588704
_467_, 59.88, 54.4, 0.000588704
FILLER_0_15_107, 59.88, 54.4, 0.000588704
FILLER_0_15_113, 59.88, 54.4, 0.000588704
FILLER_0_16_116, 59.88, 54.4, 0.000588704
FILLER_0_17_125, 59.88, 54.4, 0.000588704
_524_, 85.41, 54.4, 0.000610027
_632_, 85.41, 54.4, 0.000610027
FILLER_0_15_164, 85.41, 54.4, 0.000610027
FILLER_0_17_176, 85.41, 54.4, 0.000610027
_710_, 5.52, 48.96, 0.00059532
PHY_26, 5.52, 48.96, 0.00059532
PHY_28, 5.52, 48.96, 0.00059532
PHY_27, 107.64, 48.96, 0.000598471
PHY_29, 107.64, 48.96, 0.000598471
_602_, 13.552, 48.96, 0.000580812
_603_, 13.552, 48.96, 0.000580812
_653_, 13.552, 48.96, 0.000580812
FILLER_0_13_14, 13.552, 48.96, 0.000580812
_414_, 34.35, 48.96, 0.000582827
_427_, 34.35, 48.96, 0.000582827
_539_, 34.35, 48.96, 0.000582827
_547_, 34.35, 48.96, 0.000582827
_681_, 34.35, 48.96, 0.000582827
FILLER_0_13_50, 34.35, 48.96, 0.000582827
FILLER_0_13_57, 34.35, 48.96, 0.000582827
FILLER_0_14_56, 34.35, 48.96, 0.000582827
FILLER_0_14_67, 34.35, 48.96, 0.000582827
_349_, 59.88, 48.96, 0.000636126
_351_, 59.88, 48.96, 0.000636126
_355_, 59.88, 48.96, 0.000636126
_356_, 59.88, 48.96, 0.000636126
_371_, 59.88, 48.96, 0.000636126
_410_, 59.88, 48.96, 0.000636126
FILLER_0_13_113, 59.88, 48.96, 0.000636126
_531_, 85.41, 48.96, 0.000635415
_623_, 85.41, 48.96, 0.000635415
FILLER_0_14_178, 85.41, 48.96, 0.000635415
PHY_22, 5.52, 43.52, 0.00056554
PHY_24, 5.52, 43.52, 0.00056554
FILLER_0_13_3, 5.52, 43.52, 0.00056554
PHY_23, 107.64, 43.52, 0.00066674
PHY_25, 107.64, 43.52, 0.00066674
output28, 107.64, 43.52, 0.00066674
FILLER_0_12_213, 107.64, 43.52, 0.00066674
_561_, 13.552, 43.52, 0.00056554
_422_, 34.35, 43.52, 0.000618591
_545_, 34.35, 43.52, 0.000618591
_546_, 34.35, 43.52, 0.000618591
_571_, 34.35, 43.52, 0.000618591
_572_, 34.35, 43.52, 0.000618591
FILLER_0_11_57, 34.35, 43.52, 0.000618591
_354_, 59.88, 43.52, 0.000670875
_366_, 59.88, 43.52, 0.000670875
_370_, 59.88, 43.52, 0.000670875
_433_, 59.88, 43.52, 0.000670875
FILLER_0_11_105, 59.88, 43.52, 0.000670875
FILLER_0_12_132, 59.88, 43.52, 0.000670875
_436_, 85.41, 43.52, 0.000705289
_530_, 85.41, 43.52, 0.000705289
_532_, 85.41, 43.52, 0.000705289
_699_, 85.41, 43.52, 0.000705289
hold11, 85.41, 43.52, 0.000705289
FILLER_0_11_169, 85.41, 43.52, 0.000705289
FILLER_0_12_169, 85.41, 43.52, 0.000705289
FILLER_0_12_185, 85.41, 43.52, 0.000705289
_562_, 5.52, 38.08, 0.000706877
_729_, 5.52, 38.08, 0.000706877
PHY_18, 5.52, 38.08, 0.000706877
PHY_20, 5.52, 38.08, 0.000706877
input5, 5.52, 38.08, 0.000706877
PHY_19, 107.64, 38.08, 0.000628465
PHY_21, 107.64, 38.08, 0.000628465
_674_, 13.552, 38.08, 0.000676266
_725_, 13.552, 38.08, 0.000676266
FILLER_0_11_22, 13.552, 38.08, 0.000676266
_420_, 34.35, 38.08, 0.000634067
_549_, 34.35, 38.08, 0.000634067
_550_, 34.35, 38.08, 0.000634067
_551_, 34.35, 38.08, 0.000634067
FILLER_0_10_50, 34.35, 38.08, 0.000634067
FILLER_0_10_58, 34.35, 38.08, 0.000634067
_378_, 59.88, 38.08, 0.000665323
_381_, 59.88, 38.08, 0.000665323
_388_, 59.88, 38.08, 0.000665323
_389_, 59.88, 38.08, 0.000665323
_454_, 59.88, 38.08, 0.000665323
FILLER_0_9_113, 59.88, 38.08, 0.000665323
FILLER_0_10_118, 59.88, 38.08, 0.000665323
_393_, 85.41, 38.08, 0.000678674
_683_, 85.41, 38.08, 0.000678674
_737_, 85.41, 38.08, 0.000678674
FILLER_0_10_186, 85.41, 38.08, 0.000678674
PHY_14, 5.52, 32.64, 0.00061063
PHY_16, 5.52, 32.64, 0.00061063
PHY_15, 107.64, 32.64, 0.00062249
PHY_17, 107.64, 32.64, 0.00062249
_702_, 13.552, 32.64, 0.00061063
_415_, 34.35, 32.64, 0.000637608
_421_, 34.35, 32.64, 0.000637608
_548_, 34.35, 32.64, 0.000637608
_552_, 34.35, 32.64, 0.000637608
hold10, 34.35, 32.64, 0.000637608
_390_, 59.88, 32.64, 0.000619085
_391_, 59.88, 32.64, 0.000619085
FILLER_0_7_105, 59.88, 32.64, 0.000619085
_387_, 85.41, 32.64, 0.00062975
_616_, 85.41, 32.64, 0.00062975
FILLER_0_7_161, 85.41, 32.64, 0.00062975
FILLER_0_7_169, 85.41, 32.64, 0.00062975
FILLER_0_8_179, 85.41, 32.64, 0.00062975
PHY_10, 5.52, 27.2, 0.000707512
PHY_12, 5.52, 27.2, 0.000707512
output27, 5.52, 27.2, 0.000707512
PHY_11, 107.64, 27.2, 0.000635423
PHY_13, 107.64, 27.2, 0.000635423
input15, 107.64, 27.2, 0.000635423
FILLER_0_5_213, 107.64, 27.2, 0.000635423
_619_, 13.552, 27.2, 0.000691076
FILLER_0_6_25, 13.552, 27.2, 0.000691076
_565_, 34.35, 27.2, 0.000735906
_678_, 34.35, 27.2, 0.000735906
clkbuf_2_0__f_clk, 34.35, 27.2, 0.000735906
hold15, 34.35, 27.2, 0.000735906
FILLER_0_5_51, 34.35, 27.2, 0.000735906
FILLER_0_5_60, 34.35, 27.2, 0.000735906
FILLER_0_7_69, 34.35, 27.2, 0.000735906
_567_, 59.88, 27.2, 0.000723793
clkbuf_2_1__f_clk, 59.88, 27.2, 0.000723793
_611_, 85.41, 27.2, 0.000669899
_649_, 85.41, 27.2, 0.000669899
_684_, 85.41, 27.2, 0.000669899
_706_, 85.41, 27.2, 0.000669899
hold28, 85.41, 27.2, 0.000669899
FILLER_0_5_165, 85.41, 27.2, 0.000669899
FILLER_0_6_162, 85.41, 27.2, 0.000669899
FILLER_0_6_171, 85.41, 27.2, 0.000669899
FILLER_0_7_177, 85.41, 27.2, 0.000669899
FILLER_0_7_183, 85.41, 27.2, 0.000669899
PHY_6, 5.52, 21.76, 0.000619719
PHY_8, 5.52, 21.76, 0.000619719
PHY_7, 107.64, 21.76, 0.000625388
PHY_9, 107.64, 21.76, 0.000625388
FILLER_0_3_216, 107.64, 21.76, 0.000625388
_553_, 34.35, 21.76, 0.00065101
_577_, 34.35, 21.76, 0.00065101
_579_, 34.35, 21.76, 0.00065101
_582_, 34.35, 21.76, 0.00065101
_666_, 34.35, 21.76, 0.00065101
FILLER_0_4_53, 34.35, 21.76, 0.00065101
FILLER_0_4_65, 34.35, 21.76, 0.00065101
FILLER_0_5_74, 34.35, 21.76, 0.00065101
_575_, 59.88, 21.76, 0.00068949
_576_, 59.88, 21.76, 0.00068949
_667_, 59.88, 21.76, 0.00068949
_723_, 59.88, 21.76, 0.00068949
_736_, 59.88, 21.76, 0.00068949
FILLER_0_4_109, 59.88, 21.76, 0.00068949
FILLER_0_4_132, 59.88, 21.76, 0.00068949
_610_, 85.41, 21.76, 0.000653839
hold31, 85.41, 21.76, 0.000653839
FILLER_0_5_177, 85.41, 21.76, 0.000653839
PHY_2, 5.52, 16.32, 0.000634666
PHY_4, 5.52, 16.32, 0.000634666
PHY_3, 107.64, 16.32, 0.000663262
PHY_5, 107.64, 16.32, 0.000663262
output24, 107.64, 16.32, 0.000663262
_580_, 34.35, 16.32, 0.000671062
_664_, 34.35, 16.32, 0.000671062
_720_, 34.35, 16.32, 0.000671062
_721_, 34.35, 16.32, 0.000671062
FILLER_0_1_57, 34.35, 16.32, 0.000671062
FILLER_0_2_51, 34.35, 16.32, 0.000671062
FILLER_0_3_70, 34.35, 16.32, 0.000671062
_583_, 59.88, 16.32, 0.000679406
_584_, 59.88, 16.32, 0.000679406
_663_, 59.88, 16.32, 0.000679406
_719_, 59.88, 16.32, 0.000679406
FILLER_0_2_131, 59.88, 16.32, 0.000679406
_599_, 85.41, 16.32, 0.000673821
_600_, 85.41, 16.32, 0.000673821
_655_, 85.41, 16.32, 0.000673821
_712_, 85.41, 16.32, 0.000673821
PHY_0, 5.52, 10.88, 0.000639492
input12, 5.52, 10.88, 0.000639492
input14, 5.52, 10.88, 0.000639492
FILLER_0_0_6, 5.52, 10.88, 0.000639492
PHY_1, 107.64, 10.88, 0.000627853
input11, 107.64, 10.88, 0.000627853
output25, 13.552, 10.88, 0.000638661
ANTENNA_1, 13.552, 10.88, 0.000638661
FILLER_0_0_21, 13.552, 10.88, 0.000638661
_581_, 34.35, 10.88, 0.000622082
input3, 34.35, 10.88, 0.000622082
FILLER_0_0_49, 34.35, 10.88, 0.000622082
FILLER_0_0_69, 34.35, 10.88, 0.000622082
FILLER_0_0_76, 34.35, 10.88, 0.000622082
_605_, 59.88, 10.88, 0.000640188
_709_, 59.88, 10.88, 0.000640188
input2, 59.88, 10.88, 0.000640188
FILLER_0_0_105, 59.88, 10.88, 0.000640188
FILLER_0_0_125, 59.88, 10.88, 0.000640188
FILLER_0_0_132, 59.88, 10.88, 0.000640188
FILLER_0_1_121, 59.88, 10.88, 0.000640188
output22, 85.41, 10.88, 0.000651246
hold18, 85.41, 10.88, 0.000651246
FILLER_0_0_163, 85.41, 10.88, 0.000651246
FILLER_0_1_178, 85.41, 10.88, 0.000651246

