
===========================================================================
report_checks -unconstrained
===========================================================================
======================= Fastest Corner ===================================

Startpoint: rst (input port clocked by clk)
Endpoint: _699_ (recovery check against rising-edge clock clk)
Path Group: asynchronous
Path Type: max
Corner: Fastest

Fanout     Cap    Slew   Delay    Time   Description
-----------------------------------------------------------------------------
                          0.00    0.00   clock clk (rise edge)
                          0.00    0.00   clock network delay (propagated)
                          2.00    2.00 v input external delay
                  0.01    0.00    2.00 v rst (in)
     1    0.01                           rst (net)
                  0.01    0.00    2.00 v input17/A (sky130_fd_sc_hd__clkbuf_1)
                  0.02    0.05    2.05 v input17/X (sky130_fd_sc_hd__clkbuf_1)
     1    0.00                           net17 (net)
                  0.02    0.00    2.05 v _634_/A (sky130_fd_sc_hd__buf_4)
                  0.06    0.12    2.18 v _634_/X (sky130_fd_sc_hd__buf_4)
     9    0.05                           _341_ (net)
                  0.06    0.00    2.18 v _635_/A (sky130_fd_sc_hd__clkbuf_8)
                  0.07    0.15    2.33 v _635_/X (sky130_fd_sc_hd__clkbuf_8)
    10    0.08                           _342_ (net)
                  0.08    0.01    2.35 v _641_/A (sky130_fd_sc_hd__inv_2)
                  0.03    0.05    2.40 ^ _641_/Y (sky130_fd_sc_hd__inv_2)
     1    0.00                           _006_ (net)
                  0.03    0.00    2.40 ^ _699_/RESET_B (sky130_fd_sc_hd__dfrtp_4)
                                  2.40   data arrival time

                         10.00   10.00   clock clk (rise edge)
                          0.00   10.00   clock source latency
                  0.10    0.07   10.07 ^ clk (in)
     1    0.03                           clk (net)
                  0.10    0.00   10.07 ^ clkbuf_0_clk/A (sky130_fd_sc_hd__clkbuf_16)
                  0.05    0.11   10.18 ^ clkbuf_0_clk/X (sky130_fd_sc_hd__clkbuf_16)
     4    0.05                           clknet_0_clk (net)
                  0.05    0.00   10.18 ^ clkbuf_2_1__f_clk/A (sky130_fd_sc_hd__clkbuf_16)
                  0.05    0.10   10.28 ^ clkbuf_2_1__f_clk/X (sky130_fd_sc_hd__clkbuf_16)
    14    0.05                           clknet_2_1__leaf_clk (net)
                  0.05    0.01   10.29 ^ _699_/CLK (sky130_fd_sc_hd__dfrtp_4)
                         -0.25   10.04   clock uncertainty
                          0.00   10.04   clock reconvergence pessimism
                          0.14   10.18   library recovery time
                                 10.18   data required time
-----------------------------------------------------------------------------
                                 10.18   data required time
                                 -2.40   data arrival time
-----------------------------------------------------------------------------
                                  7.78   slack (MET)


Startpoint: _706_ (rising edge-triggered flip-flop clocked by clk)
Endpoint: product[5] (output port clocked by clk)
Path Group: clk
Path Type: max
Corner: Fastest

Fanout     Cap    Slew   Delay    Time   Description
-----------------------------------------------------------------------------
                          0.00    0.00   clock clk (rise edge)
                          0.00    0.00   clock source latency
                  0.10    0.07    0.07 ^ clk (in)
     1    0.03                           clk (net)
                  0.10    0.00    0.07 ^ clkbuf_0_clk/A (sky130_fd_sc_hd__clkbuf_16)
                  0.05    0.13    0.20 ^ clkbuf_0_clk/X (sky130_fd_sc_hd__clkbuf_16)
     4    0.05                           clknet_0_clk (net)
                  0.05    0.00    0.20 ^ clkbuf_2_1__f_clk/A (sky130_fd_sc_hd__clkbuf_16)
                  0.05    0.11    0.31 ^ clkbuf_2_1__f_clk/X (sky130_fd_sc_hd__clkbuf_16)
    14    0.05                           clknet_2_1__leaf_clk (net)
                  0.05    0.01    0.32 ^ _706_/CLK (sky130_fd_sc_hd__dfrtp_1)
                  0.13    0.29    0.61 ^ _706_/Q (sky130_fd_sc_hd__dfrtp_1)
     2    0.02                           net31 (net)
                  0.13    0.00    0.61 ^ output31/A (sky130_fd_sc_hd__buf_2)
                  0.13    0.17    0.78 ^ output31/X (sky130_fd_sc_hd__buf_2)
     1    0.03                           product[5] (net)
                  0.13    0.00    0.78 ^ product[5] (out)
                                  0.78   data arrival time

                         10.00   10.00   clock clk (rise edge)
                          0.00   10.00   clock network delay (propagated)
                         -0.25    9.75   clock uncertainty
                          0.00    9.75   clock reconvergence pessimism
                         -2.00    7.75   output external delay
                                  7.75   data required time
-----------------------------------------------------------------------------
                                  7.75   data required time
                                 -0.78   data arrival time
-----------------------------------------------------------------------------
                                  6.97   slack (MET)



======================= Slowest Corner ===================================

Startpoint: rst (input port clocked by clk)
Endpoint: _699_ (recovery check against rising-edge clock clk)
Path Group: asynchronous
Path Type: max
Corner: Slowest

Fanout     Cap    Slew   Delay    Time   Description
-----------------------------------------------------------------------------
                          0.00    0.00   clock clk (rise edge)
                          0.00    0.00   clock network delay (propagated)
                          2.00    2.00 v input external delay
                  0.03    0.02    2.02 v rst (in)
     1    0.01                           rst (net)
                  0.03    0.00    2.02 v input17/A (sky130_fd_sc_hd__clkbuf_1)
                  0.05    0.15    2.16 v input17/X (sky130_fd_sc_hd__clkbuf_1)
     1    0.00                           net17 (net)
                  0.05    0.00    2.16 v _634_/A (sky130_fd_sc_hd__buf_4)
                  0.14    0.34    2.51 v _634_/X (sky130_fd_sc_hd__buf_4)
     9    0.05                           _341_ (net)
                  0.14    0.00    2.51 v _635_/A (sky130_fd_sc_hd__clkbuf_8)
                  0.17    0.40    2.91 v _635_/X (sky130_fd_sc_hd__clkbuf_8)
    10    0.08                           _342_ (net)
                  0.17    0.01    2.93 v _641_/A (sky130_fd_sc_hd__inv_2)
                  0.06    0.11    3.04 ^ _641_/Y (sky130_fd_sc_hd__inv_2)
     1    0.00                           _006_ (net)
                  0.06    0.00    3.04 ^ _699_/RESET_B (sky130_fd_sc_hd__dfrtp_4)
                                  3.04   data arrival time

                         10.00   10.00   clock clk (rise edge)
                          0.00   10.00   clock source latency
                  0.21    0.14   10.14 ^ clk (in)
     1    0.03                           clk (net)
                  0.21    0.00   10.14 ^ clkbuf_0_clk/A (sky130_fd_sc_hd__clkbuf_16)
                  0.11    0.31   10.45 ^ clkbuf_0_clk/X (sky130_fd_sc_hd__clkbuf_16)
     4    0.05                           clknet_0_clk (net)
                  0.11    0.00   10.45 ^ clkbuf_2_1__f_clk/A (sky130_fd_sc_hd__clkbuf_16)
                  0.10    0.26   10.71 ^ clkbuf_2_1__f_clk/X (sky130_fd_sc_hd__clkbuf_16)
    14    0.05                           clknet_2_1__leaf_clk (net)
                  0.10    0.01   10.71 ^ _699_/CLK (sky130_fd_sc_hd__dfrtp_4)
                         -0.25   10.46   clock uncertainty
                          0.00   10.46   clock reconvergence pessimism
                          0.46   10.92   library recovery time
                                 10.92   data required time
-----------------------------------------------------------------------------
                                 10.92   data required time
                                 -3.04   data arrival time
-----------------------------------------------------------------------------
                                  7.88   slack (MET)


Startpoint: _725_ (rising edge-triggered flip-flop clocked by clk)
Endpoint: _747_ (rising edge-triggered flip-flop clocked by clk)
Path Group: clk
Path Type: max
Corner: Slowest

Fanout     Cap    Slew   Delay    Time   Description
-----------------------------------------------------------------------------
                          0.00    0.00   clock clk (rise edge)
                          0.00    0.00   clock source latency
                  0.21    0.15    0.15 ^ clk (in)
     1    0.03                           clk (net)
                  0.21    0.00    0.15 ^ clkbuf_0_clk/A (sky130_fd_sc_hd__clkbuf_16)
                  0.11    0.34    0.49 ^ clkbuf_0_clk/X (sky130_fd_sc_hd__clkbuf_16)
     4    0.05                           clknet_0_clk (net)
                  0.11    0.00    0.50 ^ clkbuf_2_0__f_clk/A (sky130_fd_sc_hd__clkbuf_16)
                  0.11    0.29    0.79 ^ clkbuf_2_0__f_clk/X (sky130_fd_sc_hd__clkbuf_16)
    15    0.05                           clknet_2_0__leaf_clk (net)
                  0.11    0.01    0.79 ^ _725_/CLK (sky130_fd_sc_hd__dfrtp_4)
                  0.17    1.14    1.93 v _725_/Q (sky130_fd_sc_hd__dfrtp_4)
     6    0.03                           u_core.M[0] (net)
                  0.17    0.00    1.94 v _354_/B (sky130_fd_sc_hd__nor2_2)
                  0.43    0.43    2.36 ^ _354_/Y (sky130_fd_sc_hd__nor2_2)
     3    0.02                           _115_ (net)
                  0.43    0.00    2.36 ^ _366_/A (sky130_fd_sc_hd__clkbuf_4)
                  0.20    0.53    2.89 ^ _366_/X (sky130_fd_sc_hd__clkbuf_4)
    10    0.04                           _127_ (net)
                  0.20    0.00    2.89 ^ _381_/A (sky130_fd_sc_hd__nand2_2)
                  0.22    0.26    3.15 v _381_/Y (sky130_fd_sc_hd__nand2_2)
     6    0.02                           _142_ (net)
                  0.22    0.00    3.15 v _383_/A2 (sky130_fd_sc_hd__o21ai_1)
                  0.32    0.39    3.54 ^ _383_/Y (sky130_fd_sc_hd__o21ai_1)
     2    0.01                           _144_ (net)
                  0.32    0.00    3.54 ^ _384_/B1 (sky130_fd_sc_hd__o21ai_1)
                  0.18    0.29    3.84 v _384_/Y (sky130_fd_sc_hd__o21ai_1)
     2    0.01                           _145_ (net)
                  0.18    0.00    3.84 v _436_/A (sky130_fd_sc_hd__nand2_1)
                  0.16    0.22    4.05 ^ _436_/Y (sky130_fd_sc_hd__nand2_1)
     3    0.01                           _197_ (net)
                  0.16    0.00    4.05 ^ _437_/D1 (sky130_fd_sc_hd__o2111a_1)
                  0.19    0.48    4.54 ^ _437_/X (sky130_fd_sc_hd__o2111a_1)
     2    0.01                           _198_ (net)
                  0.19    0.00    4.54 ^ _438_/D (sky130_fd_sc_hd__nand4_2)
                  0.35    0.44    4.97 v _438_/Y (sky130_fd_sc_hd__nand4_2)
     3    0.02                           _199_ (net)
                  0.35    0.00    4.97 v _444_/A2 (sky130_fd_sc_hd__a21oi_1)
                  0.43    0.57    5.54 ^ _444_/Y (sky130_fd_sc_hd__a21oi_1)
     2    0.01                           _205_ (net)
                  0.43    0.00    5.55 ^ _450_/A2 (sky130_fd_sc_hd__o21bai_2)
                  0.16    0.29    5.84 v _450_/Y (sky130_fd_sc_hd__o21bai_2)
     3    0.01                           _211_ (net)
                  0.16    0.00    5.84 v _453_/B1 (sky130_fd_sc_hd__a22oi_1)
                  0.22    0.25    6.09 ^ _453_/Y (sky130_fd_sc_hd__a22oi_1)
     1    0.00                           _214_ (net)
                  0.22    0.00    6.09 ^ _459_/A2_N (sky130_fd_sc_hd__a2bb2o_1)
                  0.10    0.68    6.77 v _459_/X (sky130_fd_sc_hd__a2bb2o_1)
     1    0.00                           _107_ (net)
                  0.10    0.00    6.77 v _747_/D (sky130_fd_sc_hd__dfrtp_2)
                                  6.77   data arrival time

                         10.00   10.00   clock clk (rise edge)
                          0.00   10.00   clock source latency
                  0.21    0.14   10.14 ^ clk (in)
     1    0.03                           clk (net)
                  0.21    0.00   10.14 ^ clkbuf_0_clk/A (sky130_fd_sc_hd__clkbuf_16)
                  0.11    0.31   10.45 ^ clkbuf_0_clk/X (sky130_fd_sc_hd__clkbuf_16)
     4    0.05                           clknet_0_clk (net)
                  0.11    0.00   10.45 ^ clkbuf_2_3__f_clk/A (sky130_fd_sc_hd__clkbuf_16)
                  0.10    0.26   10.71 ^ clkbuf_2_3__f_clk/X (sky130_fd_sc_hd__clkbuf_16)
    12    0.05                           clknet_2_3__leaf_clk (net)
                  0.10    0.00   10.71 ^ _747_/CLK (sky130_fd_sc_hd__dfrtp_2)
                         -0.25   10.46   clock uncertainty
                          0.05   10.51   clock reconvergence pessimism
                         -0.28   10.23   library setup time
                                 10.23   data required time
-----------------------------------------------------------------------------
                                 10.23   data required time
                                 -6.77   data arrival time
-----------------------------------------------------------------------------
                                  3.46   slack (MET)



======================= Typical Corner ===================================

Startpoint: rst (input port clocked by clk)
Endpoint: _699_ (recovery check against rising-edge clock clk)
Path Group: asynchronous
Path Type: max
Corner: Typical

Fanout     Cap    Slew   Delay    Time   Description
-----------------------------------------------------------------------------
                          0.00    0.00   clock clk (rise edge)
                          0.00    0.00   clock network delay (propagated)
                          2.00    2.00 v input external delay
                  0.01    0.01    2.01 v rst (in)
     1    0.01                           rst (net)
                  0.01    0.00    2.01 v input17/A (sky130_fd_sc_hd__clkbuf_1)
                  0.03    0.08    2.09 v input17/X (sky130_fd_sc_hd__clkbuf_1)
     1    0.00                           net17 (net)
                  0.03    0.00    2.09 v _634_/A (sky130_fd_sc_hd__buf_4)
                  0.08    0.19    2.27 v _634_/X (sky130_fd_sc_hd__buf_4)
     9    0.05                           _341_ (net)
                  0.08    0.00    2.28 v _635_/A (sky130_fd_sc_hd__clkbuf_8)
                  0.10    0.22    2.50 v _635_/X (sky130_fd_sc_hd__clkbuf_8)
    10    0.08                           _342_ (net)
                  0.10    0.01    2.51 v _641_/A (sky130_fd_sc_hd__inv_2)
                  0.04    0.07    2.58 ^ _641_/Y (sky130_fd_sc_hd__inv_2)
     1    0.00                           _006_ (net)
                  0.04    0.00    2.58 ^ _699_/RESET_B (sky130_fd_sc_hd__dfrtp_4)
                                  2.58   data arrival time

                         10.00   10.00   clock clk (rise edge)
                          0.00   10.00   clock source latency
                  0.13    0.09   10.09 ^ clk (in)
     1    0.03                           clk (net)
                  0.13    0.00   10.09 ^ clkbuf_0_clk/A (sky130_fd_sc_hd__clkbuf_16)
                  0.07    0.17   10.26 ^ clkbuf_0_clk/X (sky130_fd_sc_hd__clkbuf_16)
     4    0.05                           clknet_0_clk (net)
                  0.07    0.00   10.26 ^ clkbuf_2_1__f_clk/A (sky130_fd_sc_hd__clkbuf_16)
                  0.07    0.15   10.41 ^ clkbuf_2_1__f_clk/X (sky130_fd_sc_hd__clkbuf_16)
    14    0.05                           clknet_2_1__leaf_clk (net)
                  0.07    0.01   10.41 ^ _699_/CLK (sky130_fd_sc_hd__dfrtp_4)
                         -0.25   10.16   clock uncertainty
                          0.00   10.16   clock reconvergence pessimism
                          0.23   10.39   library recovery time
                                 10.39   data required time
-----------------------------------------------------------------------------
                                 10.39   data required time
                                 -2.58   data arrival time
-----------------------------------------------------------------------------
                                  7.81   slack (MET)


Startpoint: _715_ (rising edge-triggered flip-flop clocked by clk)
Endpoint: product[14] (output port clocked by clk)
Path Group: clk
Path Type: max
Corner: Typical

Fanout     Cap    Slew   Delay    Time   Description
-----------------------------------------------------------------------------
                          0.00    0.00   clock clk (rise edge)
                          0.00    0.00   clock source latency
                  0.13    0.10    0.10 ^ clk (in)
     1    0.03                           clk (net)
                  0.13    0.00    0.10 ^ clkbuf_0_clk/A (sky130_fd_sc_hd__clkbuf_16)
                  0.07    0.19    0.29 ^ clkbuf_0_clk/X (sky130_fd_sc_hd__clkbuf_16)
     4    0.05                           clknet_0_clk (net)
                  0.07    0.00    0.29 ^ clkbuf_2_3__f_clk/A (sky130_fd_sc_hd__clkbuf_16)
                  0.07    0.16    0.45 ^ clkbuf_2_3__f_clk/X (sky130_fd_sc_hd__clkbuf_16)
    12    0.05                           clknet_2_3__leaf_clk (net)
                  0.07    0.00    0.45 ^ _715_/CLK (sky130_fd_sc_hd__dfrtp_2)
                  0.10    0.48    0.94 v _715_/Q (sky130_fd_sc_hd__dfrtp_2)
     3    0.03                           net25 (net)
                  0.10    0.00    0.94 v output25/A (sky130_fd_sc_hd__clkbuf_4)
                  0.08    0.22    1.16 v output25/X (sky130_fd_sc_hd__clkbuf_4)
     1    0.03                           product[14] (net)
                  0.08    0.00    1.16 v product[14] (out)
                                  1.16   data arrival time

                         10.00   10.00   clock clk (rise edge)
                          0.00   10.00   clock network delay (propagated)
                         -0.25    9.75   clock uncertainty
                          0.00    9.75   clock reconvergence pessimism
                         -2.00    7.75   output external delay
                                  7.75   data required time
-----------------------------------------------------------------------------
                                  7.75   data required time
                                 -1.16   data arrival time
-----------------------------------------------------------------------------
                                  6.59   slack (MET)




===========================================================================
report_checks --slack_max -0.01
============================================================================
======================= Fastest Corner ===================================

No paths found.

======================= Slowest Corner ===================================

No paths found.

======================= Typical Corner ===================================

No paths found.


===========================================================================
 report_check_types -max_slew -max_cap -max_fanout -violators
============================================================================
======================= Fastest Corner ===================================

max fanout

Pin                                   Limit Fanout  Slack
---------------------------------------------------------
clkbuf_2_0__f_clk/X                      10     15     -5 (VIOLATED)
clkbuf_2_1__f_clk/X                      10     14     -4 (VIOLATED)
clkbuf_2_2__f_clk/X                      10     13     -3 (VIOLATED)
clkbuf_2_3__f_clk/X                      10     12     -2 (VIOLATED)


======================= Slowest Corner ===================================

max fanout

Pin                                   Limit Fanout  Slack
---------------------------------------------------------
clkbuf_2_0__f_clk/X                      10     15     -5 (VIOLATED)
clkbuf_2_1__f_clk/X                      10     14     -4 (VIOLATED)
clkbuf_2_2__f_clk/X                      10     13     -3 (VIOLATED)
clkbuf_2_3__f_clk/X                      10     12     -2 (VIOLATED)


======================= Typical Corner ===================================

max fanout

Pin                                   Limit Fanout  Slack
---------------------------------------------------------
clkbuf_2_0__f_clk/X                      10     15     -5 (VIOLATED)
clkbuf_2_1__f_clk/X                      10     14     -4 (VIOLATED)
clkbuf_2_2__f_clk/X                      10     13     -3 (VIOLATED)
clkbuf_2_3__f_clk/X                      10     12     -2 (VIOLATED)



===========================================================================
report_parasitic_annotation -report_unannotated
============================================================================
Found 0 unannotated drivers.
Found 0 partially unannotated drivers.

===========================================================================
max slew violation count 0
max fanout violation count 4
max cap violation count 0
============================================================================

===========================================================================
check_setup -verbose -unconstrained_endpoints -multiple_clock -no_clock -no_input_delay -loops -generated_clocks
===========================================================================
