
===========================================================================
 report_power
============================================================================
======================= Fastest Corner ===================================

Group                  Internal  Switching    Leakage      Total
                          Power      Power      Power      Power (Watts)
----------------------------------------------------------------
Sequential             3.75e-04   1.89e-04   2.63e-07   5.64e-04  22.2%
Combinational          8.77e-04   1.10e-03   4.74e-09   1.98e-03  77.8%
Macro                  0.00e+00   0.00e+00   0.00e+00   0.00e+00   0.0%
Pad                    0.00e+00   0.00e+00   0.00e+00   0.00e+00   0.0%
----------------------------------------------------------------
Total                  1.25e-03   1.29e-03   2.68e-07   2.54e-03 100.0%
                          49.3%      50.7%       0.0%

======================= Slowest Corner ===================================

Group                  Internal  Switching    Leakage      Total
                          Power      Power      Power      Power (Watts)
----------------------------------------------------------------
Sequential             2.52e-04   1.25e-04   1.05e-06   3.78e-04  21.4%
Combinational          6.59e-04   7.28e-04   1.94e-06   1.39e-03  78.6%
Macro                  0.00e+00   0.00e+00   0.00e+00   0.00e+00   0.0%
Pad                    0.00e+00   0.00e+00   0.00e+00   0.00e+00   0.0%
----------------------------------------------------------------
Total                  9.11e-04   8.53e-04   2.99e-06   1.77e-03 100.0%
                          51.6%      48.3%       0.2%

======================= Typical Corner ===================================

Group                  Internal  Switching    Leakage      Total
                          Power      Power      Power      Power (Watts)
----------------------------------------------------------------
Sequential             3.25e-04   1.59e-04   2.63e-07   4.84e-04  21.8%
Combinational          8.08e-04   9.29e-04   2.56e-09   1.74e-03  78.2%
Macro                  0.00e+00   0.00e+00   0.00e+00   0.00e+00   0.0%
Pad                    0.00e+00   0.00e+00   0.00e+00   0.00e+00   0.0%
----------------------------------------------------------------
Total                  1.13e-03   1.09e-03   2.65e-07   2.22e-03 100.0%
                          51.0%      49.0%       0.0%

