
===========================================================================
report_checks -unconstrained
===========================================================================
======================= Fastest Corner ===================================

Startpoint: rst (input port clocked by clk)
Endpoint: _699_ (recovery check against rising-edge clock clk)
Path Group: asynchronous
Path Type: max
Corner: Fastest

Fanout     Cap    Slew   Delay    Time   Description
-----------------------------------------------------------------------------
                          0.00    0.00   clock clk (rise edge)
                          0.00    0.00   clock network delay (propagated)
                          2.00    2.00 v input external delay
                  0.01    0.00    2.00 v rst (in)
     1    0.00                           rst (net)
                  0.01    0.00    2.00 v input17/A (sky130_fd_sc_hd__clkbuf_1)
                  0.02    0.05    2.05 v input17/X (sky130_fd_sc_hd__clkbuf_1)
     1    0.00                           net17 (net)
                  0.02    0.00    2.05 v _634_/A (sky130_fd_sc_hd__buf_4)
                  0.06    0.12    2.18 v _634_/X (sky130_fd_sc_hd__buf_4)
     9    0.05                           _341_ (net)
                  0.06    0.00    2.18 v _635_/A (sky130_fd_sc_hd__clkbuf_8)
                  0.07    0.15    2.33 v _635_/X (sky130_fd_sc_hd__clkbuf_8)
    10    0.08                           _342_ (net)
                  0.07    0.01    2.33 v _641_/A (sky130_fd_sc_hd__inv_2)
                  0.03    0.05    2.38 ^ _641_/Y (sky130_fd_sc_hd__inv_2)
     1    0.00                           _006_ (net)
                  0.03    0.00    2.38 ^ _699_/RESET_B (sky130_fd_sc_hd__dfrtp_4)
                                  2.38   data arrival time

                         10.00   10.00   clock clk (rise edge)
                          0.00   10.00   clock source latency
                  0.09    0.06   10.06 ^ clk (in)
     1    0.03                           clk (net)
                  0.09    0.00   10.06 ^ clkbuf_0_clk/A (sky130_fd_sc_hd__clkbuf_16)
                  0.05    0.11   10.17 ^ clkbuf_0_clk/X (sky130_fd_sc_hd__clkbuf_16)
     4    0.05                           clknet_0_clk (net)
                  0.05    0.00   10.17 ^ clkbuf_2_1__f_clk/A (sky130_fd_sc_hd__clkbuf_16)
                  0.05    0.10   10.27 ^ clkbuf_2_1__f_clk/X (sky130_fd_sc_hd__clkbuf_16)
    14    0.05                           clknet_2_1__leaf_clk (net)
                  0.05    0.00   10.27 ^ _699_/CLK (sky130_fd_sc_hd__dfrtp_4)
                         -0.25   10.02   clock uncertainty
                          0.00   10.02   clock reconvergence pessimism
                          0.14   10.16   library recovery time
                                 10.16   data required time
-----------------------------------------------------------------------------
                                 10.16   data required time
                                 -2.38   data arrival time
-----------------------------------------------------------------------------
                                  7.78   slack (MET)


Startpoint: _715_ (rising edge-triggered flip-flop clocked by clk)
Endpoint: product[14] (output port clocked by clk)
Path Group: clk
Path Type: max
Corner: Fastest

Fanout     Cap    Slew   Delay    Time   Description
-----------------------------------------------------------------------------
                          0.00    0.00   clock clk (rise edge)
                          0.00    0.00   clock source latency
                  0.09    0.07    0.07 ^ clk (in)
     1    0.03                           clk (net)
                  0.09    0.00    0.07 ^ clkbuf_0_clk/A (sky130_fd_sc_hd__clkbuf_16)
                  0.05    0.12    0.19 ^ clkbuf_0_clk/X (sky130_fd_sc_hd__clkbuf_16)
     4    0.05                           clknet_0_clk (net)
                  0.05    0.00    0.19 ^ clkbuf_2_3__f_clk/A (sky130_fd_sc_hd__clkbuf_16)
                  0.05    0.11    0.30 ^ clkbuf_2_3__f_clk/X (sky130_fd_sc_hd__clkbuf_16)
    12    0.04                           clknet_2_3__leaf_clk (net)
                  0.05    0.00    0.30 ^ _715_/CLK (sky130_fd_sc_hd__dfrtp_2)
                  0.06    0.30    0.60 v _715_/Q (sky130_fd_sc_hd__dfrtp_2)
     3    0.02                           net25 (net)
                  0.06    0.00    0.60 v output25/A (sky130_fd_sc_hd__clkbuf_4)
                  0.06    0.14    0.75 v output25/X (sky130_fd_sc_hd__clkbuf_4)
     1    0.03                           product[14] (net)
                  0.06    0.00    0.75 v product[14] (out)
                                  0.75   data arrival time

                         10.00   10.00   clock clk (rise edge)
                          0.00   10.00   clock network delay (propagated)
                         -0.25    9.75   clock uncertainty
                          0.00    9.75   clock reconvergence pessimism
                         -2.00    7.75   output external delay
                                  7.75   data required time
-----------------------------------------------------------------------------
                                  7.75   data required time
                                 -0.75   data arrival time
-----------------------------------------------------------------------------
                                  7.00   slack (MET)



======================= Slowest Corner ===================================

Startpoint: rst (input port clocked by clk)
Endpoint: _698_ (recovery check against rising-edge clock clk)
Path Group: asynchronous
Path Type: max
Corner: Slowest

Fanout     Cap    Slew   Delay    Time   Description
-----------------------------------------------------------------------------
                          0.00    0.00   clock clk (rise edge)
                          0.00    0.00   clock network delay (propagated)
                          2.00    2.00 v input external delay
                  0.03    0.02    2.02 v rst (in)
     1    0.00                           rst (net)
                  0.03    0.00    2.02 v input17/A (sky130_fd_sc_hd__clkbuf_1)
                  0.05    0.15    2.16 v input17/X (sky130_fd_sc_hd__clkbuf_1)
     1    0.00                           net17 (net)
                  0.05    0.00    2.16 v _634_/A (sky130_fd_sc_hd__buf_4)
                  0.14    0.34    2.50 v _634_/X (sky130_fd_sc_hd__buf_4)
     9    0.05                           _341_ (net)
                  0.14    0.00    2.50 v _635_/A (sky130_fd_sc_hd__clkbuf_8)
                  0.16    0.39    2.89 v _635_/X (sky130_fd_sc_hd__clkbuf_8)
    10    0.08                           _342_ (net)
                  0.16    0.00    2.89 v _640_/A (sky130_fd_sc_hd__inv_2)
                  0.06    0.11    3.00 ^ _640_/Y (sky130_fd_sc_hd__inv_2)
     1    0.00                           _005_ (net)
                  0.06    0.00    3.00 ^ _698_/RESET_B (sky130_fd_sc_hd__dfrtp_2)
                                  3.00   data arrival time

                         10.00   10.00   clock clk (rise edge)
                          0.00   10.00   clock source latency
                  0.19    0.12   10.12 ^ clk (in)
     1    0.03                           clk (net)
                  0.19    0.00   10.12 ^ clkbuf_0_clk/A (sky130_fd_sc_hd__clkbuf_16)
                  0.10    0.30   10.42 ^ clkbuf_0_clk/X (sky130_fd_sc_hd__clkbuf_16)
     4    0.05                           clknet_0_clk (net)
                  0.10    0.00   10.42 ^ clkbuf_2_3__f_clk/A (sky130_fd_sc_hd__clkbuf_16)
                  0.10    0.25   10.67 ^ clkbuf_2_3__f_clk/X (sky130_fd_sc_hd__clkbuf_16)
    12    0.04                           clknet_2_3__leaf_clk (net)
                  0.10    0.00   10.68 ^ _698_/CLK (sky130_fd_sc_hd__dfrtp_2)
                         -0.25   10.43   clock uncertainty
                          0.00   10.43   clock reconvergence pessimism
                          0.46   10.88   library recovery time
                                 10.88   data required time
-----------------------------------------------------------------------------
                                 10.88   data required time
                                 -3.00   data arrival time
-----------------------------------------------------------------------------
                                  7.88   slack (MET)


Startpoint: _725_ (rising edge-triggered flip-flop clocked by clk)
Endpoint: _714_ (rising edge-triggered flip-flop clocked by clk)
Path Group: clk
Path Type: max
Corner: Slowest

Fanout     Cap    Slew   Delay    Time   Description
-----------------------------------------------------------------------------
                          0.00    0.00   clock clk (rise edge)
                          0.00    0.00   clock source latency
                  0.19    0.14    0.14 ^ clk (in)
     1    0.03                           clk (net)
                  0.19    0.00    0.14 ^ clkbuf_0_clk/A (sky130_fd_sc_hd__clkbuf_16)
                  0.10    0.33    0.46 ^ clkbuf_0_clk/X (sky130_fd_sc_hd__clkbuf_16)
     4    0.05                           clknet_0_clk (net)
                  0.10    0.00    0.46 ^ clkbuf_2_0__f_clk/A (sky130_fd_sc_hd__clkbuf_16)
                  0.10    0.29    0.75 ^ clkbuf_2_0__f_clk/X (sky130_fd_sc_hd__clkbuf_16)
    15    0.05                           clknet_2_0__leaf_clk (net)
                  0.10    0.00    0.75 ^ _725_/CLK (sky130_fd_sc_hd__dfrtp_4)
                  0.16    1.13    1.88 v _725_/Q (sky130_fd_sc_hd__dfrtp_4)
     6    0.02                           u_core.M[0] (net)
                  0.16    0.00    1.88 v _354_/B (sky130_fd_sc_hd__nor2_2)
                  0.42    0.42    2.30 ^ _354_/Y (sky130_fd_sc_hd__nor2_2)
     3    0.02                           _115_ (net)
                  0.42    0.00    2.30 ^ _366_/A (sky130_fd_sc_hd__clkbuf_4)
                  0.19    0.52    2.82 ^ _366_/X (sky130_fd_sc_hd__clkbuf_4)
    10    0.04                           _127_ (net)
                  0.19    0.00    2.82 ^ _381_/A (sky130_fd_sc_hd__nand2_2)
                  0.21    0.25    3.07 v _381_/Y (sky130_fd_sc_hd__nand2_2)
     6    0.02                           _142_ (net)
                  0.21    0.00    3.07 v _383_/A2 (sky130_fd_sc_hd__o21ai_1)
                  0.32    0.38    3.45 ^ _383_/Y (sky130_fd_sc_hd__o21ai_1)
     2    0.01                           _144_ (net)
                  0.32    0.00    3.45 ^ _384_/B1 (sky130_fd_sc_hd__o21ai_1)
                  0.18    0.29    3.74 v _384_/Y (sky130_fd_sc_hd__o21ai_1)
     2    0.01                           _145_ (net)
                  0.18    0.00    3.74 v _436_/A (sky130_fd_sc_hd__nand2_1)
                  0.15    0.21    3.95 ^ _436_/Y (sky130_fd_sc_hd__nand2_1)
     3    0.01                           _197_ (net)
                  0.15    0.00    3.95 ^ _437_/D1 (sky130_fd_sc_hd__o2111a_1)
                  0.18    0.48    4.42 ^ _437_/X (sky130_fd_sc_hd__o2111a_1)
     2    0.01                           _198_ (net)
                  0.18    0.00    4.43 ^ _515_/C (sky130_fd_sc_hd__nand3_1)
                  0.27    0.32    4.75 v _515_/Y (sky130_fd_sc_hd__nand3_1)
     3    0.01                           _268_ (net)
                  0.27    0.00    4.75 v _524_/A1 (sky130_fd_sc_hd__a21oi_1)
                  0.14    0.27    5.02 ^ _524_/Y (sky130_fd_sc_hd__a21oi_1)
     1    0.00                           _276_ (net)
                  0.14    0.00    5.02 ^ _526_/A1_N (sky130_fd_sc_hd__a2bb2o_1)
                  0.15    0.73    5.75 v _526_/X (sky130_fd_sc_hd__a2bb2o_1)
     2    0.01                           _278_ (net)
                  0.15    0.00    5.75 v _596_/A0 (sky130_fd_sc_hd__mux2_1)
                  0.11    0.70    6.45 v _596_/X (sky130_fd_sc_hd__mux2_1)
     1    0.00                           _324_ (net)
                  0.11    0.00    6.45 v _597_/A (sky130_fd_sc_hd__clkbuf_1)
                  0.05    0.19    6.63 v _597_/X (sky130_fd_sc_hd__clkbuf_1)
     1    0.00                           _074_ (net)
                  0.05    0.00    6.63 v _714_/D (sky130_fd_sc_hd__dfrtp_1)
                                  6.63   data arrival time

                         10.00   10.00   clock clk (rise edge)
                          0.00   10.00   clock source latency
                  0.19    0.12   10.12 ^ clk (in)
     1    0.03                           clk (net)
                  0.19    0.00   10.12 ^ clkbuf_0_clk/A (sky130_fd_sc_hd__clkbuf_16)
                  0.10    0.30   10.42 ^ clkbuf_0_clk/X (sky130_fd_sc_hd__clkbuf_16)
     4    0.05                           clknet_0_clk (net)
                  0.10    0.00   10.42 ^ clkbuf_2_1__f_clk/A (sky130_fd_sc_hd__clkbuf_16)
                  0.10    0.25   10.68 ^ clkbuf_2_1__f_clk/X (sky130_fd_sc_hd__clkbuf_16)
    14    0.04                           clknet_2_1__leaf_clk (net)
                  0.10    0.00   10.68 ^ _714_/CLK (sky130_fd_sc_hd__dfrtp_1)
                         -0.25   10.43   clock uncertainty
                          0.04   10.47   clock reconvergence pessimism
                         -0.26   10.21   library setup time
                                 10.21   data required time
-----------------------------------------------------------------------------
                                 10.21   data required time
                                 -6.63   data arrival time
-----------------------------------------------------------------------------
                                  3.58   slack (MET)



======================= Typical Corner ===================================

Startpoint: rst (input port clocked by clk)
Endpoint: _699_ (recovery check against rising-edge clock clk)
Path Group: asynchronous
Path Type: max
Corner: Typical

Fanout     Cap    Slew   Delay    Time   Description
-----------------------------------------------------------------------------
                          0.00    0.00   clock clk (rise edge)
                          0.00    0.00   clock network delay (propagated)
                          2.00    2.00 v input external delay
                  0.01    0.01    2.01 v rst (in)
     1    0.00                           rst (net)
                  0.01    0.00    2.01 v input17/A (sky130_fd_sc_hd__clkbuf_1)
                  0.03    0.08    2.08 v input17/X (sky130_fd_sc_hd__clkbuf_1)
     1    0.00                           net17 (net)
                  0.03    0.00    2.08 v _634_/A (sky130_fd_sc_hd__buf_4)
                  0.08    0.19    2.27 v _634_/X (sky130_fd_sc_hd__buf_4)
     9    0.05                           _341_ (net)
                  0.08    0.00    2.27 v _635_/A (sky130_fd_sc_hd__clkbuf_8)
                  0.09    0.22    2.49 v _635_/X (sky130_fd_sc_hd__clkbuf_8)
    10    0.08                           _342_ (net)
                  0.09    0.01    2.50 v _641_/A (sky130_fd_sc_hd__inv_2)
                  0.04    0.06    2.56 ^ _641_/Y (sky130_fd_sc_hd__inv_2)
     1    0.00                           _006_ (net)
                  0.04    0.00    2.56 ^ _699_/RESET_B (sky130_fd_sc_hd__dfrtp_4)
                                  2.56   data arrival time

                         10.00   10.00   clock clk (rise edge)
                          0.00   10.00   clock source latency
                  0.12    0.08   10.08 ^ clk (in)
     1    0.03                           clk (net)
                  0.12    0.00   10.08 ^ clkbuf_0_clk/A (sky130_fd_sc_hd__clkbuf_16)
                  0.07    0.17   10.24 ^ clkbuf_0_clk/X (sky130_fd_sc_hd__clkbuf_16)
     4    0.05                           clknet_0_clk (net)
                  0.07    0.00   10.25 ^ clkbuf_2_1__f_clk/A (sky130_fd_sc_hd__clkbuf_16)
                  0.06    0.14   10.39 ^ clkbuf_2_1__f_clk/X (sky130_fd_sc_hd__clkbuf_16)
    14    0.04                           clknet_2_1__leaf_clk (net)
                  0.06    0.00   10.39 ^ _699_/CLK (sky130_fd_sc_hd__dfrtp_4)
                         -0.25   10.14   clock uncertainty
                          0.00   10.14   clock reconvergence pessimism
                          0.23   10.37   library recovery time
                                 10.37   data required time
-----------------------------------------------------------------------------
                                 10.37   data required time
                                 -2.56   data arrival time
-----------------------------------------------------------------------------
                                  7.81   slack (MET)


Startpoint: _715_ (rising edge-triggered flip-flop clocked by clk)
Endpoint: product[14] (output port clocked by clk)
Path Group: clk
Path Type: max
Corner: Typical

Fanout     Cap    Slew   Delay    Time   Description
-----------------------------------------------------------------------------
                          0.00    0.00   clock clk (rise edge)
                          0.00    0.00   clock source latency
                  0.12    0.09    0.09 ^ clk (in)
     1    0.03                           clk (net)
                  0.12    0.00    0.09 ^ clkbuf_0_clk/A (sky130_fd_sc_hd__clkbuf_16)
                  0.07    0.18    0.27 ^ clkbuf_0_clk/X (sky130_fd_sc_hd__clkbuf_16)
     4    0.05                           clknet_0_clk (net)
                  0.07    0.00    0.27 ^ clkbuf_2_3__f_clk/A (sky130_fd_sc_hd__clkbuf_16)
                  0.06    0.16    0.43 ^ clkbuf_2_3__f_clk/X (sky130_fd_sc_hd__clkbuf_16)
    12    0.04                           clknet_2_3__leaf_clk (net)
                  0.06    0.00    0.43 ^ _715_/CLK (sky130_fd_sc_hd__dfrtp_2)
                  0.09    0.48    0.91 v _715_/Q (sky130_fd_sc_hd__dfrtp_2)
     3    0.02                           net25 (net)
                  0.09    0.00    0.91 v output25/A (sky130_fd_sc_hd__clkbuf_4)
                  0.08    0.21    1.12 v output25/X (sky130_fd_sc_hd__clkbuf_4)
     1    0.03                           product[14] (net)
                  0.08    0.00    1.12 v product[14] (out)
                                  1.12   data arrival time

                         10.00   10.00   clock clk (rise edge)
                          0.00   10.00   clock network delay (propagated)
                         -0.25    9.75   clock uncertainty
                          0.00    9.75   clock reconvergence pessimism
                         -2.00    7.75   output external delay
                                  7.75   data required time
-----------------------------------------------------------------------------
                                  7.75   data required time
                                 -1.12   data arrival time
-----------------------------------------------------------------------------
                                  6.63   slack (MET)




===========================================================================
report_checks --slack_max -0.01
============================================================================
======================= Fastest Corner ===================================

No paths found.

======================= Slowest Corner ===================================

No paths found.

======================= Typical Corner ===================================

No paths found.


===========================================================================
 report_check_types -max_slew -max_cap -max_fanout -violators
============================================================================
======================= Fastest Corner ===================================

max fanout

Pin                                   Limit Fanout  Slack
---------------------------------------------------------
clkbuf_2_0__f_clk/X                      10     15     -5 (VIOLATED)
clkbuf_2_1__f_clk/X                      10     14     -4 (VIOLATED)
clkbuf_2_2__f_clk/X                      10     13     -3 (VIOLATED)
clkbuf_2_3__f_clk/X                      10     12     -2 (VIOLATED)


======================= Slowest Corner ===================================

max fanout

Pin                                   Limit Fanout  Slack
---------------------------------------------------------
clkbuf_2_0__f_clk/X                      10     15     -5 (VIOLATED)
clkbuf_2_1__f_clk/X                      10     14     -4 (VIOLATED)
clkbuf_2_2__f_clk/X                      10     13     -3 (VIOLATED)
clkbuf_2_3__f_clk/X                      10     12     -2 (VIOLATED)


======================= Typical Corner ===================================

max fanout

Pin                                   Limit Fanout  Slack
---------------------------------------------------------
clkbuf_2_0__f_clk/X                      10     15     -5 (VIOLATED)
clkbuf_2_1__f_clk/X                      10     14     -4 (VIOLATED)
clkbuf_2_2__f_clk/X                      10     13     -3 (VIOLATED)
clkbuf_2_3__f_clk/X                      10     12     -2 (VIOLATED)



===========================================================================
report_parasitic_annotation -report_unannotated
============================================================================
Found 0 unannotated drivers.
Found 0 partially unannotated drivers.

===========================================================================
max slew violation count 0
max fanout violation count 4
max cap violation count 0
============================================================================

===========================================================================
check_setup -verbose -unconstrained_endpoints -multiple_clock -no_clock -no_input_delay -loops -generated_clocks
===========================================================================
