
===========================================================================
 report_power
============================================================================
======================= Fastest Corner ===================================

Group                  Internal  Switching    Leakage      Total
                          Power      Power      Power      Power (Watts)
----------------------------------------------------------------
Sequential             3.77e-04   1.74e-04   2.63e-07   5.52e-04  22.5%
Combinational          8.76e-04   1.03e-03   4.74e-09   1.90e-03  77.5%
Macro                  0.00e+00   0.00e+00   0.00e+00   0.00e+00   0.0%
Pad                    0.00e+00   0.00e+00   0.00e+00   0.00e+00   0.0%
----------------------------------------------------------------
Total                  1.25e-03   1.20e-03   2.68e-07   2.45e-03 100.0%
                          51.1%      48.9%       0.0%

======================= Slowest Corner ===================================

Group                  Internal  Switching    Leakage      Total
                          Power      Power      Power      Power (Watts)
----------------------------------------------------------------
Sequential             2.54e-04   1.15e-04   1.05e-06   3.70e-04  21.6%
Combinational          6.59e-04   6.79e-04   1.94e-06   1.34e-03  78.4%
Macro                  0.00e+00   0.00e+00   0.00e+00   0.00e+00   0.0%
Pad                    0.00e+00   0.00e+00   0.00e+00   0.00e+00   0.0%
----------------------------------------------------------------
Total                  9.12e-04   7.94e-04   2.99e-06   1.71e-03 100.0%
                          53.4%      46.4%       0.2%

======================= Typical Corner ===================================

Group                  Internal  Switching    Leakage      Total
                          Power      Power      Power      Power (Watts)
----------------------------------------------------------------
Sequential             3.27e-04   1.47e-04   2.63e-07   4.73e-04  22.0%
Combinational          8.07e-04   8.67e-04   2.56e-09   1.67e-03  78.0%
Macro                  0.00e+00   0.00e+00   0.00e+00   0.00e+00   0.0%
Pad                    0.00e+00   0.00e+00   0.00e+00   0.00e+00   0.0%
----------------------------------------------------------------
Total                  1.13e-03   1.01e-03   2.65e-07   2.15e-03 100.0%
                          52.8%      47.2%       0.0%

