[INFO]: Run Directory: /openlane/designs/booth8_chip/runs/RUN_2026.02.14_13.40.55
[INFO]: Saving runtime environment...
[INFO]: Preparing LEF files for the nom corner...
[INFO]: Preparing LEF files for the min corner...
[INFO]: Preparing LEF files for the max corner...
[INFO]: Running linter (Verilator) (log: designs/booth8_chip/runs/RUN_2026.02.14_13.40.55/logs/synthesis/linter.log)...
[ERROR]: 3 errors found by linter
[ERROR]: Step 0 (verilator_lint_check) failed with error:
-code 1 -level 0 -errorcode NONE -errorinfo {
    while executing
"throw_error"
    (procedure "run_verilator" line 60)
    invoked from within
"run_verilator"
    (procedure "run_verilator_step" line 3)
    invoked from within
"run_verilator_step"} -errorline 1
[INFO]: Saving current set of views in 'designs/booth8_chip/runs/RUN_2026.02.14_13.40.55/results/final'...
[INFO]: Generating final set of reports...
[INFO]: Created manufacturability report at 'designs/booth8_chip/runs/RUN_2026.02.14_13.40.55/reports/manufacturability.rpt'.
[INFO]: Created metrics report at 'designs/booth8_chip/runs/RUN_2026.02.14_13.40.55/reports/metrics.csv'.
[INFO]: Saving runtime environment...
[ERROR]: Flow failed.
