OpenROAD 41a51eaf4ca2171c92ff38afb91eb37bbd3f36da 
This program is licensed under the BSD-3 license. See the LICENSE file for details.
Components of this program may be licensed under more restrictive licenses which must be honored.
[INFO]: Reading ODB at '/openlane/designs/booth8_chip/runs/RUN_2026.02.14_13.42.57/tmp/routing/22-fill.odb'…
define_corners Typical
read_liberty -corner Typical /home/charan/.ciel/sky130A/libs.ref/sky130_fd_sc_hd/lib/sky130_fd_sc_hd__tt_025C_1v80.lib
Using 1e-12 for capacitance...
Using 1e+03 for resistance...
Using 1e-09 for time...
Using 1e+00 for voltage...
Using 1e-03 for current...
Using 1e-09 for power...
Using 1e-06 for distance...
Reading design constraints file at '/openlane/designs/booth8_chip/runs/RUN_2026.02.14_13.42.57/tmp/17-booth8_chip.sdc'…
[INFO ORD-0030] Using 2 thread(s).
[INFO DRT-0149] Reading tech and libs.

Units:                1000
Number of layers:     13
Number of macros:     441
Number of vias:       25
Number of viarulegen: 25

[INFO DRT-0150] Reading design.

Design:                   booth8_chip
Die area:                 ( 0 0 ) ( 113590 124310 )
Number of track patterns: 12
Number of DEF vias:       0
Number of components:     1398
Number of terminals:      38
Number of snets:          2
Number of nets:           495

[INFO DRT-0167] List of default vias:
  Layer mcon
    default via: L1M1_PR
  Layer via
    default via: M1M2_PR
  Layer via2
    default via: M2M3_PR
  Layer via3
    default via: M3M4_PR
  Layer via4
    default via: M4M5_PR
[INFO DRT-0162] Library cell analysis.
[INFO DRT-0163] Instance analysis.
[INFO DRT-0164] Number of unique instances = 143.
[INFO DRT-0168] Init region query.
[INFO DRT-0024]   Complete FR_MASTERSLICE.
[INFO DRT-0024]   Complete licon.
[INFO DRT-0024]   Complete li1.
[INFO DRT-0024]   Complete mcon.
[INFO DRT-0024]   Complete met1.
[INFO DRT-0024]   Complete via.
[INFO DRT-0024]   Complete met2.
[INFO DRT-0024]   Complete via2.
[INFO DRT-0024]   Complete met3.
[INFO DRT-0024]   Complete via3.
[INFO DRT-0024]   Complete met4.
[INFO DRT-0024]   Complete via4.
[INFO DRT-0024]   Complete met5.
[INFO DRT-0033] FR_MASTERSLICE shape region query size = 0.
[INFO DRT-0033] licon shape region query size = 0.
[INFO DRT-0033] li1 shape region query size = 17815.
[INFO DRT-0033] mcon shape region query size = 4632.
[INFO DRT-0033] met1 shape region query size = 4111.
[INFO DRT-0033] via shape region query size = 760.
[INFO DRT-0033] met2 shape region query size = 474.
[INFO DRT-0033] via2 shape region query size = 608.
[INFO DRT-0033] met3 shape region query size = 474.
[INFO DRT-0033] via3 shape region query size = 608.
[INFO DRT-0033] met4 shape region query size = 200.
[INFO DRT-0033] via4 shape region query size = 32.
[INFO DRT-0033] met5 shape region query size = 48.
[INFO DRT-0165] Start pin access.
[INFO DRT-0076]   Complete 100 pins.
[INFO DRT-0076]   Complete 200 pins.
[INFO DRT-0076]   Complete 300 pins.
[INFO DRT-0076]   Complete 400 pins.
[INFO DRT-0076]   Complete 500 pins.
[INFO DRT-0078]   Complete 504 pins.
[INFO DRT-0079]   Complete 100 unique inst patterns.
[INFO DRT-0081]   Complete 125 unique inst patterns.
[INFO DRT-0084]   Complete 318 groups.
#scanned instances     = 1398
#unique  instances     = 143
#stdCellGenAp          = 3922
#stdCellValidPlanarAp  = 38
#stdCellValidViaAp     = 3014
#stdCellPinNoAp        = 0
#stdCellPinCnt         = 1619
#instTermValidViaApCnt = 0
#macroGenAp            = 0
#macroValidPlanarAp    = 0
#macroValidViaAp       = 0
#macroNoAp             = 0
[INFO DRT-0166] Complete pin access.
[INFO DRT-0267] cpu time = 00:00:21, elapsed time = 00:00:10, memory = 118.90 (MB), peak = 118.90 (MB)

Number of guides:     3585

[INFO DRT-0169] Post process guides.
[INFO DRT-0176] GCELLGRID X 0 DO 16 STEP 6900 ;
[INFO DRT-0177] GCELLGRID Y 0 DO 18 STEP 6900 ;
[INFO DRT-0028]   Complete FR_MASTERSLICE.
[INFO DRT-0028]   Complete licon.
[INFO DRT-0028]   Complete li1.
[INFO DRT-0028]   Complete mcon.
[INFO DRT-0028]   Complete met1.
[INFO DRT-0028]   Complete via.
[INFO DRT-0028]   Complete met2.
[INFO DRT-0028]   Complete via2.
[INFO DRT-0028]   Complete met3.
[INFO DRT-0028]   Complete via3.
[INFO DRT-0028]   Complete met4.
[INFO DRT-0028]   Complete via4.
[INFO DRT-0028]   Complete met5.
[INFO DRT-0178] Init guide query.
[INFO DRT-0035]   Complete FR_MASTERSLICE (guide).
[INFO DRT-0035]   Complete licon (guide).
[INFO DRT-0035]   Complete li1 (guide).
[INFO DRT-0035]   Complete mcon (guide).
[INFO DRT-0035]   Complete met1 (guide).
[INFO DRT-0035]   Complete via (guide).
[INFO DRT-0035]   Complete met2 (guide).
[INFO DRT-0035]   Complete via2 (guide).
[INFO DRT-0035]   Complete met3 (guide).
[INFO DRT-0035]   Complete via3 (guide).
[INFO DRT-0035]   Complete met4 (guide).
[INFO DRT-0035]   Complete via4 (guide).
[INFO DRT-0035]   Complete met5 (guide).
[INFO DRT-0036] FR_MASTERSLICE guide region query size = 0.
[INFO DRT-0036] licon guide region query size = 0.
[INFO DRT-0036] li1 guide region query size = 1251.
[INFO DRT-0036] mcon guide region query size = 0.
[INFO DRT-0036] met1 guide region query size = 989.
[INFO DRT-0036] via guide region query size = 0.
[INFO DRT-0036] met2 guide region query size = 511.
[INFO DRT-0036] via2 guide region query size = 0.
[INFO DRT-0036] met3 guide region query size = 51.
[INFO DRT-0036] via3 guide region query size = 0.
[INFO DRT-0036] met4 guide region query size = 10.
[INFO DRT-0036] via4 guide region query size = 0.
[INFO DRT-0036] met5 guide region query size = 0.
[INFO DRT-0179] Init gr pin query.
[INFO DRT-0245] skipped writing guide updates to database.
[INFO DRT-0185] Post process initialize RPin region query.
[INFO DRT-0181] Start track assignment.
[INFO DRT-0184] Done with 1772 vertical wires in 1 frboxes and 1040 horizontal wires in 1 frboxes.
[INFO DRT-0186] Done with 168 vertical wires in 1 frboxes and 327 horizontal wires in 1 frboxes.
[INFO DRT-0182] Complete track assignment.
[INFO DRT-0267] cpu time = 00:00:00, elapsed time = 00:00:00, memory = 124.69 (MB), peak = 129.93 (MB)
[INFO DRT-0187] Start routing data preparation.
[INFO DRT-0267] cpu time = 00:00:00, elapsed time = 00:00:00, memory = 124.69 (MB), peak = 129.93 (MB)
[INFO DRT-0194] Start detail routing.
[INFO DRT-0195] Start 0th optimization iteration.
    Completing 10% with 0 violations.
    elapsed time = 00:00:00, memory = 148.84 (MB).
    Completing 20% with 0 violations.
    elapsed time = 00:00:00, memory = 153.01 (MB).
    Completing 30% with 0 violations.
    elapsed time = 00:00:00, memory = 153.96 (MB).
    Completing 40% with 0 violations.
    elapsed time = 00:00:00, memory = 150.55 (MB).
    Completing 50% with 40 violations.
    elapsed time = 00:00:01, memory = 163.70 (MB).
    Completing 60% with 40 violations.
    elapsed time = 00:00:03, memory = 160.87 (MB).
    Completing 70% with 106 violations.
    elapsed time = 00:00:03, memory = 165.32 (MB).
    Completing 80% with 106 violations.
    elapsed time = 00:00:05, memory = 167.21 (MB).
    Completing 90% with 155 violations.
    elapsed time = 00:00:10, memory = 173.95 (MB).
    Completing 100% with 247 violations.
    elapsed time = 00:00:10, memory = 173.95 (MB).
[INFO DRT-0199]   Number of violations = 376.
Viol/Layer         li1   mcon   met1   met2   met3
Cut Spacing          0      1      0      0      0
Metal Spacing       10      0     40     17      0
Recheck              0      0     66     62      1
Short                0      0    175      4      0
[INFO DRT-0267] cpu time = 00:00:11, elapsed time = 00:00:11, memory = 497.71 (MB), peak = 497.71 (MB)
Total wire length = 13221 um.
Total wire length on LAYER li1 = 0 um.
Total wire length on LAYER met1 = 6369 um.
Total wire length on LAYER met2 = 5700 um.
Total wire length on LAYER met3 = 777 um.
Total wire length on LAYER met4 = 373 um.
Total wire length on LAYER met5 = 0 um.
Total number of vias = 3300.
Up-via summary (total 3300):.

-----------------------
 FR_MASTERSLICE       0
            li1    1563
           met1    1642
           met2      74
           met3      21
           met4       0
-----------------------
                   3300


[INFO DRT-0195] Start 1st optimization iteration.
    Completing 10% with 376 violations.
    elapsed time = 00:00:00, memory = 497.71 (MB).
    Completing 20% with 376 violations.
    elapsed time = 00:00:00, memory = 497.71 (MB).
    Completing 30% with 376 violations.
    elapsed time = 00:00:00, memory = 503.22 (MB).
    Completing 40% with 376 violations.
    elapsed time = 00:00:00, memory = 503.22 (MB).
    Completing 50% with 370 violations.
    elapsed time = 00:00:00, memory = 505.34 (MB).
    Completing 60% with 370 violations.
    elapsed time = 00:00:00, memory = 505.43 (MB).
    Completing 70% with 309 violations.
    elapsed time = 00:00:01, memory = 512.69 (MB).
    Completing 80% with 309 violations.
    elapsed time = 00:00:02, memory = 513.98 (MB).
    Completing 90% with 254 violations.
    elapsed time = 00:00:09, memory = 485.78 (MB).
    Completing 100% with 186 violations.
    elapsed time = 00:00:09, memory = 485.78 (MB).
[INFO DRT-0199]   Number of violations = 186.
Viol/Layer        met1   met2
Metal Spacing       23      4
Short              152      7
[INFO DRT-0267] cpu time = 00:00:11, elapsed time = 00:00:09, memory = 486.60 (MB), peak = 514.05 (MB)
Total wire length = 13056 um.
Total wire length on LAYER li1 = 0 um.
Total wire length on LAYER met1 = 6241 um.
Total wire length on LAYER met2 = 5661 um.
Total wire length on LAYER met3 = 779 um.
Total wire length on LAYER met4 = 374 um.
Total wire length on LAYER met5 = 0 um.
Total number of vias = 3280.
Up-via summary (total 3280):.

-----------------------
 FR_MASTERSLICE       0
            li1    1562
           met1    1622
           met2      75
           met3      21
           met4       0
-----------------------
                   3280


[INFO DRT-0195] Start 2nd optimization iteration.
    Completing 10% with 186 violations.
    elapsed time = 00:00:00, memory = 486.60 (MB).
    Completing 20% with 186 violations.
    elapsed time = 00:00:00, memory = 486.60 (MB).
    Completing 30% with 186 violations.
    elapsed time = 00:00:01, memory = 486.73 (MB).
    Completing 40% with 170 violations.
    elapsed time = 00:00:01, memory = 486.73 (MB).
    Completing 50% with 170 violations.
    elapsed time = 00:00:01, memory = 486.73 (MB).
    Completing 60% with 170 violations.
    elapsed time = 00:00:04, memory = 486.73 (MB).
    Completing 70% with 229 violations.
    elapsed time = 00:00:04, memory = 486.73 (MB).
    Completing 80% with 229 violations.
    elapsed time = 00:00:07, memory = 528.67 (MB).
    Completing 90% with 176 violations.
    elapsed time = 00:00:07, memory = 485.78 (MB).
    Completing 100% with 163 violations.
    elapsed time = 00:00:10, memory = 485.78 (MB).
[INFO DRT-0199]   Number of violations = 163.
Viol/Layer        met1   met2
Metal Spacing       35      1
Short              125      2
[INFO DRT-0267] cpu time = 00:00:10, elapsed time = 00:00:10, memory = 486.53 (MB), peak = 528.67 (MB)
Total wire length = 13043 um.
Total wire length on LAYER li1 = 0 um.
Total wire length on LAYER met1 = 6237 um.
Total wire length on LAYER met2 = 5703 um.
Total wire length on LAYER met3 = 737 um.
Total wire length on LAYER met4 = 365 um.
Total wire length on LAYER met5 = 0 um.
Total number of vias = 3295.
Up-via summary (total 3295):.

-----------------------
 FR_MASTERSLICE       0
            li1    1562
           met1    1646
           met2      68
           met3      19
           met4       0
-----------------------
                   3295


[INFO DRT-0195] Start 3rd optimization iteration.
    Completing 10% with 163 violations.
    elapsed time = 00:00:00, memory = 495.30 (MB).
    Completing 20% with 163 violations.
    elapsed time = 00:00:00, memory = 497.10 (MB).
    Completing 30% with 163 violations.
    elapsed time = 00:00:00, memory = 497.11 (MB).
    Completing 40% with 163 violations.
    elapsed time = 00:00:00, memory = 497.11 (MB).
    Completing 50% with 155 violations.
    elapsed time = 00:00:00, memory = 497.11 (MB).
    Completing 60% with 155 violations.
    elapsed time = 00:00:01, memory = 497.11 (MB).
    Completing 70% with 139 violations.
    elapsed time = 00:00:01, memory = 497.11 (MB).
    Completing 80% with 139 violations.
    elapsed time = 00:00:04, memory = 497.22 (MB).
    Completing 90% with 109 violations.
    elapsed time = 00:00:11, memory = 497.22 (MB).
    Completing 100% with 38 violations.
    elapsed time = 00:00:11, memory = 497.22 (MB).
[INFO DRT-0199]   Number of violations = 38.
Viol/Layer        met1   met2
Metal Spacing       14      1
Short               15      8
[INFO DRT-0267] cpu time = 00:00:11, elapsed time = 00:00:11, memory = 497.22 (MB), peak = 528.67 (MB)
Total wire length = 13033 um.
Total wire length on LAYER li1 = 0 um.
Total wire length on LAYER met1 = 5904 um.
Total wire length on LAYER met2 = 5716 um.
Total wire length on LAYER met3 = 1051 um.
Total wire length on LAYER met4 = 360 um.
Total wire length on LAYER met5 = 0 um.
Total number of vias = 3359.
Up-via summary (total 3359):.

-----------------------
 FR_MASTERSLICE       0
            li1    1562
           met1    1652
           met2     125
           met3      20
           met4       0
-----------------------
                   3359


[INFO DRT-0195] Start 4th optimization iteration.
    Completing 10% with 38 violations.
    elapsed time = 00:00:00, memory = 497.22 (MB).
    Completing 20% with 38 violations.
    elapsed time = 00:00:00, memory = 497.22 (MB).
    Completing 30% with 38 violations.
    elapsed time = 00:00:00, memory = 497.22 (MB).
    Completing 40% with 38 violations.
    elapsed time = 00:00:00, memory = 497.22 (MB).
    Completing 50% with 38 violations.
    elapsed time = 00:00:00, memory = 497.22 (MB).
    Completing 60% with 38 violations.
    elapsed time = 00:00:00, memory = 497.22 (MB).
    Completing 70% with 38 violations.
    elapsed time = 00:00:00, memory = 497.22 (MB).
    Completing 80% with 38 violations.
    elapsed time = 00:00:00, memory = 497.22 (MB).
    Completing 90% with 35 violations.
    elapsed time = 00:00:02, memory = 497.22 (MB).
    Completing 100% with 0 violations.
    elapsed time = 00:00:02, memory = 497.22 (MB).
[INFO DRT-0199]   Number of violations = 0.
[INFO DRT-0267] cpu time = 00:00:02, elapsed time = 00:00:02, memory = 497.22 (MB), peak = 528.67 (MB)
Total wire length = 13024 um.
Total wire length on LAYER li1 = 0 um.
Total wire length on LAYER met1 = 5886 um.
Total wire length on LAYER met2 = 5709 um.
Total wire length on LAYER met3 = 1068 um.
Total wire length on LAYER met4 = 360 um.
Total wire length on LAYER met5 = 0 um.
Total number of vias = 3358.
Up-via summary (total 3358):.

-----------------------
 FR_MASTERSLICE       0
            li1    1562
           met1    1652
           met2     124
           met3      20
           met4       0
-----------------------
                   3358


[INFO DRT-0198] Complete detail routing.
Total wire length = 13024 um.
Total wire length on LAYER li1 = 0 um.
Total wire length on LAYER met1 = 5886 um.
Total wire length on LAYER met2 = 5709 um.
Total wire length on LAYER met3 = 1068 um.
Total wire length on LAYER met4 = 360 um.
Total wire length on LAYER met5 = 0 um.
Total number of vias = 3358.
Up-via summary (total 3358):.

-----------------------
 FR_MASTERSLICE       0
            li1    1562
           met1    1652
           met2     124
           met3      20
           met4       0
-----------------------
                   3358


[INFO DRT-0267] cpu time = 00:00:48, elapsed time = 00:00:45, memory = 497.22 (MB), peak = 528.67 (MB)

[INFO DRT-0180] Post processing.
Setting global connections for newly added cells…
Writing OpenROAD database to '/openlane/designs/booth8_chip/runs/RUN_2026.02.14_13.42.57/results/routing/booth8_chip.odb'…
Writing netlist to '/openlane/designs/booth8_chip/runs/RUN_2026.02.14_13.42.57/results/routing/booth8_chip.nl.v'…
Writing powered netlist to '/openlane/designs/booth8_chip/runs/RUN_2026.02.14_13.42.57/results/routing/booth8_chip.pnl.v'…
Writing layout to '/openlane/designs/booth8_chip/runs/RUN_2026.02.14_13.42.57/results/routing/booth8_chip.def'…
