
===========================================================================
report_checks -unconstrained
===========================================================================
======================= Typical Corner ===================================

Startpoint: rst (input port clocked by clk)
Endpoint: _706_ (recovery check against rising-edge clock clk)
Path Group: asynchronous
Path Type: max

Fanout     Cap    Slew   Delay    Time   Description
-----------------------------------------------------------------------------
                  0.15    0.00    0.00   clock clk (rise edge)
                          0.00    0.00   clock network delay (ideal)
                          2.00    2.00 v input external delay
                  0.01    0.01    2.01 v rst (in)
     1    0.00                           rst (net)
                  0.01    0.00    2.01 v _634_/A (sky130_fd_sc_hd__buf_1)
                  0.21    0.22    2.23 v _634_/X (sky130_fd_sc_hd__buf_1)
     9    0.04                           _341_ (net)
                  0.21    0.00    2.23 v _646_/A (sky130_fd_sc_hd__buf_1)
                  0.36    0.43    2.66 v _646_/X (sky130_fd_sc_hd__buf_1)
    10    0.06                           _343_ (net)
                  0.36    0.00    2.66 v _649_/A (sky130_fd_sc_hd__inv_2)
                  0.08    0.13    2.79 ^ _649_/Y (sky130_fd_sc_hd__inv_2)
     1    0.00                           _013_ (net)
                  0.08    0.00    2.79 ^ _706_/RESET_B (sky130_fd_sc_hd__dfrtp_2)
                                  2.79   data arrival time

                  0.15   10.00   10.00   clock clk (rise edge)
                          0.00   10.00   clock network delay (ideal)
                         -0.25    9.75   clock uncertainty
                          0.00    9.75   clock reconvergence pessimism
                                  9.75 ^ _706_/CLK (sky130_fd_sc_hd__dfrtp_2)
                          0.24    9.99   library recovery time
                                  9.99   data required time
-----------------------------------------------------------------------------
                                  9.99   data required time
                                 -2.79   data arrival time
-----------------------------------------------------------------------------
                                  7.20   slack (MET)


Startpoint: _728_ (rising edge-triggered flip-flop clocked by clk)
Endpoint: _744_ (rising edge-triggered flip-flop clocked by clk)
Path Group: clk
Path Type: max

Fanout     Cap    Slew   Delay    Time   Description
-----------------------------------------------------------------------------
                  0.15    0.00    0.00   clock clk (rise edge)
                          0.00    0.00   clock network delay (ideal)
                  0.15    0.00    0.00 ^ _728_/CLK (sky130_fd_sc_hd__dfrtp_2)
                  0.08    0.49    0.49 v _728_/Q (sky130_fd_sc_hd__dfrtp_2)
     4    0.02                           u_core.M[3] (net)
                  0.08    0.00    0.49 v _355_/A (sky130_fd_sc_hd__nor2_2)
                  0.33    0.32    0.81 ^ _355_/Y (sky130_fd_sc_hd__nor2_2)
     7    0.03                           _116_ (net)
                  0.33    0.00    0.81 ^ _357_/C (sky130_fd_sc_hd__nand4b_2)
                  0.15    0.21    1.01 v _357_/Y (sky130_fd_sc_hd__nand4b_2)
     3    0.01                           _118_ (net)
                  0.15    0.00    1.01 v _360_/A1 (sky130_fd_sc_hd__a21oi_2)
                  0.34    0.37    1.38 ^ _360_/Y (sky130_fd_sc_hd__a21oi_2)
     4    0.03                           _121_ (net)
                  0.34    0.00    1.38 ^ _361_/A (sky130_fd_sc_hd__buf_1)
                  0.76    0.66    2.05 ^ _361_/X (sky130_fd_sc_hd__buf_1)
    10    0.07                           _122_ (net)
                  0.76    0.00    2.05 ^ _377_/A2 (sky130_fd_sc_hd__a32oi_2)
                  0.14    0.21    2.26 v _377_/Y (sky130_fd_sc_hd__a32oi_2)
     1    0.00                           _138_ (net)
                  0.14    0.00    2.26 v _405_/A2 (sky130_fd_sc_hd__o22a_2)
                  0.07    0.30    2.56 v _405_/X (sky130_fd_sc_hd__o22a_2)
     3    0.02                           _166_ (net)
                  0.07    0.00    2.56 v _444_/A1 (sky130_fd_sc_hd__a21oi_2)
                  0.16    0.19    2.75 ^ _444_/Y (sky130_fd_sc_hd__a21oi_2)
     2    0.01                           _205_ (net)
                  0.16    0.00    2.75 ^ _471_/A2 (sky130_fd_sc_hd__o21bai_2)
                  0.08    0.11    2.86 v _471_/Y (sky130_fd_sc_hd__o21bai_2)
     3    0.01                           _230_ (net)
                  0.08    0.00    2.86 v _486_/B1 (sky130_fd_sc_hd__a22o_2)
                  0.04    0.22    3.08 v _486_/X (sky130_fd_sc_hd__a22o_2)
     1    0.00                           _244_ (net)
                  0.04    0.00    3.08 v _488_/B1 (sky130_fd_sc_hd__a22o_2)
                  0.04    0.21    3.29 v _488_/X (sky130_fd_sc_hd__a22o_2)
     1    0.00                           _104_ (net)
                  0.04    0.00    3.29 v _744_/D (sky130_fd_sc_hd__dfrtp_2)
                                  3.29   data arrival time

                  0.15   10.00   10.00   clock clk (rise edge)
                          0.00   10.00   clock network delay (ideal)
                         -0.25    9.75   clock uncertainty
                          0.00    9.75   clock reconvergence pessimism
                                  9.75 ^ _744_/CLK (sky130_fd_sc_hd__dfrtp_2)
                         -0.09    9.66   library setup time
                                  9.66   data required time
-----------------------------------------------------------------------------
                                  9.66   data required time
                                 -3.29   data arrival time
-----------------------------------------------------------------------------
                                  6.37   slack (MET)




===========================================================================
report_checks --slack_max -0.01
============================================================================
======================= Typical Corner ===================================

No paths found.


===========================================================================
 report_check_types -max_slew -max_cap -max_fanout -violators
============================================================================
======================= Typical Corner ===================================

max slew

Pin                                    Limit    Slew   Slack
------------------------------------------------------------
_649_/A                                 0.75    0.77   -0.02 (VIOLATED)
_655_/A                                 0.75    0.77   -0.02 (VIOLATED)
_652_/A                                 0.75    0.77   -0.02 (VIOLATED)
_647_/A                                 0.75    0.77   -0.02 (VIOLATED)
_653_/A                                 0.75    0.77   -0.02 (VIOLATED)
_654_/A                                 0.75    0.77   -0.02 (VIOLATED)
_656_/A                                 0.75    0.77   -0.02 (VIOLATED)
_646_/X                                 0.75    0.77   -0.02 (VIOLATED)
_648_/A                                 0.75    0.77   -0.02 (VIOLATED)
_650_/A                                 0.75    0.77   -0.02 (VIOLATED)
_651_/A                                 0.75    0.77   -0.02 (VIOLATED)
_445_/B                                 0.75    0.76   -0.01 (VIOLATED)
_364_/B1                                0.75    0.76   -0.01 (VIOLATED)
_453_/A2                                0.75    0.76   -0.01 (VIOLATED)
_462_/B                                 0.75    0.76   -0.01 (VIOLATED)
_377_/A2                                0.75    0.76   -0.01 (VIOLATED)
_369_/A2                                0.75    0.76   -0.01 (VIOLATED)
_361_/X                                 0.75    0.76   -0.01 (VIOLATED)
_365_/B1                                0.75    0.76   -0.01 (VIOLATED)
_441_/B                                 0.75    0.76   -0.01 (VIOLATED)
_442_/B                                 0.75    0.76   -0.01 (VIOLATED)
_490_/B1                                0.75    0.76   -0.01 (VIOLATED)
_671_/A                                 0.75    0.76   -0.01 (VIOLATED)
_672_/A                                 0.75    0.76   -0.01 (VIOLATED)
_678_/A                                 0.75    0.76   -0.01 (VIOLATED)
_676_/A                                 0.75    0.76   -0.01 (VIOLATED)
_670_/A                                 0.75    0.76   -0.01 (VIOLATED)
_677_/A                                 0.75    0.76   -0.01 (VIOLATED)
_674_/A                                 0.75    0.76   -0.01 (VIOLATED)
_673_/A                                 0.75    0.76   -0.01 (VIOLATED)
_675_/A                                 0.75    0.76   -0.01 (VIOLATED)
_669_/A                                 0.75    0.76   -0.01 (VIOLATED)
_668_/X                                 0.75    0.76   -0.01 (VIOLATED)



===========================================================================
report_parasitic_annotation -report_unannotated
============================================================================
Found 420 unannotated drivers.
 clk
 multiplicand[0]
 multiplicand[1]
 multiplicand[2]
 multiplicand[3]
 multiplicand[4]
 multiplicand[5]
 multiplicand[6]
 multiplicand[7]
 multiplier[0]
 multiplier[1]
 multiplier[2]
 multiplier[3]
 multiplier[4]
 multiplier[5]
 multiplier[6]
 multiplier[7]
 rst
 start
 _347_/X
 _348_/X
 _349_/X
 _350_/X
 _351_/Y
 _352_/Y
 _353_/X
 _354_/Y
 _355_/Y
 _356_/Y
 _357_/Y
 _358_/Y
 _359_/X
 _360_/Y
 _361_/X
 _362_/X
 _363_/X
 _364_/Y
 _365_/X
 _366_/X
 _367_/X
 _368_/Y
 _369_/Y
 _370_/Y
 _371_/Y
 _372_/Y
 _373_/X
 _374_/Y
 _375_/X
 _376_/Y
 _377_/Y
 _378_/Y
 _379_/Y
 _380_/Y
 _381_/Y
 _382_/X
 _383_/Y
 _384_/Y
 _385_/X
 _386_/Y
 _387_/Y
 _388_/Y
 _389_/Y
 _390_/Y
 _391_/Y
 _392_/Y
 _393_/Y
 _394_/Y
 _395_/X
 _396_/Y
 _397_/Y
 _398_/X
 _399_/Y
 _400_/X
 _401_/Y
 _402_/X
 _403_/Y
 _404_/Y
 _405_/X
 _406_/X
 _407_/Y
 _408_/X
 _409_/Y
 _410_/Y
 _411_/Y
 _412_/X
 _413_/Y
 _414_/Y
 _415_/Y
 _416_/Y
 _417_/Y
 _418_/Y
 _419_/Y
 _420_/X
 _421_/Y
 _422_/Y
 _423_/X
 _424_/Y
 _425_/Y
 _426_/Y
 _427_/Y
 _428_/Y
 _429_/X
 _430_/Y
 _431_/X
 _432_/X
 _433_/X
 _434_/Y
 _435_/Y
 _436_/Y
 _437_/X
 _438_/Y
 _439_/X
 _440_/X
 _441_/X
 _442_/X
 _443_/Y
 _444_/Y
 _445_/X
 _446_/Y
 _447_/Y
 _448_/X
 _449_/Y
 _450_/Y
 _451_/Y
 _452_/X
 _453_/Y
 _454_/Y
 _455_/Y
 _456_/Y
 _457_/X
 _458_/Y
 _459_/X
 _460_/X
 _461_/X
 _462_/X
 _463_/X
 _464_/Y
 _465_/Y
 _466_/Y
 _467_/X
 _468_/X
 _469_/Y
 _470_/Y
 _471_/Y
 _472_/Y
 _473_/X
 _474_/Y
 _475_/Y
 _476_/X
 _477_/Y
 _478_/X
 _479_/Y
 _480_/Y
 _481_/X
 _482_/Y
 _483_/X
 _484_/X
 _485_/X
 _486_/X
 _487_/X
 _488_/X
 _489_/X
 _490_/X
 _491_/Y
 _492_/Y
 _493_/Y
 _494_/Y
 _495_/Y
 _496_/X
 _497_/Y
 _498_/X
 _499_/Y
 _500_/X
 _501_/X
 _502_/X
 _503_/X
 _504_/X
 _505_/Y
 _506_/Y
 _507_/X
 _508_/Y
 _509_/X
 _510_/Y
 _511_/X
 _512_/Y
 _513_/Y
 _514_/X
 _515_/Y
 _516_/Y
 _517_/X
 _518_/Y
 _519_/X
 _520_/Y
 _521_/X
 _522_/X
 _523_/X
 _524_/Y
 _525_/X
 _526_/X
 _527_/X
 _528_/Y
 _529_/Y
 _530_/X
 _531_/X
 _532_/X
 _533_/X
 _534_/X
 _535_/X
 _536_/X
 _537_/X
 _538_/Y
 _539_/X
 _540_/Y
 _541_/X
 _542_/Y
 _543_/Y
 _544_/X
 _545_/X
 _546_/X
 _547_/X
 _548_/X
 _549_/X
 _550_/X
 _551_/Y
 _552_/X
 _553_/X
 _554_/Y
 _555_/X
 _556_/X
 _557_/X
 _558_/X
 _559_/X
 _560_/X
 _561_/X
 _562_/X
 _563_/X
 _564_/X
 _565_/X
 _566_/X
 _567_/X
 _568_/X
 _569_/X
 _570_/X
 _571_/Y
 _572_/X
 _573_/X
 _574_/X
 _575_/X
 _576_/X
 _577_/X
 _578_/X
 _579_/X
 _580_/X
 _581_/X
 _582_/X
 _583_/X
 _584_/X
 _585_/X
 _586_/X
 _587_/X
 _588_/X
 _589_/Y
 _590_/Y
 _591_/X
 _592_/X
 _593_/Y
 _594_/Y
 _595_/X
 _596_/X
 _597_/X
 _598_/X
 _599_/X
 _600_/X
 _601_/X
 _602_/X
 _603_/X
 _604_/X
 _605_/X
 _606_/X
 _607_/X
 _608_/X
 _609_/X
 _610_/X
 _611_/X
 _612_/X
 _613_/X
 _614_/X
 _615_/X
 _616_/X
 _617_/X
 _618_/X
 _619_/X
 _620_/X
 _621_/X
 _622_/X
 _623_/X
 _624_/X
 _625_/Y
 _626_/Y
 _627_/X
 _628_/Y
 _629_/Y
 _630_/Y
 _631_/Y
 _632_/X
 _633_/Y
 _634_/X
 _635_/X
 _636_/Y
 _637_/Y
 _638_/Y
 _639_/Y
 _640_/Y
 _641_/Y
 _642_/Y
 _643_/Y
 _644_/Y
 _645_/Y
 _646_/X
 _647_/Y
 _648_/Y
 _649_/Y
 _650_/Y
 _651_/Y
 _652_/Y
 _653_/Y
 _654_/Y
 _655_/Y
 _656_/Y
 _657_/X
 _658_/Y
 _659_/Y
 _660_/Y
 _661_/Y
 _662_/Y
 _663_/Y
 _664_/Y
 _665_/Y
 _666_/Y
 _667_/Y
 _668_/X
 _669_/Y
 _670_/Y
 _671_/Y
 _672_/Y
 _673_/Y
 _674_/Y
 _675_/Y
 _676_/Y
 _677_/Y
 _678_/Y
 _679_/X
 _680_/Y
 _681_/Y
 _682_/Y
 _683_/Y
 _684_/Y
 _685_/Y
 _686_/Y
 _687_/Y
 _688_/Y
 _689_/Y
 _690_/Y
 _691_/Y
 _692_/Y
 _693_/Y
 _694_/Q
 _695_/Q
 _696_/Q
 _697_/Q
 _698_/Q
 _699_/Q
 _700_/Q
 _701_/Q
 _702_/Q
 _703_/Q
 _704_/Q
 _705_/Q
 _706_/Q
 _707_/Q
 _708_/Q
 _709_/Q
 _710_/Q
 _711_/Q
 _712_/Q
 _713_/Q
 _714_/Q
 _715_/Q
 _716_/Q
 _717_/Q
 _718_/Q
 _719_/Q
 _720_/Q
 _721_/Q
 _722_/Q
 _723_/Q
 _724_/Q
 _725_/Q
 _726_/Q
 _727_/Q
 _728_/Q
 _729_/Q
 _730_/Q
 _731_/Q
 _732_/Q
 _733_/Q
 _734_/Q
 _735_/Q
 _736_/Q
 _737_/Q
 _738_/Q
 _739_/Q
 _740_/Q
 _741_/Q
 _742_/Q
 _743_/Q
 _744_/Q
 _745_/Q
 _746_/Q
 _747_/Q
Found 0 partially unannotated drivers.

===========================================================================
max slew violation count 33
max fanout violation count 0
max cap violation count 0
============================================================================

===========================================================================
check_setup -verbose -unconstrained_endpoints -multiple_clock -no_clock -no_input_delay -loops -generated_clocks
===========================================================================
