
===========================================================================
 report_power
============================================================================
======================= Fastest Corner ===================================

Group                  Internal  Switching    Leakage      Total
                          Power      Power      Power      Power (Watts)
----------------------------------------------------------------
Sequential             3.76e-04   1.82e-04   2.63e-07   5.58e-04  22.3%
Combinational          8.77e-04   1.06e-03   4.74e-09   1.94e-03  77.7%
Macro                  0.00e+00   0.00e+00   0.00e+00   0.00e+00   0.0%
Pad                    0.00e+00   0.00e+00   0.00e+00   0.00e+00   0.0%
----------------------------------------------------------------
Total                  1.25e-03   1.25e-03   2.68e-07   2.50e-03 100.0%
                          50.1%      49.9%       0.0%

======================= Slowest Corner ===================================

Group                  Internal  Switching    Leakage      Total
                          Power      Power      Power      Power (Watts)
----------------------------------------------------------------
Sequential             2.53e-04   1.20e-04   1.05e-06   3.74e-04  21.5%
Combinational          6.59e-04   7.04e-04   1.94e-06   1.36e-03  78.5%
Macro                  0.00e+00   0.00e+00   0.00e+00   0.00e+00   0.0%
Pad                    0.00e+00   0.00e+00   0.00e+00   0.00e+00   0.0%
----------------------------------------------------------------
Total                  9.12e-04   8.24e-04   2.99e-06   1.74e-03 100.0%
                          52.4%      47.4%       0.2%

======================= Typical Corner ===================================

Group                  Internal  Switching    Leakage      Total
                          Power      Power      Power      Power (Watts)
----------------------------------------------------------------
Sequential             3.26e-04   1.53e-04   2.63e-07   4.79e-04  21.9%
Combinational          8.08e-04   8.98e-04   2.56e-09   1.71e-03  78.1%
Macro                  0.00e+00   0.00e+00   0.00e+00   0.00e+00   0.0%
Pad                    0.00e+00   0.00e+00   0.00e+00   0.00e+00   0.0%
----------------------------------------------------------------
Total                  1.13e-03   1.05e-03   2.65e-07   2.18e-03 100.0%
                          51.9%      48.1%       0.0%

