
===========================================================================
report_checks -unconstrained
===========================================================================
======================= Fastest Corner ===================================

Startpoint: rst (input port clocked by clk)
Endpoint: _699_ (recovery check against rising-edge clock clk)
Path Group: asynchronous
Path Type: max
Corner: Fastest

Fanout     Cap    Slew   Delay    Time   Description
-----------------------------------------------------------------------------
                          0.00    0.00   clock clk (rise edge)
                          0.00    0.00   clock network delay (propagated)
                          2.00    2.00 v input external delay
                  0.01    0.00    2.00 v rst (in)
     1    0.01                           rst (net)
                  0.01    0.00    2.00 v input17/A (sky130_fd_sc_hd__clkbuf_1)
                  0.02    0.05    2.05 v input17/X (sky130_fd_sc_hd__clkbuf_1)
     1    0.00                           net17 (net)
                  0.02    0.00    2.05 v _634_/A (sky130_fd_sc_hd__buf_4)
                  0.06    0.13    2.18 v _634_/X (sky130_fd_sc_hd__buf_4)
     9    0.05                           _341_ (net)
                  0.06    0.00    2.18 v _635_/A (sky130_fd_sc_hd__clkbuf_8)
                  0.07    0.15    2.33 v _635_/X (sky130_fd_sc_hd__clkbuf_8)
    10    0.08                           _342_ (net)
                  0.07    0.01    2.34 v _641_/A (sky130_fd_sc_hd__inv_2)
                  0.03    0.05    2.39 ^ _641_/Y (sky130_fd_sc_hd__inv_2)
     1    0.00                           _006_ (net)
                  0.03    0.00    2.39 ^ _699_/RESET_B (sky130_fd_sc_hd__dfrtp_4)
                                  2.39   data arrival time

                         10.00   10.00   clock clk (rise edge)
                          0.00   10.00   clock source latency
                  0.10    0.06   10.06 ^ clk (in)
     1    0.03                           clk (net)
                  0.10    0.00   10.06 ^ clkbuf_0_clk/A (sky130_fd_sc_hd__clkbuf_16)
                  0.05    0.11   10.18 ^ clkbuf_0_clk/X (sky130_fd_sc_hd__clkbuf_16)
     4    0.05                           clknet_0_clk (net)
                  0.05    0.00   10.18 ^ clkbuf_2_1__f_clk/A (sky130_fd_sc_hd__clkbuf_16)
                  0.05    0.10   10.28 ^ clkbuf_2_1__f_clk/X (sky130_fd_sc_hd__clkbuf_16)
    14    0.05                           clknet_2_1__leaf_clk (net)
                  0.05    0.00   10.28 ^ _699_/CLK (sky130_fd_sc_hd__dfrtp_4)
                         -0.25   10.03   clock uncertainty
                          0.00   10.03   clock reconvergence pessimism
                          0.14   10.17   library recovery time
                                 10.17   data required time
-----------------------------------------------------------------------------
                                 10.17   data required time
                                 -2.39   data arrival time
-----------------------------------------------------------------------------
                                  7.78   slack (MET)


Startpoint: _706_ (rising edge-triggered flip-flop clocked by clk)
Endpoint: product[5] (output port clocked by clk)
Path Group: clk
Path Type: max
Corner: Fastest

Fanout     Cap    Slew   Delay    Time   Description
-----------------------------------------------------------------------------
                          0.00    0.00   clock clk (rise edge)
                          0.00    0.00   clock source latency
                  0.10    0.07    0.07 ^ clk (in)
     1    0.03                           clk (net)
                  0.10    0.00    0.07 ^ clkbuf_0_clk/A (sky130_fd_sc_hd__clkbuf_16)
                  0.05    0.13    0.20 ^ clkbuf_0_clk/X (sky130_fd_sc_hd__clkbuf_16)
     4    0.05                           clknet_0_clk (net)
                  0.05    0.00    0.20 ^ clkbuf_2_1__f_clk/A (sky130_fd_sc_hd__clkbuf_16)
                  0.05    0.11    0.31 ^ clkbuf_2_1__f_clk/X (sky130_fd_sc_hd__clkbuf_16)
    14    0.05                           clknet_2_1__leaf_clk (net)
                  0.05    0.00    0.31 ^ _706_/CLK (sky130_fd_sc_hd__dfrtp_1)
                  0.12    0.28    0.59 ^ _706_/Q (sky130_fd_sc_hd__dfrtp_1)
     2    0.02                           net31 (net)
                  0.12    0.00    0.59 ^ output31/A (sky130_fd_sc_hd__buf_2)
                  0.13    0.17    0.76 ^ output31/X (sky130_fd_sc_hd__buf_2)
     1    0.03                           product[5] (net)
                  0.13    0.00    0.76 ^ product[5] (out)
                                  0.76   data arrival time

                         10.00   10.00   clock clk (rise edge)
                          0.00   10.00   clock network delay (propagated)
                         -0.25    9.75   clock uncertainty
                          0.00    9.75   clock reconvergence pessimism
                         -2.00    7.75   output external delay
                                  7.75   data required time
-----------------------------------------------------------------------------
                                  7.75   data required time
                                 -0.76   data arrival time
-----------------------------------------------------------------------------
                                  6.99   slack (MET)



======================= Slowest Corner ===================================

Startpoint: rst (input port clocked by clk)
Endpoint: _699_ (recovery check against rising-edge clock clk)
Path Group: asynchronous
Path Type: max
Corner: Slowest

Fanout     Cap    Slew   Delay    Time   Description
-----------------------------------------------------------------------------
                          0.00    0.00   clock clk (rise edge)
                          0.00    0.00   clock network delay (propagated)
                          2.00    2.00 v input external delay
                  0.03    0.02    2.02 v rst (in)
     1    0.00                           rst (net)
                  0.03    0.00    2.02 v input17/A (sky130_fd_sc_hd__clkbuf_1)
                  0.05    0.15    2.16 v input17/X (sky130_fd_sc_hd__clkbuf_1)
     1    0.00                           net17 (net)
                  0.05    0.00    2.16 v _634_/A (sky130_fd_sc_hd__buf_4)
                  0.14    0.34    2.51 v _634_/X (sky130_fd_sc_hd__buf_4)
     9    0.05                           _341_ (net)
                  0.14    0.00    2.51 v _635_/A (sky130_fd_sc_hd__clkbuf_8)
                  0.16    0.39    2.90 v _635_/X (sky130_fd_sc_hd__clkbuf_8)
    10    0.08                           _342_ (net)
                  0.16    0.01    2.91 v _641_/A (sky130_fd_sc_hd__inv_2)
                  0.06    0.11    3.02 ^ _641_/Y (sky130_fd_sc_hd__inv_2)
     1    0.00                           _006_ (net)
                  0.06    0.00    3.02 ^ _699_/RESET_B (sky130_fd_sc_hd__dfrtp_4)
                                  3.02   data arrival time

                         10.00   10.00   clock clk (rise edge)
                          0.00   10.00   clock source latency
                  0.20    0.13   10.13 ^ clk (in)
     1    0.03                           clk (net)
                  0.20    0.00   10.13 ^ clkbuf_0_clk/A (sky130_fd_sc_hd__clkbuf_16)
                  0.10    0.30   10.44 ^ clkbuf_0_clk/X (sky130_fd_sc_hd__clkbuf_16)
     4    0.05                           clknet_0_clk (net)
                  0.10    0.00   10.44 ^ clkbuf_2_1__f_clk/A (sky130_fd_sc_hd__clkbuf_16)
                  0.10    0.26   10.70 ^ clkbuf_2_1__f_clk/X (sky130_fd_sc_hd__clkbuf_16)
    14    0.04                           clknet_2_1__leaf_clk (net)
                  0.10    0.00   10.70 ^ _699_/CLK (sky130_fd_sc_hd__dfrtp_4)
                         -0.25   10.45   clock uncertainty
                          0.00   10.45   clock reconvergence pessimism
                          0.46   10.91   library recovery time
                                 10.91   data required time
-----------------------------------------------------------------------------
                                 10.91   data required time
                                 -3.02   data arrival time
-----------------------------------------------------------------------------
                                  7.89   slack (MET)


Startpoint: _725_ (rising edge-triggered flip-flop clocked by clk)
Endpoint: _714_ (rising edge-triggered flip-flop clocked by clk)
Path Group: clk
Path Type: max
Corner: Slowest

Fanout     Cap    Slew   Delay    Time   Description
-----------------------------------------------------------------------------
                          0.00    0.00   clock clk (rise edge)
                          0.00    0.00   clock source latency
                  0.20    0.15    0.15 ^ clk (in)
     1    0.03                           clk (net)
                  0.20    0.00    0.15 ^ clkbuf_0_clk/A (sky130_fd_sc_hd__clkbuf_16)
                  0.10    0.34    0.48 ^ clkbuf_0_clk/X (sky130_fd_sc_hd__clkbuf_16)
     4    0.05                           clknet_0_clk (net)
                  0.10    0.00    0.48 ^ clkbuf_2_0__f_clk/A (sky130_fd_sc_hd__clkbuf_16)
                  0.11    0.29    0.77 ^ clkbuf_2_0__f_clk/X (sky130_fd_sc_hd__clkbuf_16)
    15    0.05                           clknet_2_0__leaf_clk (net)
                  0.11    0.00    0.78 ^ _725_/CLK (sky130_fd_sc_hd__dfrtp_4)
                  0.17    1.14    1.91 v _725_/Q (sky130_fd_sc_hd__dfrtp_4)
     6    0.02                           u_core.M[0] (net)
                  0.17    0.00    1.91 v _354_/B (sky130_fd_sc_hd__nor2_2)
                  0.42    0.42    2.34 ^ _354_/Y (sky130_fd_sc_hd__nor2_2)
     3    0.02                           _115_ (net)
                  0.42    0.00    2.34 ^ _366_/A (sky130_fd_sc_hd__clkbuf_4)
                  0.20    0.52    2.86 ^ _366_/X (sky130_fd_sc_hd__clkbuf_4)
    10    0.04                           _127_ (net)
                  0.20    0.00    2.86 ^ _381_/A (sky130_fd_sc_hd__nand2_2)
                  0.21    0.25    3.12 v _381_/Y (sky130_fd_sc_hd__nand2_2)
     6    0.02                           _142_ (net)
                  0.21    0.00    3.12 v _383_/A2 (sky130_fd_sc_hd__o21ai_1)
                  0.31    0.38    3.50 ^ _383_/Y (sky130_fd_sc_hd__o21ai_1)
     2    0.01                           _144_ (net)
                  0.31    0.00    3.50 ^ _384_/B1 (sky130_fd_sc_hd__o21ai_1)
                  0.18    0.29    3.79 v _384_/Y (sky130_fd_sc_hd__o21ai_1)
     2    0.01                           _145_ (net)
                  0.18    0.00    3.79 v _436_/A (sky130_fd_sc_hd__nand2_1)
                  0.15    0.21    4.00 ^ _436_/Y (sky130_fd_sc_hd__nand2_1)
     3    0.01                           _197_ (net)
                  0.15    0.00    4.00 ^ _437_/D1 (sky130_fd_sc_hd__o2111a_1)
                  0.18    0.48    4.48 ^ _437_/X (sky130_fd_sc_hd__o2111a_1)
     2    0.01                           _198_ (net)
                  0.18    0.00    4.48 ^ _515_/C (sky130_fd_sc_hd__nand3_1)
                  0.27    0.33    4.81 v _515_/Y (sky130_fd_sc_hd__nand3_1)
     3    0.01                           _268_ (net)
                  0.27    0.00    4.81 v _524_/A1 (sky130_fd_sc_hd__a21oi_1)
                  0.14    0.27    5.08 ^ _524_/Y (sky130_fd_sc_hd__a21oi_1)
     1    0.00                           _276_ (net)
                  0.14    0.00    5.08 ^ _526_/A1_N (sky130_fd_sc_hd__a2bb2o_1)
                  0.16    0.74    5.82 v _526_/X (sky130_fd_sc_hd__a2bb2o_1)
     2    0.01                           _278_ (net)
                  0.16    0.00    5.82 v _596_/A0 (sky130_fd_sc_hd__mux2_1)
                  0.11    0.70    6.52 v _596_/X (sky130_fd_sc_hd__mux2_1)
     1    0.00                           _324_ (net)
                  0.11    0.00    6.52 v _597_/A (sky130_fd_sc_hd__clkbuf_1)
                  0.05    0.19    6.71 v _597_/X (sky130_fd_sc_hd__clkbuf_1)
     1    0.00                           _074_ (net)
                  0.05    0.00    6.71 v _714_/D (sky130_fd_sc_hd__dfrtp_1)
                                  6.71   data arrival time

                         10.00   10.00   clock clk (rise edge)
                          0.00   10.00   clock source latency
                  0.20    0.13   10.13 ^ clk (in)
     1    0.03                           clk (net)
                  0.20    0.00   10.13 ^ clkbuf_0_clk/A (sky130_fd_sc_hd__clkbuf_16)
                  0.10    0.30   10.44 ^ clkbuf_0_clk/X (sky130_fd_sc_hd__clkbuf_16)
     4    0.05                           clknet_0_clk (net)
                  0.10    0.00   10.44 ^ clkbuf_2_1__f_clk/A (sky130_fd_sc_hd__clkbuf_16)
                  0.10    0.26   10.70 ^ clkbuf_2_1__f_clk/X (sky130_fd_sc_hd__clkbuf_16)
    14    0.04                           clknet_2_1__leaf_clk (net)
                  0.10    0.00   10.70 ^ _714_/CLK (sky130_fd_sc_hd__dfrtp_1)
                         -0.25   10.45   clock uncertainty
                          0.05   10.49   clock reconvergence pessimism
                         -0.26   10.23   library setup time
                                 10.23   data required time
-----------------------------------------------------------------------------
                                 10.23   data required time
                                 -6.71   data arrival time
-----------------------------------------------------------------------------
                                  3.53   slack (MET)



======================= Typical Corner ===================================

Startpoint: rst (input port clocked by clk)
Endpoint: _699_ (recovery check against rising-edge clock clk)
Path Group: asynchronous
Path Type: max
Corner: Typical

Fanout     Cap    Slew   Delay    Time   Description
-----------------------------------------------------------------------------
                          0.00    0.00   clock clk (rise edge)
                          0.00    0.00   clock network delay (propagated)
                          2.00    2.00 v input external delay
                  0.01    0.01    2.01 v rst (in)
     1    0.00                           rst (net)
                  0.01    0.00    2.01 v input17/A (sky130_fd_sc_hd__clkbuf_1)
                  0.03    0.08    2.09 v input17/X (sky130_fd_sc_hd__clkbuf_1)
     1    0.00                           net17 (net)
                  0.03    0.00    2.09 v _634_/A (sky130_fd_sc_hd__buf_4)
                  0.08    0.19    2.27 v _634_/X (sky130_fd_sc_hd__buf_4)
     9    0.05                           _341_ (net)
                  0.08    0.00    2.28 v _635_/A (sky130_fd_sc_hd__clkbuf_8)
                  0.09    0.22    2.50 v _635_/X (sky130_fd_sc_hd__clkbuf_8)
    10    0.08                           _342_ (net)
                  0.09    0.01    2.50 v _641_/A (sky130_fd_sc_hd__inv_2)
                  0.04    0.07    2.57 ^ _641_/Y (sky130_fd_sc_hd__inv_2)
     1    0.00                           _006_ (net)
                  0.04    0.00    2.57 ^ _699_/RESET_B (sky130_fd_sc_hd__dfrtp_4)
                                  2.57   data arrival time

                         10.00   10.00   clock clk (rise edge)
                          0.00   10.00   clock source latency
                  0.13    0.09   10.09 ^ clk (in)
     1    0.03                           clk (net)
                  0.13    0.00   10.09 ^ clkbuf_0_clk/A (sky130_fd_sc_hd__clkbuf_16)
                  0.07    0.17   10.25 ^ clkbuf_0_clk/X (sky130_fd_sc_hd__clkbuf_16)
     4    0.05                           clknet_0_clk (net)
                  0.07    0.00   10.26 ^ clkbuf_2_1__f_clk/A (sky130_fd_sc_hd__clkbuf_16)
                  0.07    0.15   10.40 ^ clkbuf_2_1__f_clk/X (sky130_fd_sc_hd__clkbuf_16)
    14    0.05                           clknet_2_1__leaf_clk (net)
                  0.07    0.00   10.40 ^ _699_/CLK (sky130_fd_sc_hd__dfrtp_4)
                         -0.25   10.15   clock uncertainty
                          0.00   10.15   clock reconvergence pessimism
                          0.23   10.38   library recovery time
                                 10.38   data required time
-----------------------------------------------------------------------------
                                 10.38   data required time
                                 -2.57   data arrival time
-----------------------------------------------------------------------------
                                  7.81   slack (MET)


Startpoint: _715_ (rising edge-triggered flip-flop clocked by clk)
Endpoint: product[14] (output port clocked by clk)
Path Group: clk
Path Type: max
Corner: Typical

Fanout     Cap    Slew   Delay    Time   Description
-----------------------------------------------------------------------------
                          0.00    0.00   clock clk (rise edge)
                          0.00    0.00   clock source latency
                  0.13    0.09    0.09 ^ clk (in)
     1    0.03                           clk (net)
                  0.13    0.00    0.09 ^ clkbuf_0_clk/A (sky130_fd_sc_hd__clkbuf_16)
                  0.07    0.19    0.28 ^ clkbuf_0_clk/X (sky130_fd_sc_hd__clkbuf_16)
     4    0.05                           clknet_0_clk (net)
                  0.07    0.00    0.28 ^ clkbuf_2_3__f_clk/A (sky130_fd_sc_hd__clkbuf_16)
                  0.06    0.16    0.44 ^ clkbuf_2_3__f_clk/X (sky130_fd_sc_hd__clkbuf_16)
    12    0.05                           clknet_2_3__leaf_clk (net)
                  0.06    0.00    0.44 ^ _715_/CLK (sky130_fd_sc_hd__dfrtp_2)
                  0.09    0.48    0.92 v _715_/Q (sky130_fd_sc_hd__dfrtp_2)
     3    0.03                           net25 (net)
                  0.09    0.00    0.93 v output25/A (sky130_fd_sc_hd__clkbuf_4)
                  0.08    0.21    1.14 v output25/X (sky130_fd_sc_hd__clkbuf_4)
     1    0.03                           product[14] (net)
                  0.08    0.00    1.14 v product[14] (out)
                                  1.14   data arrival time

                         10.00   10.00   clock clk (rise edge)
                          0.00   10.00   clock network delay (propagated)
                         -0.25    9.75   clock uncertainty
                          0.00    9.75   clock reconvergence pessimism
                         -2.00    7.75   output external delay
                                  7.75   data required time
-----------------------------------------------------------------------------
                                  7.75   data required time
                                 -1.14   data arrival time
-----------------------------------------------------------------------------
                                  6.61   slack (MET)




===========================================================================
report_checks --slack_max -0.01
============================================================================
======================= Fastest Corner ===================================

No paths found.

======================= Slowest Corner ===================================

No paths found.

======================= Typical Corner ===================================

No paths found.


===========================================================================
 report_check_types -max_slew -max_cap -max_fanout -violators
============================================================================
======================= Fastest Corner ===================================

max fanout

Pin                                   Limit Fanout  Slack
---------------------------------------------------------
clkbuf_2_0__f_clk/X                      10     15     -5 (VIOLATED)
clkbuf_2_1__f_clk/X                      10     14     -4 (VIOLATED)
clkbuf_2_2__f_clk/X                      10     13     -3 (VIOLATED)
clkbuf_2_3__f_clk/X                      10     12     -2 (VIOLATED)


======================= Slowest Corner ===================================

max fanout

Pin                                   Limit Fanout  Slack
---------------------------------------------------------
clkbuf_2_0__f_clk/X                      10     15     -5 (VIOLATED)
clkbuf_2_1__f_clk/X                      10     14     -4 (VIOLATED)
clkbuf_2_2__f_clk/X                      10     13     -3 (VIOLATED)
clkbuf_2_3__f_clk/X                      10     12     -2 (VIOLATED)


======================= Typical Corner ===================================

max fanout

Pin                                   Limit Fanout  Slack
---------------------------------------------------------
clkbuf_2_0__f_clk/X                      10     15     -5 (VIOLATED)
clkbuf_2_1__f_clk/X                      10     14     -4 (VIOLATED)
clkbuf_2_2__f_clk/X                      10     13     -3 (VIOLATED)
clkbuf_2_3__f_clk/X                      10     12     -2 (VIOLATED)



===========================================================================
report_parasitic_annotation -report_unannotated
============================================================================
Found 0 unannotated drivers.
Found 0 partially unannotated drivers.

===========================================================================
max slew violation count 0
max fanout violation count 4
max cap violation count 0
============================================================================

===========================================================================
check_setup -verbose -unconstrained_endpoints -multiple_clock -no_clock -no_input_delay -loops -generated_clocks
===========================================================================
