OpenROAD 41a51eaf4ca2171c92ff38afb91eb37bbd3f36da 
This program is licensed under the BSD-3 license. See the LICENSE file for details.
Components of this program may be licensed under more restrictive licenses which must be honored.
[INFO]: Reading ODB at '/openlane/designs/booth8_chip/runs/RUN_2026.02.14_13.42.57/results/cts/booth8_chip.odb'…
define_corners Slowest Typical Fastest
read_liberty -corner Slowest /home/charan/.ciel/sky130A/libs.ref/sky130_fd_sc_hd/lib/sky130_fd_sc_hd__ss_100C_1v60.lib
read_liberty -corner Typical /home/charan/.ciel/sky130A/libs.ref/sky130_fd_sc_hd/lib/sky130_fd_sc_hd__tt_025C_1v80.lib
read_liberty -corner Fastest /home/charan/.ciel/sky130A/libs.ref/sky130_fd_sc_hd/lib/sky130_fd_sc_hd__ff_n40C_1v95.lib
Using 1e-12 for capacitance...
Using 1e+03 for resistance...
Using 1e-09 for time...
Using 1e+00 for voltage...
Using 1e-03 for current...
Using 1e-09 for power...
Using 1e-06 for distance...
Reading design constraints file at '/openlane/designs/booth8_chip/runs/RUN_2026.02.14_13.42.57/results/cts/booth8_chip.sdc'…
[INFO]: Setting RC values...
[INFO RSZ-0046] Found 31 endpoints with hold violations.
[INFO RSZ-0032] Inserted 33 hold buffers.
Placement Analysis
---------------------------------
total displacement        146.1 u
average displacement        0.2 u
max displacement            5.5 u
original HPWL           10067.6 u
legalized HPWL          10439.4 u
delta HPWL                    4 %

[INFO DPL-0020] Mirrored 205 instances
[INFO DPL-0021] HPWL before           10439.4 u
[INFO DPL-0022] HPWL after            10089.3 u
[INFO DPL-0023] HPWL delta               -3.4 %
Setting global connections for newly added cells…
Writing OpenROAD database to '/openlane/designs/booth8_chip/runs/RUN_2026.02.14_13.42.57/tmp/cts/14-booth8_chip.resized.odb'…
Writing netlist to '/openlane/designs/booth8_chip/runs/RUN_2026.02.14_13.42.57/tmp/cts/14-booth8_chip.resized.nl.v'…
Writing powered netlist to '/openlane/designs/booth8_chip/runs/RUN_2026.02.14_13.42.57/tmp/cts/14-booth8_chip.resized.pnl.v'…
Writing layout to '/openlane/designs/booth8_chip/runs/RUN_2026.02.14_13.42.57/tmp/cts/14-booth8_chip.resized.def'…
Writing timing constraints to '/openlane/designs/booth8_chip/runs/RUN_2026.02.14_13.42.57/tmp/cts/14-booth8_chip.resized.sdc'…
area_report

===========================================================================
report_design_area
============================================================================
Design area 4623 u^2 45% utilization.
area_report_end
