
 /----------------------------------------------------------------------------\
 |                                                                            |
 |  yosys -- Yosys Open SYnthesis Suite                                       |
 |                                                                            |
 |  Copyright (C) 2012 - 2020  Claire Xenia Wolf <claire@yosyshq.com>         |
 |                                                                            |
 |  Permission to use, copy, modify, and/or distribute this software for any  |
 |  purpose with or without fee is hereby granted, provided that the above    |
 |  copyright notice and this permission notice appear in all copies.         |
 |                                                                            |
 |  THE SOFTWARE IS PROVIDED "AS IS" AND THE AUTHOR DISCLAIMS ALL WARRANTIES  |
 |  WITH REGARD TO THIS SOFTWARE INCLUDING ALL IMPLIED WARRANTIES OF          |
 |  MERCHANTABILITY AND FITNESS. IN NO EVENT SHALL THE AUTHOR BE LIABLE FOR   |
 |  ANY SPECIAL, DIRECT, INDIRECT, OR CONSEQUENTIAL DAMAGES OR ANY DAMAGES    |
 |  WHATSOEVER RESULTING FROM LOSS OF USE, DATA OR PROFITS, WHETHER IN AN     |
 |  ACTION OF CONTRACT, NEGLIGENCE OR OTHER TORTIOUS ACTION, ARISING OUT OF   |
 |  OR IN CONNECTION WITH THE USE OR PERFORMANCE OF THIS SOFTWARE.            |
 |                                                                            |
 \----------------------------------------------------------------------------/

 Yosys 0.30+48 (git sha1 14d50a176d5, gcc 8.3.1 -fPIC -Os)

[TCL: yosys -import] Command name collision: found pre-existing command `cd' -> skip.
[TCL: yosys -import] Command name collision: found pre-existing command `eval' -> skip.
[TCL: yosys -import] Command name collision: found pre-existing command `exec' -> skip.
[TCL: yosys -import] Command name collision: found pre-existing command `read' -> skip.
[TCL: yosys -import] Command name collision: found pre-existing command `trace' -> skip.

1. Executing Verilog-2005 frontend: /openlane/designs/booth8_chip/booth8_chip.v
Parsing SystemVerilog input from `/openlane/designs/booth8_chip/booth8_chip.v' to AST representation.
Generating RTLIL representation for module `\booth8_chip'.
Successfully finished Verilog frontend.

2. Executing Verilog-2005 frontend: /openlane/designs/booth8/booth8.v
Parsing SystemVerilog input from `/openlane/designs/booth8/booth8.v' to AST representation.
Generating RTLIL representation for module `\booth8'.
Successfully finished Verilog frontend.

3. Generating Graphviz representation of design.
Writing dot description to `/openlane/designs/booth8_chip/runs/RUN_2026.02.14_13.42.57/tmp/synthesis/hierarchy.dot'.
Dumping module booth8_chip to page 1.

4. Executing HIERARCHY pass (managing design hierarchy).

4.1. Analyzing design hierarchy..
Top module:  \booth8_chip
Used module:     \booth8

4.2. Analyzing design hierarchy..
Top module:  \booth8_chip
Used module:     \booth8
Removed 0 unused modules.

5. Executing TRIBUF pass.

6. Executing HIERARCHY pass (managing design hierarchy).

6.1. Analyzing design hierarchy..
Top module:  \booth8_chip
Used module:     \booth8

6.2. Analyzing design hierarchy..
Top module:  \booth8_chip
Used module:     \booth8
Removed 0 unused modules.

7. Executing PROC_CLEAN pass (remove empty switches from decision trees).
Cleaned up 0 empty switches.

8. Executing PROC_RMDEAD pass (remove dead branches from decision trees).
Marked 4 switch rules as full_case in process $proc$/openlane/designs/booth8/booth8.v:22$1 in module booth8.
Removed a total of 0 dead cases.

9. Executing PROC_PRUNE pass (remove redundant assignments in processes).
Removed 0 redundant assignments.
Promoted 1 assignment to connection.

10. Executing PROC_INIT pass (extract init attributes).

11. Executing PROC_ARST pass (detect async resets in processes).
Found async reset \rst in `\booth8.$proc$/openlane/designs/booth8/booth8.v:22$1'.

12. Executing PROC_ROM pass (convert switches to ROMs).
Converted 0 switches.
<suppressed ~4 debug messages>

13. Executing PROC_MUX pass (convert decision trees to multiplexers).
Creating decoders for process `\booth8.$proc$/openlane/designs/booth8/booth8.v:22$1'.
     1/12: $4\temp[24:0]
     2/12: $3\temp[24:0]
     3/12: $2\temp[24:0]
     4/12: $1\temp[24:0]
     5/12: $0\busy[0:0]
     6/12: $0\count[3:0]
     7/12: $0\Q_1[0:0]
     8/12: $0\done[0:0]
     9/12: $0\product[15:0]
    10/12: $0\Q[7:0]
    11/12: $0\M[7:0]
    12/12: $0\A[15:0]

14. Executing PROC_DLATCH pass (convert process syncs to latches).

15. Executing PROC_DFF pass (convert process syncs to FFs).
Creating register for signal `\booth8.\A' using process `\booth8.$proc$/openlane/designs/booth8/booth8.v:22$1'.
  created $adff cell `$procdff$79' with positive edge clock and positive level reset.
Creating register for signal `\booth8.\M' using process `\booth8.$proc$/openlane/designs/booth8/booth8.v:22$1'.
  created $adff cell `$procdff$80' with positive edge clock and positive level reset.
Creating register for signal `\booth8.\Q' using process `\booth8.$proc$/openlane/designs/booth8/booth8.v:22$1'.
  created $adff cell `$procdff$81' with positive edge clock and positive level reset.
Creating register for signal `\booth8.\product' using process `\booth8.$proc$/openlane/designs/booth8/booth8.v:22$1'.
  created $adff cell `$procdff$82' with positive edge clock and positive level reset.
Creating register for signal `\booth8.\done' using process `\booth8.$proc$/openlane/designs/booth8/booth8.v:22$1'.
  created $adff cell `$procdff$83' with positive edge clock and positive level reset.
Creating register for signal `\booth8.\Q_1' using process `\booth8.$proc$/openlane/designs/booth8/booth8.v:22$1'.
  created $adff cell `$procdff$84' with positive edge clock and positive level reset.
Creating register for signal `\booth8.\count' using process `\booth8.$proc$/openlane/designs/booth8/booth8.v:22$1'.
  created $adff cell `$procdff$85' with positive edge clock and positive level reset.
Creating register for signal `\booth8.\busy' using process `\booth8.$proc$/openlane/designs/booth8/booth8.v:22$1'.
  created $adff cell `$procdff$86' with positive edge clock and positive level reset.
Creating register for signal `\booth8.\temp' using process `\booth8.$proc$/openlane/designs/booth8/booth8.v:22$1'.
  created $dff cell `$procdff$89' with positive edge clock.

16. Executing PROC_MEMWR pass (convert process memory writes to cells).

17. Executing PROC_CLEAN pass (remove empty switches from decision trees).
Found and cleaned up 4 empty switches in `\booth8.$proc$/openlane/designs/booth8/booth8.v:22$1'.
Removing empty process `booth8.$proc$/openlane/designs/booth8/booth8.v:22$1'.
Cleaned up 4 empty switches.

18. Executing CHECK pass (checking for obvious problems).
Checking module booth8...
Checking module booth8_chip...
Found and reported 0 problems.

19. Executing OPT_EXPR pass (perform const folding).
Optimizing module booth8.
<suppressed ~1 debug messages>
Optimizing module booth8_chip.

20. Executing FLATTEN pass (flatten design).
Deleting now unused module booth8.
<suppressed ~1 debug messages>

21. Executing OPT_EXPR pass (perform const folding).
Optimizing module booth8_chip.

22. Executing OPT_CLEAN pass (remove unused cells and wires).
Finding unused cells or wires in module \booth8_chip..
Removed 5 unused cells and 42 unused wires.
<suppressed ~7 debug messages>

23. Executing OPT pass (performing simple optimizations).

23.1. Executing OPT_EXPR pass (perform const folding).
Optimizing module booth8_chip.

23.2. Executing OPT_MERGE pass (detect identical cells).
Finding identical cells in module `\booth8_chip'.
Removed a total of 0 cells.

23.3. Executing OPT_MUXTREE pass (detect dead branches in mux trees).
Running muxtree optimizer on module \booth8_chip..
  Creating internal representation of mux trees.
  Evaluating internal representation of mux trees.
      Replacing known input bits on port A of cell $flatten\u_core.$procmux$31: \u_core.busy -> 1'0
      Replacing known input bits on port A of cell $flatten\u_core.$procmux$29: \u_core.busy -> 1'1
  Analyzing evaluation results.
    dead port 2/2 on $mux $flatten\u_core.$procmux$14.
    dead port 1/2 on $mux $flatten\u_core.$procmux$17.
Removed 2 multiplexer ports.
<suppressed ~9 debug messages>

23.4. Executing OPT_REDUCE pass (consolidate $*mux and $reduce_* inputs).
  Optimizing cells in module \booth8_chip.
Performed a total of 0 changes.

23.5. Executing OPT_MERGE pass (detect identical cells).
Finding identical cells in module `\booth8_chip'.
Removed a total of 0 cells.

23.6. Executing OPT_DFF pass (perform DFF optimizations).

23.7. Executing OPT_CLEAN pass (remove unused cells and wires).
Finding unused cells or wires in module \booth8_chip..
Removed 0 unused cells and 2 unused wires.
<suppressed ~1 debug messages>

23.8. Executing OPT_EXPR pass (perform const folding).
Optimizing module booth8_chip.

23.9. Rerunning OPT passes. (Maybe there is more to do..)

23.10. Executing OPT_MUXTREE pass (detect dead branches in mux trees).
Running muxtree optimizer on module \booth8_chip..
  Creating internal representation of mux trees.
  Evaluating internal representation of mux trees.
  Analyzing evaluation results.
Removed 0 multiplexer ports.
<suppressed ~9 debug messages>

23.11. Executing OPT_REDUCE pass (consolidate $*mux and $reduce_* inputs).
  Optimizing cells in module \booth8_chip.
Performed a total of 0 changes.

23.12. Executing OPT_MERGE pass (detect identical cells).
Finding identical cells in module `\booth8_chip'.
Removed a total of 0 cells.

23.13. Executing OPT_DFF pass (perform DFF optimizations).

23.14. Executing OPT_CLEAN pass (remove unused cells and wires).
Finding unused cells or wires in module \booth8_chip..

23.15. Executing OPT_EXPR pass (perform const folding).
Optimizing module booth8_chip.

23.16. Finished OPT passes. (There is nothing left to do.)

24. Executing FSM pass (extract and optimize FSM).

24.1. Executing FSM_DETECT pass (finding FSMs in design).

24.2. Executing FSM_EXTRACT pass (extracting FSM from design).

24.3. Executing FSM_OPT pass (simple optimizations of FSMs).

24.4. Executing OPT_CLEAN pass (remove unused cells and wires).
Finding unused cells or wires in module \booth8_chip..

24.5. Executing FSM_OPT pass (simple optimizations of FSMs).

24.6. Executing FSM_RECODE pass (re-assigning FSM state encoding).

24.7. Executing FSM_INFO pass (dumping all available information on FSM cells).

24.8. Executing FSM_MAP pass (mapping FSMs to basic logic).

25. Executing OPT pass (performing simple optimizations).

25.1. Executing OPT_EXPR pass (perform const folding).
Optimizing module booth8_chip.

25.2. Executing OPT_MERGE pass (detect identical cells).
Finding identical cells in module `\booth8_chip'.
Removed a total of 0 cells.

25.3. Executing OPT_MUXTREE pass (detect dead branches in mux trees).
Running muxtree optimizer on module \booth8_chip..
  Creating internal representation of mux trees.
  Evaluating internal representation of mux trees.
  Analyzing evaluation results.
Removed 0 multiplexer ports.
<suppressed ~9 debug messages>

25.4. Executing OPT_REDUCE pass (consolidate $*mux and $reduce_* inputs).
  Optimizing cells in module \booth8_chip.
Performed a total of 0 changes.

25.5. Executing OPT_MERGE pass (detect identical cells).
Finding identical cells in module `\booth8_chip'.
Removed a total of 0 cells.

25.6. Executing OPT_DFF pass (perform DFF optimizations).
Adding EN signal on $flatten\u_core.$procdff$85 ($adff) from module booth8_chip (D = $flatten\u_core.$0\count[3:0], Q = \u_core.count).
Adding EN signal on $flatten\u_core.$procdff$84 ($adff) from module booth8_chip (D = $flatten\u_core.$0\Q_1[0:0], Q = \u_core.Q_1).
Adding EN signal on $flatten\u_core.$procdff$83 ($adff) from module booth8_chip (D = $flatten\u_core.$0\done[0:0], Q = \u_core.done).
Adding EN signal on $flatten\u_core.$procdff$82 ($adff) from module booth8_chip (D = $flatten\u_core.$4\temp[24:0] [17:2], Q = \u_core.product).
Adding EN signal on $flatten\u_core.$procdff$81 ($adff) from module booth8_chip (D = $flatten\u_core.$0\Q[7:0], Q = \u_core.Q).
Adding EN signal on $flatten\u_core.$procdff$80 ($adff) from module booth8_chip (D = \multiplicand, Q = \u_core.M).
Adding EN signal on $flatten\u_core.$procdff$79 ($adff) from module booth8_chip (D = $flatten\u_core.$0\A[15:0], Q = \u_core.A).

25.7. Executing OPT_CLEAN pass (remove unused cells and wires).
Finding unused cells or wires in module \booth8_chip..
Removed 4 unused cells and 4 unused wires.
<suppressed ~5 debug messages>

25.8. Executing OPT_EXPR pass (perform const folding).
Optimizing module booth8_chip.
<suppressed ~4 debug messages>

25.9. Rerunning OPT passes. (Maybe there is more to do..)

25.10. Executing OPT_MUXTREE pass (detect dead branches in mux trees).
Running muxtree optimizer on module \booth8_chip..
  Creating internal representation of mux trees.
  Evaluating internal representation of mux trees.
  Analyzing evaluation results.
Removed 0 multiplexer ports.
<suppressed ~7 debug messages>

25.11. Executing OPT_REDUCE pass (consolidate $*mux and $reduce_* inputs).
  Optimizing cells in module \booth8_chip.
Performed a total of 0 changes.

25.12. Executing OPT_MERGE pass (detect identical cells).
Finding identical cells in module `\booth8_chip'.
<suppressed ~9 debug messages>
Removed a total of 3 cells.

25.13. Executing OPT_DFF pass (perform DFF optimizations).

25.14. Executing OPT_CLEAN pass (remove unused cells and wires).
Finding unused cells or wires in module \booth8_chip..
Removed 0 unused cells and 3 unused wires.
<suppressed ~1 debug messages>

25.15. Executing OPT_EXPR pass (perform const folding).
Optimizing module booth8_chip.

25.16. Rerunning OPT passes. (Maybe there is more to do..)

25.17. Executing OPT_MUXTREE pass (detect dead branches in mux trees).
Running muxtree optimizer on module \booth8_chip..
  Creating internal representation of mux trees.
  Evaluating internal representation of mux trees.
  Analyzing evaluation results.
Removed 0 multiplexer ports.
<suppressed ~7 debug messages>

25.18. Executing OPT_REDUCE pass (consolidate $*mux and $reduce_* inputs).
  Optimizing cells in module \booth8_chip.
Performed a total of 0 changes.

25.19. Executing OPT_MERGE pass (detect identical cells).
Finding identical cells in module `\booth8_chip'.
Removed a total of 0 cells.

25.20. Executing OPT_DFF pass (perform DFF optimizations).

25.21. Executing OPT_CLEAN pass (remove unused cells and wires).
Finding unused cells or wires in module \booth8_chip..

25.22. Executing OPT_EXPR pass (perform const folding).
Optimizing module booth8_chip.

25.23. Finished OPT passes. (There is nothing left to do.)

26. Executing WREDUCE pass (reducing word size of cells).
Removed top 1 bits (of 2) from port B of cell booth8_chip.$flatten\u_core.$procmux$13_CMP0 ($eq).
Removed top 3 bits (of 4) from port B of cell booth8_chip.$flatten\u_core.$eq$/openlane/designs/booth8/booth8.v:66$8 ($eq).
Removed top 31 bits (of 32) from port B of cell booth8_chip.$flatten\u_core.$sub$/openlane/designs/booth8/booth8.v:64$7 ($sub).
Removed top 28 bits (of 32) from port Y of cell booth8_chip.$flatten\u_core.$sub$/openlane/designs/booth8/booth8.v:64$7 ($sub).
Removed top 28 bits (of 32) from wire booth8_chip.$flatten\u_core.$sub$/openlane/designs/booth8/booth8.v:64$7_Y.

27. Executing PEEPOPT pass (run peephole optimizers).

28. Executing OPT_CLEAN pass (remove unused cells and wires).
Finding unused cells or wires in module \booth8_chip..
Removed 0 unused cells and 1 unused wires.
<suppressed ~1 debug messages>

29. Executing ALUMACC pass (create $alu and $macc cells).
Extracting $alu and $macc cells in module booth8_chip:
  creating $macc model for $flatten\u_core.$add$/openlane/designs/booth8/booth8.v:51$4 ($add).
  creating $macc model for $flatten\u_core.$sub$/openlane/designs/booth8/booth8.v:52$5 ($sub).
  creating $macc model for $flatten\u_core.$sub$/openlane/designs/booth8/booth8.v:64$7 ($sub).
  creating $alu model for $macc $flatten\u_core.$sub$/openlane/designs/booth8/booth8.v:64$7.
  creating $alu model for $macc $flatten\u_core.$sub$/openlane/designs/booth8/booth8.v:52$5.
  creating $alu model for $macc $flatten\u_core.$add$/openlane/designs/booth8/booth8.v:51$4.
  creating $alu cell for $flatten\u_core.$add$/openlane/designs/booth8/booth8.v:51$4: $auto$alumacc.cc:485:replace_alu$112
  creating $alu cell for $flatten\u_core.$sub$/openlane/designs/booth8/booth8.v:52$5: $auto$alumacc.cc:485:replace_alu$115
  creating $alu cell for $flatten\u_core.$sub$/openlane/designs/booth8/booth8.v:64$7: $auto$alumacc.cc:485:replace_alu$118
  created 3 $alu and 0 $macc cells.

30. Executing SHARE pass (SAT-based resource sharing).

31. Executing OPT pass (performing simple optimizations).

31.1. Executing OPT_EXPR pass (perform const folding).
Optimizing module booth8_chip.

31.2. Executing OPT_MERGE pass (detect identical cells).
Finding identical cells in module `\booth8_chip'.
Removed a total of 0 cells.

31.3. Executing OPT_MUXTREE pass (detect dead branches in mux trees).
Running muxtree optimizer on module \booth8_chip..
  Creating internal representation of mux trees.
  Evaluating internal representation of mux trees.
  Analyzing evaluation results.
Removed 0 multiplexer ports.
<suppressed ~7 debug messages>

31.4. Executing OPT_REDUCE pass (consolidate $*mux and $reduce_* inputs).
  Optimizing cells in module \booth8_chip.
Performed a total of 0 changes.

31.5. Executing OPT_MERGE pass (detect identical cells).
Finding identical cells in module `\booth8_chip'.
Removed a total of 0 cells.

31.6. Executing OPT_DFF pass (perform DFF optimizations).

31.7. Executing OPT_CLEAN pass (remove unused cells and wires).
Finding unused cells or wires in module \booth8_chip..

31.8. Executing OPT_EXPR pass (perform const folding).
Optimizing module booth8_chip.

31.9. Finished OPT passes. (There is nothing left to do.)

32. Executing MEMORY pass.

32.1. Executing OPT_MEM pass (optimize memories).
Performed a total of 0 transformations.

32.2. Executing OPT_MEM_PRIORITY pass (removing unnecessary memory write priority relations).
Performed a total of 0 transformations.

32.3. Executing OPT_MEM_FEEDBACK pass (finding memory read-to-write feedback paths).

32.4. Executing MEMORY_BMUX2ROM pass (converting muxes to ROMs).

32.5. Executing MEMORY_DFF pass (merging $dff cells to $memrd).

32.6. Executing OPT_CLEAN pass (remove unused cells and wires).
Finding unused cells or wires in module \booth8_chip..

32.7. Executing MEMORY_SHARE pass (consolidating $memrd/$memwr cells).

32.8. Executing OPT_MEM_WIDEN pass (optimize memories where all ports are wide).
Performed a total of 0 transformations.

32.9. Executing OPT_CLEAN pass (remove unused cells and wires).
Finding unused cells or wires in module \booth8_chip..

32.10. Executing MEMORY_COLLECT pass (generating $mem cells).

33. Executing OPT_CLEAN pass (remove unused cells and wires).
Finding unused cells or wires in module \booth8_chip..

34. Executing OPT pass (performing simple optimizations).

34.1. Executing OPT_EXPR pass (perform const folding).
Optimizing module booth8_chip.
<suppressed ~10 debug messages>

34.2. Executing OPT_MERGE pass (detect identical cells).
Finding identical cells in module `\booth8_chip'.
Removed a total of 0 cells.

34.3. Executing OPT_DFF pass (perform DFF optimizations).

34.4. Executing OPT_CLEAN pass (remove unused cells and wires).
Finding unused cells or wires in module \booth8_chip..
Removed 0 unused cells and 6 unused wires.
<suppressed ~1 debug messages>

34.5. Finished fast OPT passes.

35. Executing MEMORY_MAP pass (converting memories to logic and flip-flops).

36. Executing OPT pass (performing simple optimizations).

36.1. Executing OPT_EXPR pass (perform const folding).
Optimizing module booth8_chip.

36.2. Executing OPT_MERGE pass (detect identical cells).
Finding identical cells in module `\booth8_chip'.
Removed a total of 0 cells.

36.3. Executing OPT_MUXTREE pass (detect dead branches in mux trees).
Running muxtree optimizer on module \booth8_chip..
  Creating internal representation of mux trees.
  Evaluating internal representation of mux trees.
  Analyzing evaluation results.
Removed 0 multiplexer ports.
<suppressed ~6 debug messages>

36.4. Executing OPT_REDUCE pass (consolidate $*mux and $reduce_* inputs).
  Optimizing cells in module \booth8_chip.
    Consolidated identical input bits for $pmux cell $flatten\u_core.$procmux$11:
      Old ports: A={ \u_core.A \u_core.Q \u_core.Q_1 }, B={ $flatten\u_core.$add$/openlane/designs/booth8/booth8.v:51$4_Y \u_core.Q \u_core.Q_1 $flatten\u_core.$sub$/openlane/designs/booth8/booth8.v:52$5_Y \u_core.Q \u_core.Q_1 }, Y=$flatten\u_core.$4\temp[24:0]
      New ports: A=\u_core.A, B={ $flatten\u_core.$add$/openlane/designs/booth8/booth8.v:51$4_Y $flatten\u_core.$sub$/openlane/designs/booth8/booth8.v:52$5_Y }, Y=$flatten\u_core.$4\temp[24:0] [24:9]
      New connections: $flatten\u_core.$4\temp[24:0] [8:0] = { \u_core.Q \u_core.Q_1 }
    Consolidated identical input bits for $mux cell $flatten\u_core.$procmux$77:
      Old ports: A={ $flatten\u_core.$4\temp[24:0] [24] $flatten\u_core.$4\temp[24:0] [24:10] }, B=16'0000000000000000, Y=$flatten\u_core.$0\A[15:0]
      New ports: A=$flatten\u_core.$4\temp[24:0] [24:10], B=15'000000000000000, Y=$flatten\u_core.$0\A[15:0] [14:0]
      New connections: $flatten\u_core.$0\A[15:0] [15] = $flatten\u_core.$0\A[15:0] [14]
  Optimizing cells in module \booth8_chip.
Performed a total of 2 changes.

36.5. Executing OPT_MERGE pass (detect identical cells).
Finding identical cells in module `\booth8_chip'.
Removed a total of 0 cells.

36.6. Executing OPT_SHARE pass.
    Found cells that share an operand and can be merged by moving the $pmux $flatten\u_core.$procmux$11 in front of them:
        $auto$alumacc.cc:485:replace_alu$115
        $auto$alumacc.cc:485:replace_alu$112

36.7. Executing OPT_DFF pass (perform DFF optimizations).

36.8. Executing OPT_CLEAN pass (remove unused cells and wires).
Finding unused cells or wires in module \booth8_chip..
Removed 0 unused cells and 6 unused wires.
<suppressed ~1 debug messages>

36.9. Executing OPT_EXPR pass (perform const folding).
Optimizing module booth8_chip.
<suppressed ~1 debug messages>

36.10. Rerunning OPT passes. (Maybe there is more to do..)

36.11. Executing OPT_MUXTREE pass (detect dead branches in mux trees).
Running muxtree optimizer on module \booth8_chip..
  Creating internal representation of mux trees.
  Evaluating internal representation of mux trees.
  Analyzing evaluation results.
Removed 0 multiplexer ports.
<suppressed ~7 debug messages>

36.12. Executing OPT_REDUCE pass (consolidate $*mux and $reduce_* inputs).
  Optimizing cells in module \booth8_chip.
    New ctrl vector for $pmux cell $flatten\u_core.$procmux$11: $auto$opt_reduce.cc:134:opt_pmux$129
  Optimizing cells in module \booth8_chip.
Performed a total of 1 changes.

36.13. Executing OPT_MERGE pass (detect identical cells).
Finding identical cells in module `\booth8_chip'.
Removed a total of 0 cells.

36.14. Executing OPT_SHARE pass.

36.15. Executing OPT_DFF pass (perform DFF optimizations).

36.16. Executing OPT_CLEAN pass (remove unused cells and wires).
Finding unused cells or wires in module \booth8_chip..

36.17. Executing OPT_EXPR pass (perform const folding).
Optimizing module booth8_chip.

36.18. Rerunning OPT passes. (Maybe there is more to do..)

36.19. Executing OPT_MUXTREE pass (detect dead branches in mux trees).
Running muxtree optimizer on module \booth8_chip..
  Creating internal representation of mux trees.
  Evaluating internal representation of mux trees.
  Analyzing evaluation results.
Removed 0 multiplexer ports.
<suppressed ~7 debug messages>

36.20. Executing OPT_REDUCE pass (consolidate $*mux and $reduce_* inputs).
  Optimizing cells in module \booth8_chip.
Performed a total of 0 changes.

36.21. Executing OPT_MERGE pass (detect identical cells).
Finding identical cells in module `\booth8_chip'.
Removed a total of 0 cells.

36.22. Executing OPT_SHARE pass.

36.23. Executing OPT_DFF pass (perform DFF optimizations).

36.24. Executing OPT_CLEAN pass (remove unused cells and wires).
Finding unused cells or wires in module \booth8_chip..

36.25. Executing OPT_EXPR pass (perform const folding).
Optimizing module booth8_chip.

36.26. Finished OPT passes. (There is nothing left to do.)

37. Executing TECHMAP pass (map to technology primitives).

37.1. Executing Verilog-2005 frontend: /build/bin/../share/yosys/techmap.v
Parsing Verilog input from `/build/bin/../share/yosys/techmap.v' to AST representation.
Generating RTLIL representation for module `\_90_simplemap_bool_ops'.
Generating RTLIL representation for module `\_90_simplemap_reduce_ops'.
Generating RTLIL representation for module `\_90_simplemap_logic_ops'.
Generating RTLIL representation for module `\_90_simplemap_compare_ops'.
Generating RTLIL representation for module `\_90_simplemap_various'.
Generating RTLIL representation for module `\_90_simplemap_registers'.
Generating RTLIL representation for module `\_90_shift_ops_shr_shl_sshl_sshr'.
Generating RTLIL representation for module `\_90_shift_shiftx'.
Generating RTLIL representation for module `\_90_fa'.
Generating RTLIL representation for module `\_90_lcu'.
Generating RTLIL representation for module `\_90_alu'.
Generating RTLIL representation for module `\_90_macc'.
Generating RTLIL representation for module `\_90_alumacc'.
Generating RTLIL representation for module `\$__div_mod_u'.
Generating RTLIL representation for module `\$__div_mod_trunc'.
Generating RTLIL representation for module `\_90_div'.
Generating RTLIL representation for module `\_90_mod'.
Generating RTLIL representation for module `\$__div_mod_floor'.
Generating RTLIL representation for module `\_90_divfloor'.
Generating RTLIL representation for module `\_90_modfloor'.
Generating RTLIL representation for module `\_90_pow'.
Generating RTLIL representation for module `\_90_pmux'.
Generating RTLIL representation for module `\_90_demux'.
Generating RTLIL representation for module `\_90_lut'.
Successfully finished Verilog frontend.

37.2. Continuing TECHMAP pass.
Using extmapper simplemap for cells of type $mux.
Running "alumacc" on wrapper $extern:wrap:$neg:A_SIGNED=0:A_WIDTH=16:Y_WIDTH=16:394426c56d1a028ba8fdd5469b163e04011def47.
Using template $extern:wrap:$neg:A_SIGNED=0:A_WIDTH=16:Y_WIDTH=16:394426c56d1a028ba8fdd5469b163e04011def47 for cells of type $extern:wrap:$neg:A_SIGNED=0:A_WIDTH=16:Y_WIDTH=16:394426c56d1a028ba8fdd5469b163e04011def47.
Using extmapper simplemap for cells of type $reduce_bool.
Using extmapper simplemap for cells of type $reduce_or.
Using extmapper simplemap for cells of type $reduce_and.
Using extmapper simplemap for cells of type $adffe.
Using extmapper simplemap for cells of type $not.
Using extmapper simplemap for cells of type $ne.
Using extmapper simplemap for cells of type $adff.
Using extmapper simplemap for cells of type $or.
Using extmapper simplemap for cells of type $and.
Using extmapper simplemap for cells of type $eq.
Using template $paramod$8742280fdebca84e1c87f2a86ed84f62d558f4cc\_90_alu for cells of type $alu.
Using template $paramod$6df0329addda9228fcc2546de2aaf14ad26c98e1\_90_alu for cells of type $alu.
Using extmapper simplemap for cells of type $logic_and.
Using extmapper simplemap for cells of type $logic_not.
Using template $paramod$02488ff6fa51b28bbfa470bdd9b0e548b3357746\_90_alu for cells of type $alu.
Using extmapper simplemap for cells of type $xor.
Using template $paramod\_90_lcu\WIDTH=32'00000000000000000000000000000100 for cells of type $lcu.
Using extmapper simplemap for cells of type $pos.
Using template $paramod\_90_lcu\WIDTH=32'00000000000000000000000000010000 for cells of type $lcu.
No more expansions possible.
<suppressed ~572 debug messages>

38. Executing OPT pass (performing simple optimizations).

38.1. Executing OPT_EXPR pass (perform const folding).
Optimizing module booth8_chip.
<suppressed ~158 debug messages>

38.2. Executing OPT_MERGE pass (detect identical cells).
Finding identical cells in module `\booth8_chip'.
<suppressed ~48 debug messages>
Removed a total of 16 cells.

38.3. Executing OPT_DFF pass (perform DFF optimizations).
Adding EN signal on $auto$ff.cc:266:slice$298 ($_DFFE_PP0P_) from module booth8_chip (D = $flatten\u_core.$0\A[15:0] [15], Q = \u_core.A [14]).

38.4. Executing OPT_CLEAN pass (remove unused cells and wires).
Finding unused cells or wires in module \booth8_chip..
Removed 19 unused cells and 157 unused wires.
<suppressed ~20 debug messages>

38.5. Rerunning OPT passes. (Removed registers in this run.)

38.6. Executing OPT_EXPR pass (perform const folding).
Optimizing module booth8_chip.
<suppressed ~4 debug messages>

38.7. Executing OPT_MERGE pass (detect identical cells).
Finding identical cells in module `\booth8_chip'.
<suppressed ~48 debug messages>
Removed a total of 16 cells.

38.8. Executing OPT_DFF pass (perform DFF optimizations).

38.9. Executing OPT_CLEAN pass (remove unused cells and wires).
Finding unused cells or wires in module \booth8_chip..
Removed 0 unused cells and 3 unused wires.
<suppressed ~1 debug messages>

38.10. Finished fast OPT passes.

39. Executing ABC pass (technology mapping using ABC).

39.1. Extracting gate netlist of module `\booth8_chip' to `<abc-temp-dir>/input.blif'..
Extracted 234 gates and 283 wires to a netlist network with 46 inputs and 44 outputs.

39.1.1. Executing ABC.
Running ABC command: "<yosys-exe-dir>/yosys-abc" -s -f <abc-temp-dir>/abc.script 2>&1
ABC: ABC command line: "source <abc-temp-dir>/abc.script".
ABC: 
ABC: + read_blif <abc-temp-dir>/input.blif 
ABC: + read_library <abc-temp-dir>/stdcells.genlib 
ABC: Entered genlib library with 13 gates from file "<abc-temp-dir>/stdcells.genlib".
ABC: + strash 
ABC: + dretime 
ABC: + map 
ABC: + write_blif <abc-temp-dir>/output.blif 

39.1.2. Re-integrating ABC results.
ABC RESULTS:             ORNOT cells:        3
ABC RESULTS:              NAND cells:       16
ABC RESULTS:               NOR cells:        8
ABC RESULTS:              XNOR cells:        6
ABC RESULTS:            ANDNOT cells:       68
ABC RESULTS:               XOR cells:       37
ABC RESULTS:                OR cells:       20
ABC RESULTS:               NOT cells:       37
ABC RESULTS:               MUX cells:       36
ABC RESULTS:        internal signals:      193
ABC RESULTS:           input signals:       46
ABC RESULTS:          output signals:       44
Removing temp directory.

40. Executing OPT pass (performing simple optimizations).

40.1. Executing OPT_EXPR pass (perform const folding).
Optimizing module booth8_chip.
<suppressed ~3 debug messages>

40.2. Executing OPT_MERGE pass (detect identical cells).
Finding identical cells in module `\booth8_chip'.
<suppressed ~15 debug messages>
Removed a total of 5 cells.

40.3. Executing OPT_DFF pass (perform DFF optimizations).

40.4. Executing OPT_CLEAN pass (remove unused cells and wires).
Finding unused cells or wires in module \booth8_chip..
Removed 0 unused cells and 134 unused wires.
<suppressed ~1 debug messages>

40.5. Finished fast OPT passes.

41. Executing HIERARCHY pass (managing design hierarchy).

41.1. Analyzing design hierarchy..
Top module:  \booth8_chip

41.2. Analyzing design hierarchy..
Top module:  \booth8_chip
Removed 0 unused modules.

42. Printing statistics.

=== booth8_chip ===

   Number of wires:                246
   Number of wire bits:            336
   Number of public wires:          20
   Number of public wire bits:     110
   Number of memories:               0
   Number of memory bits:            0
   Number of processes:              0
   Number of cells:                280
     $_ANDNOT_                      68
     $_DFFE_PP0P_                   53
     $_DFF_PP0_                      1
     $_MUX_                         34
     $_NAND_                        16
     $_NOR_                          8
     $_NOT_                         37
     $_ORNOT_                        3
     $_OR_                          18
     $_XNOR_                         6
     $_XOR_                         36

43. Executing CHECK pass (checking for obvious problems).
Checking module booth8_chip...
Found and reported 0 problems.

44. Generating Graphviz representation of design.
Writing dot description to `/openlane/designs/booth8_chip/runs/RUN_2026.02.14_13.42.57/tmp/synthesis/post_techmap.dot'.
Dumping module booth8_chip to page 1.

45. Executing SHARE pass (SAT-based resource sharing).

46. Executing OPT pass (performing simple optimizations).

46.1. Executing OPT_EXPR pass (perform const folding).
Optimizing module booth8_chip.

46.2. Executing OPT_MERGE pass (detect identical cells).
Finding identical cells in module `\booth8_chip'.
Removed a total of 0 cells.

46.3. Executing OPT_MUXTREE pass (detect dead branches in mux trees).
Running muxtree optimizer on module \booth8_chip..
  Creating internal representation of mux trees.
  No muxes found in this module.
Removed 0 multiplexer ports.

46.4. Executing OPT_REDUCE pass (consolidate $*mux and $reduce_* inputs).
  Optimizing cells in module \booth8_chip.
Performed a total of 0 changes.

46.5. Executing OPT_MERGE pass (detect identical cells).
Finding identical cells in module `\booth8_chip'.
Removed a total of 0 cells.

46.6. Executing OPT_DFF pass (perform DFF optimizations).

46.7. Executing OPT_CLEAN pass (remove unused cells and wires).
Finding unused cells or wires in module \booth8_chip..

46.8. Executing OPT_EXPR pass (perform const folding).
Optimizing module booth8_chip.

46.9. Finished OPT passes. (There is nothing left to do.)

47. Executing OPT_CLEAN pass (remove unused cells and wires).
Finding unused cells or wires in module \booth8_chip..
Removed 0 unused cells and 7 unused wires.
<suppressed ~7 debug messages>

48. Printing statistics.

=== booth8_chip ===

   Number of wires:                239
   Number of wire bits:            300
   Number of public wires:          13
   Number of public wire bits:      74
   Number of memories:               0
   Number of memory bits:            0
   Number of processes:              0
   Number of cells:                280
     $_ANDNOT_                      68
     $_DFFE_PP0P_                   53
     $_DFF_PP0_                      1
     $_MUX_                         34
     $_NAND_                        16
     $_NOR_                          8
     $_NOT_                         37
     $_ORNOT_                        3
     $_OR_                          18
     $_XNOR_                         6
     $_XOR_                         36

mapping tbuf

49. Executing TECHMAP pass (map to technology primitives).

49.1. Executing Verilog-2005 frontend: /home/charan/.ciel/sky130A/libs.tech/openlane/sky130_fd_sc_hd/tribuff_map.v
Parsing Verilog input from `/home/charan/.ciel/sky130A/libs.tech/openlane/sky130_fd_sc_hd/tribuff_map.v' to AST representation.
Generating RTLIL representation for module `\$_TBUF_'.
Successfully finished Verilog frontend.

49.2. Continuing TECHMAP pass.
No more expansions possible.
<suppressed ~3 debug messages>

50. Executing SIMPLEMAP pass (map simple cells to gate primitives).

51. Executing TECHMAP pass (map to technology primitives).

51.1. Executing Verilog-2005 frontend: /home/charan/.ciel/sky130A/libs.tech/openlane/sky130_fd_sc_hd/latch_map.v
Parsing Verilog input from `/home/charan/.ciel/sky130A/libs.tech/openlane/sky130_fd_sc_hd/latch_map.v' to AST representation.
Generating RTLIL representation for module `\$_DLATCH_P_'.
Generating RTLIL representation for module `\$_DLATCH_N_'.
Successfully finished Verilog frontend.

51.2. Continuing TECHMAP pass.
No more expansions possible.
<suppressed ~4 debug messages>

52. Executing SIMPLEMAP pass (map simple cells to gate primitives).

53. Executing DFFLIBMAP pass (mapping DFF cells to sequential cells from liberty file).
  cell sky130_fd_sc_hd__dfxtp_2 (noninv, pins=3, area=21.27) is a direct match for cell type $_DFF_P_.
  cell sky130_fd_sc_hd__dfrtp_2 (noninv, pins=4, area=26.28) is a direct match for cell type $_DFF_PN0_.
  cell sky130_fd_sc_hd__dfstp_2 (noninv, pins=4, area=26.28) is a direct match for cell type $_DFF_PN1_.
  cell sky130_fd_sc_hd__dfbbn_2 (noninv, pins=6, area=35.03) is a direct match for cell type $_DFFSR_NNN_.
  final dff cell mappings:
    unmapped dff cell: $_DFF_N_
    \sky130_fd_sc_hd__dfxtp_2 _DFF_P_ (.CLK( C), .D( D), .Q( Q));
    unmapped dff cell: $_DFF_NN0_
    unmapped dff cell: $_DFF_NN1_
    unmapped dff cell: $_DFF_NP0_
    unmapped dff cell: $_DFF_NP1_
    \sky130_fd_sc_hd__dfrtp_2 _DFF_PN0_ (.CLK( C), .D( D), .Q( Q), .RESET_B( R));
    \sky130_fd_sc_hd__dfstp_2 _DFF_PN1_ (.CLK( C), .D( D), .Q( Q), .SET_B( R));
    unmapped dff cell: $_DFF_PP0_
    unmapped dff cell: $_DFF_PP1_
    \sky130_fd_sc_hd__dfbbn_2 _DFFSR_NNN_ (.CLK_N( C), .D( D), .Q( Q), .Q_N(~Q), .RESET_B( R), .SET_B( S));
    unmapped dff cell: $_DFFSR_NNP_
    unmapped dff cell: $_DFFSR_NPN_
    unmapped dff cell: $_DFFSR_NPP_
    unmapped dff cell: $_DFFSR_PNN_
    unmapped dff cell: $_DFFSR_PNP_
    unmapped dff cell: $_DFFSR_PPN_
    unmapped dff cell: $_DFFSR_PPP_

53.1. Executing DFFLEGALIZE pass (convert FFs to types supported by the target).
Mapping DFF cells in module `\booth8_chip':
  mapped 54 $_DFF_PN0_ cells to \sky130_fd_sc_hd__dfrtp_2 cells.

54. Printing statistics.

=== booth8_chip ===

   Number of wires:                346
   Number of wire bits:            407
   Number of public wires:          13
   Number of public wire bits:      74
   Number of memories:               0
   Number of memory bits:            0
   Number of processes:              0
   Number of cells:                387
     $_ANDNOT_                      68
     $_MUX_                         87
     $_NAND_                        16
     $_NOR_                          8
     $_NOT_                         91
     $_ORNOT_                        3
     $_OR_                          18
     $_XNOR_                         6
     $_XOR_                         36
     sky130_fd_sc_hd__dfrtp_2       54

[INFO]: USING STRATEGY DELAY 1

55. Executing ABC pass (technology mapping using ABC).

55.1. Extracting gate netlist of module `\booth8_chip' to `/tmp/yosys-abc-KAZgmh/input.blif'..
Extracted 333 gates and 405 wires to a netlist network with 72 inputs and 108 outputs.

55.1.1. Executing ABC.
Running ABC command: "/build/bin/yosys-abc" -s -f /tmp/yosys-abc-KAZgmh/abc.script 2>&1
ABC: ABC command line: "source /tmp/yosys-abc-KAZgmh/abc.script".
ABC: 
ABC: + read_blif /tmp/yosys-abc-KAZgmh/input.blif 
ABC: + read_lib -w /openlane/designs/booth8_chip/runs/RUN_2026.02.14_13.42.57/tmp/synthesis/trimmed.lib 
ABC: Parsing finished successfully.  Parsing time =     0.05 sec
ABC: Scl_LibertyReadGenlib() skipped sequential cell "sky130_fd_sc_hd__dfbbn_2".
ABC: Scl_LibertyReadGenlib() skipped sequential cell "sky130_fd_sc_hd__dfrbp_2".
ABC: Scl_LibertyReadGenlib() skipped sequential cell "sky130_fd_sc_hd__dfrtp_2".
ABC: Scl_LibertyReadGenlib() skipped sequential cell "sky130_fd_sc_hd__dfrtp_4".
ABC: Scl_LibertyReadGenlib() skipped sequential cell "sky130_fd_sc_hd__dfsbp_2".
ABC: Scl_LibertyReadGenlib() skipped sequential cell "sky130_fd_sc_hd__dfstp_2".
ABC: Scl_LibertyReadGenlib() skipped sequential cell "sky130_fd_sc_hd__dfstp_4".
ABC: Scl_LibertyReadGenlib() skipped sequential cell "sky130_fd_sc_hd__dfxbp_2".
ABC: Scl_LibertyReadGenlib() skipped sequential cell "sky130_fd_sc_hd__dfxtp_2".
ABC: Scl_LibertyReadGenlib() skipped sequential cell "sky130_fd_sc_hd__dfxtp_4".
ABC: Scl_LibertyReadGenlib() skipped sequential cell "sky130_fd_sc_hd__dlxtn_1".
ABC: Scl_LibertyReadGenlib() skipped sequential cell "sky130_fd_sc_hd__dlxtn_2".
ABC: Scl_LibertyReadGenlib() skipped sequential cell "sky130_fd_sc_hd__dlxtn_4".
ABC: Scl_LibertyReadGenlib() skipped sequential cell "sky130_fd_sc_hd__dlxtp_1".
ABC: Scl_LibertyReadGenlib() skipped three-state cell "sky130_fd_sc_hd__ebufn_2".
ABC: Scl_LibertyReadGenlib() skipped three-state cell "sky130_fd_sc_hd__ebufn_4".
ABC: Scl_LibertyReadGenlib() skipped three-state cell "sky130_fd_sc_hd__ebufn_8".
ABC: Library "sky130A_merged" from "/openlane/designs/booth8_chip/runs/RUN_2026.02.14_13.42.57/tmp/synthesis/trimmed.lib" has 175 cells (17 skipped: 14 seq; 3 tri-state; 0 no func; 0 dont_use).  Time =     0.09 sec
ABC: Memory =    9.54 MB. Time =     0.09 sec
ABC: Warning: Detected 2 multi-output gates (for example, "sky130_fd_sc_hd__fa_1").
ABC: + read_constr -v /openlane/designs/booth8_chip/runs/RUN_2026.02.14_13.42.57/tmp/synthesis/synthesis.sdc 
ABC: Setting driving cell to be "sky130_fd_sc_hd__inv_2".
ABC: Setting output load to be 33.442001.
ABC: + read_constr /openlane/designs/booth8_chip/runs/RUN_2026.02.14_13.42.57/tmp/synthesis/synthesis.sdc 
ABC: + fx 
ABC: + mfs 
ABC: + strash 
ABC: + refactor 
ABC: + balance 
ABC: + rewrite 
ABC: + refactor 
ABC: + balance 
ABC: + rewrite 
ABC: + rewrite -z 
ABC: + balance 
ABC: + refactor -z 
ABC: + rewrite -z 
ABC: + balance 
ABC: + retime -D -D 10000 -M 6 
ABC: + scleanup 
ABC: Error: The network is combinational.
ABC: + fraig_store 
ABC: + balance 
ABC: + fraig_store 
ABC: + balance 
ABC: + rewrite 
ABC: + refactor 
ABC: + balance 
ABC: + rewrite 
ABC: + rewrite -z 
ABC: + balance 
ABC: + refactor -z 
ABC: + rewrite -z 
ABC: + balance 
ABC: + fraig_store 
ABC: + balance 
ABC: + rewrite 
ABC: + refactor 
ABC: + balance 
ABC: + rewrite 
ABC: + rewrite -z 
ABC: + balance 
ABC: + refactor -z 
ABC: + rewrite -z 
ABC: + balance 
ABC: + fraig_store 
ABC: + balance 
ABC: + rewrite 
ABC: + refactor 
ABC: + balance 
ABC: + rewrite 
ABC: + rewrite -z 
ABC: + balance 
ABC: + refactor -z 
ABC: + rewrite -z 
ABC: + balance 
ABC: + fraig_store 
ABC: + fraig_restore 
ABC: + map -p -B 0.2 -A 0.9 -M 0 
ABC: The cell areas are multiplied by the factor: <num_fanins> ^ (0.90).
ABC: The cell delays are multiplied by the factor: <num_fanins> ^ (0.20).
ABC: + fraig_store 
ABC: + balance 
ABC: + fraig_store 
ABC: + balance 
ABC: + rewrite 
ABC: + refactor 
ABC: + balance 
ABC: + rewrite 
ABC: + rewrite -z 
ABC: + balance 
ABC: + refactor -z 
ABC: + rewrite -z 
ABC: + balance 
ABC: + fraig_store 
ABC: + balance 
ABC: + rewrite 
ABC: + refactor 
ABC: + balance 
ABC: + rewrite 
ABC: + rewrite -z 
ABC: + balance 
ABC: + refactor -z 
ABC: + rewrite -z 
ABC: + balance 
ABC: + fraig_store 
ABC: + balance 
ABC: + rewrite 
ABC: + refactor 
ABC: + balance 
ABC: + rewrite 
ABC: + rewrite -z 
ABC: + balance 
ABC: + refactor -z 
ABC: + rewrite -z 
ABC: + balance 
ABC: + fraig_store 
ABC: + fraig_restore 
ABC: + map 
ABC: + 
ABC: + retime -D -D 10000 
ABC: + &get -n 
ABC: + &st 
ABC: + &dch 
ABC: + &nf 
ABC: + &put 
ABC: + buffer -N 10 -S 750.0 
ABC: + upsize -D 10000 
ABC: Current delay (2199.69 ps) does not exceed the target delay (10000.00 ps). Upsizing is not performed.
ABC: + dnsize -D 10000 
ABC: + stime -p 
ABC: WireLoad = "none"  Gates =    347 ( 30.5 %)   Cap = 15.7 ff (  5.3 %)   Area =     2787.67 ( 69.5 %)   Delay =  2673.08 ps  (  8.9 %)               
ABC: Path  0 --      24 : 0    4 pi                        A =   0.00  Df =  45.3  -25.6 ps  S =  68.5 ps  Cin =  0.0 ff  Cout =  13.5 ff  Cmax =   0.0 ff  G =    0  
ABC: Path  1 --     189 : 2    7 sky130_fd_sc_hd__nor2_2   A =   6.26  Df = 290.1 -122.9 ps  S = 313.5 ps  Cin =  4.4 ff  Cout =  27.5 ff  Cmax = 141.9 ff  G =  599  
ABC: Path  2 --     191 : 4    3 sky130_fd_sc_hd__nand4b_2 A =  15.01  Df = 469.7 -176.4 ps  S = 134.9 ps  Cin =  3.7 ff  Cout =  11.8 ff  Cmax = 200.5 ff  G =  300  
ABC: Path  3 --     194 : 3    4 sky130_fd_sc_hd__a21oi_2  A =   8.76  Df = 785.7  -73.4 ps  S = 307.0 ps  Cin =  4.6 ff  Cout =  23.7 ff  Cmax = 128.2 ff  G =  500  
ABC: Path  4 --     195 : 1   10 sky130_fd_sc_hd__buf_1    A =   3.75  Df =1349.4 -311.6 ps  S = 675.7 ps  Cin =  2.1 ff  Cout =  58.0 ff  Cmax = 130.0 ff  G = 2652  
ABC: Path  5 --     275 : 2    4 sky130_fd_sc_hd__xor2_2   A =  16.27  Df =1782.9 -477.6 ps  S = 265.3 ps  Cin =  8.6 ff  Cout =  16.2 ff  Cmax = 130.0 ff  G =  181  
ABC: Path  6 --     277 : 4    1 sky130_fd_sc_hd__nand4_2  A =  12.51  Df =1913.2 -484.7 ps  S =  97.1 ps  Cin =  4.4 ff  Cout =   4.7 ff  Cmax = 200.5 ff  G =  101  
ABC: Path  7 --     278 : 3    2 sky130_fd_sc_hd__a21oi_2  A =   8.76  Df =2077.4 -497.3 ps  S = 152.3 ps  Cin =  4.6 ff  Cout =   9.4 ff  Cmax = 128.2 ff  G =  193  
ABC: Path  8 --     305 : 3    3 sky130_fd_sc_hd__o21bai_2 A =  11.26  Df =2176.9 -426.2 ps  S = 182.1 ps  Cin =  3.4 ff  Cout =  12.0 ff  Cmax = 140.1 ff  G =  341  
ABC: Path  9 --     320 : 4    1 sky130_fd_sc_hd__a22o_2   A =  10.01  Df =2386.4 -168.8 ps  S =  39.4 ps  Cin =  2.3 ff  Cout =   2.5 ff  Cmax = 301.2 ff  G =  100  
ABC: Path 10 --     322 : 4    1 sky130_fd_sc_hd__a22o_2   A =  10.01  Df =2673.1 -226.3 ps  S = 179.7 ps  Cin =  2.3 ff  Cout =  33.4 ff  Cmax = 301.2 ff  G = 1424  
ABC: Start-point = pi23 (\u_core.M [3]).  End-point = po3 ($auto$rtlil.cc:2607:MuxGate$1286).
ABC: + print_stats -m 
ABC: netlist                       : i/o =   72/  108  lat =    0  nd =   347  edge =    906  area =1234.38  delay =1603.44  lev = 14
ABC: + write_blif /tmp/yosys-abc-KAZgmh/output.blif 

55.1.2. Re-integrating ABC results.
ABC RESULTS:   sky130_fd_sc_hd__nand4b_2 cells:        1
ABC RESULTS:   sky130_fd_sc_hd__o41a_2 cells:        1
ABC RESULTS:   sky130_fd_sc_hd__a32oi_2 cells:        1
ABC RESULTS:   sky130_fd_sc_hd__o211a_2 cells:        1
ABC RESULTS:   sky130_fd_sc_hd__or2b_2 cells:        1
ABC RESULTS:   sky130_fd_sc_hd__nand3b_2 cells:        2
ABC RESULTS:   sky130_fd_sc_hd__o31ai_2 cells:        1
ABC RESULTS:   sky130_fd_sc_hd__o2111a_2 cells:        2
ABC RESULTS:   sky130_fd_sc_hd__nand4_2 cells:        2
ABC RESULTS:   sky130_fd_sc_hd__a311o_2 cells:        1
ABC RESULTS:   sky130_fd_sc_hd__xor2_2 cells:        6
ABC RESULTS:   sky130_fd_sc_hd__a31oi_2 cells:        1
ABC RESULTS:   sky130_fd_sc_hd__o21bai_2 cells:        7
ABC RESULTS:   sky130_fd_sc_hd__or3_2 cells:        1
ABC RESULTS:   sky130_fd_sc_hd__and2_2 cells:        2
ABC RESULTS:   sky130_fd_sc_hd__a21boi_2 cells:        1
ABC RESULTS:   sky130_fd_sc_hd__a211o_2 cells:        5
ABC RESULTS:   sky130_fd_sc_hd__or3b_2 cells:        3
ABC RESULTS:   sky130_fd_sc_hd__o22ai_2 cells:        3
ABC RESULTS:   sky130_fd_sc_hd__o2bb2ai_2 cells:        2
ABC RESULTS:   sky130_fd_sc_hd__nand3_2 cells:        9
ABC RESULTS:   sky130_fd_sc_hd__a41oi_2 cells:        1
ABC RESULTS:   sky130_fd_sc_hd__o31a_2 cells:        5
ABC RESULTS:   sky130_fd_sc_hd__o2111ai_2 cells:        2
ABC RESULTS:   sky130_fd_sc_hd__a22oi_2 cells:        4
ABC RESULTS:   sky130_fd_sc_hd__a41o_2 cells:        2
ABC RESULTS:   sky130_fd_sc_hd__o221a_2 cells:        1
ABC RESULTS:   sky130_fd_sc_hd__a21o_2 cells:        8
ABC RESULTS:   sky130_fd_sc_hd__nor2_2 cells:        7
ABC RESULTS:   sky130_fd_sc_hd__o221ai_2 cells:        2
ABC RESULTS:   sky130_fd_sc_hd__o22a_2 cells:        3
ABC RESULTS:   sky130_fd_sc_hd__and2b_2 cells:        2
ABC RESULTS:   sky130_fd_sc_hd__o32a_2 cells:        1
ABC RESULTS:   sky130_fd_sc_hd__and3_2 cells:        6
ABC RESULTS:   sky130_fd_sc_hd__a221o_2 cells:        3
ABC RESULTS:   sky130_fd_sc_hd__a31o_2 cells:       14
ABC RESULTS:   sky130_fd_sc_hd__nor4b_2 cells:        1
ABC RESULTS:   sky130_fd_sc_hd__or4b_2 cells:        1
ABC RESULTS:   sky130_fd_sc_hd__a32o_2 cells:        3
ABC RESULTS:   sky130_fd_sc_hd__a2bb2o_2 cells:        6
ABC RESULTS:   sky130_fd_sc_hd__mux2_2 cells:       20
ABC RESULTS:   sky130_fd_sc_hd__o21a_2 cells:        4
ABC RESULTS:   sky130_fd_sc_hd__a22o_2 cells:       19
ABC RESULTS:   sky130_fd_sc_hd__or4_2 cells:        1
ABC RESULTS:   sky130_fd_sc_hd__or2_2 cells:        4
ABC RESULTS:   sky130_fd_sc_hd__nand2_2 cells:       18
ABC RESULTS:   sky130_fd_sc_hd__o211ai_2 cells:        7
ABC RESULTS:   sky130_fd_sc_hd__o21ai_2 cells:       23
ABC RESULTS:   sky130_fd_sc_hd__a21bo_2 cells:        2
ABC RESULTS:   sky130_fd_sc_hd__a21oi_2 cells:       18
ABC RESULTS:   sky130_fd_sc_hd__buf_1 cells:       41
ABC RESULTS:   sky130_fd_sc_hd__inv_2 cells:       65
ABC RESULTS:        internal signals:      225
ABC RESULTS:           input signals:       72
ABC RESULTS:          output signals:      108
Removing temp directory.

56. Executing SETUNDEF pass (replace undef values with defined constants).

57. Executing HILOMAP pass (mapping to constant drivers).

58. Executing SPLITNETS pass (splitting up multi-bit signals).

59. Executing OPT_CLEAN pass (remove unused cells and wires).
Finding unused cells or wires in module \booth8_chip..
Removed 0 unused cells and 406 unused wires.
<suppressed ~2 debug messages>

60. Executing INSBUF pass (insert buffer cells for connected wires).

61. Executing CHECK pass (checking for obvious problems).
Checking module booth8_chip...
Warning: Wire booth8_chip.\product [15] is used but has no driver.
Warning: Wire booth8_chip.\product [14] is used but has no driver.
Warning: Wire booth8_chip.\product [13] is used but has no driver.
Warning: Wire booth8_chip.\product [12] is used but has no driver.
Warning: Wire booth8_chip.\product [11] is used but has no driver.
Warning: Wire booth8_chip.\product [10] is used but has no driver.
Warning: Wire booth8_chip.\product [9] is used but has no driver.
Warning: Wire booth8_chip.\product [8] is used but has no driver.
Warning: Wire booth8_chip.\product [7] is used but has no driver.
Warning: Wire booth8_chip.\product [6] is used but has no driver.
Warning: Wire booth8_chip.\product [5] is used but has no driver.
Warning: Wire booth8_chip.\product [4] is used but has no driver.
Warning: Wire booth8_chip.\product [3] is used but has no driver.
Warning: Wire booth8_chip.\product [2] is used but has no driver.
Warning: Wire booth8_chip.\product [1] is used but has no driver.
Warning: Wire booth8_chip.\product [0] is used but has no driver.
Warning: Wire booth8_chip.\done is used but has no driver.
Found and reported 17 problems.

62. Printing statistics.

=== booth8_chip ===

   Number of wires:                391
   Number of wire bits:            420
   Number of public wires:          44
   Number of public wire bits:      73
   Number of memories:               0
   Number of memory bits:            0
   Number of processes:              0
   Number of cells:                401
     sky130_fd_sc_hd__a211o_2        5
     sky130_fd_sc_hd__a21bo_2        2
     sky130_fd_sc_hd__a21boi_2       1
     sky130_fd_sc_hd__a21o_2         8
     sky130_fd_sc_hd__a21oi_2       18
     sky130_fd_sc_hd__a221o_2        3
     sky130_fd_sc_hd__a22o_2        19
     sky130_fd_sc_hd__a22oi_2        4
     sky130_fd_sc_hd__a2bb2o_2       6
     sky130_fd_sc_hd__a311o_2        1
     sky130_fd_sc_hd__a31o_2        14
     sky130_fd_sc_hd__a31oi_2        1
     sky130_fd_sc_hd__a32o_2         3
     sky130_fd_sc_hd__a32oi_2        1
     sky130_fd_sc_hd__a41o_2         2
     sky130_fd_sc_hd__a41oi_2        1
     sky130_fd_sc_hd__and2_2         2
     sky130_fd_sc_hd__and2b_2        2
     sky130_fd_sc_hd__and3_2         6
     sky130_fd_sc_hd__buf_1         41
     sky130_fd_sc_hd__dfrtp_2       54
     sky130_fd_sc_hd__inv_2         65
     sky130_fd_sc_hd__mux2_2        20
     sky130_fd_sc_hd__nand2_2       18
     sky130_fd_sc_hd__nand3_2        9
     sky130_fd_sc_hd__nand3b_2       2
     sky130_fd_sc_hd__nand4_2        2
     sky130_fd_sc_hd__nand4b_2       1
     sky130_fd_sc_hd__nor2_2         7
     sky130_fd_sc_hd__nor4b_2        1
     sky130_fd_sc_hd__o2111a_2       2
     sky130_fd_sc_hd__o2111ai_2      2
     sky130_fd_sc_hd__o211a_2        1
     sky130_fd_sc_hd__o211ai_2       7
     sky130_fd_sc_hd__o21a_2         4
     sky130_fd_sc_hd__o21ai_2       23
     sky130_fd_sc_hd__o21bai_2       7
     sky130_fd_sc_hd__o221a_2        1
     sky130_fd_sc_hd__o221ai_2       2
     sky130_fd_sc_hd__o22a_2         3
     sky130_fd_sc_hd__o22ai_2        3
     sky130_fd_sc_hd__o2bb2ai_2      2
     sky130_fd_sc_hd__o31a_2         5
     sky130_fd_sc_hd__o31ai_2        1
     sky130_fd_sc_hd__o32a_2         1
     sky130_fd_sc_hd__o41a_2         1
     sky130_fd_sc_hd__or2_2          4
     sky130_fd_sc_hd__or2b_2         1
     sky130_fd_sc_hd__or3_2          1
     sky130_fd_sc_hd__or3b_2         3
     sky130_fd_sc_hd__or4_2          1
     sky130_fd_sc_hd__or4b_2         1
     sky130_fd_sc_hd__xor2_2         6

   Chip area for module '\booth8_chip': 4206.534400

63. Executing Verilog backend.
Dumping module `\booth8_chip'.

Warnings: 17 unique messages, 17 total
End of script. Logfile hash: 15236fc082, CPU: user 0.74s system 0.01s, MEM: 29.54 MB peak
Yosys 0.30+48 (git sha1 14d50a176d5, gcc 8.3.1 -fPIC -Os)
Time spent: 55% 2x abc (0 sec), 8% 4x stat (0 sec), ...
